Archive member included to satisfy reference by file (symbol)

c:/progra~1/gcc-arm-none-eabi-10.3-2021.10/bin/../lib/gcc/arm-none-eabi/10.3.1/../../../../arm-none-eabi/lib/thumb/v7-m/nofp\libg.a(lib_a-errno.o)
                              CMakeFiles/toy_car_controller.elf.dir/Core/Src/syscalls.c.obj (__errno)
c:/progra~1/gcc-arm-none-eabi-10.3-2021.10/bin/../lib/gcc/arm-none-eabi/10.3.1/../../../../arm-none-eabi/lib/thumb/v7-m/nofp\libg.a(lib_a-exit.o)
                              c:/progra~1/gcc-arm-none-eabi-10.3-2021.10/bin/../lib/gcc/arm-none-eabi/10.3.1/../../../../arm-none-eabi/lib/thumb/v7-m/nofp/crt0.o (exit)
c:/progra~1/gcc-arm-none-eabi-10.3-2021.10/bin/../lib/gcc/arm-none-eabi/10.3.1/../../../../arm-none-eabi/lib/thumb/v7-m/nofp\libg.a(lib_a-impure.o)
                              c:/progra~1/gcc-arm-none-eabi-10.3-2021.10/bin/../lib/gcc/arm-none-eabi/10.3.1/../../../../arm-none-eabi/lib/thumb/v7-m/nofp\libg.a(lib_a-exit.o) (_global_impure_ptr)
c:/progra~1/gcc-arm-none-eabi-10.3-2021.10/bin/../lib/gcc/arm-none-eabi/10.3.1/../../../../arm-none-eabi/lib/thumb/v7-m/nofp\libg.a(lib_a-init.o)
                              c:/progra~1/gcc-arm-none-eabi-10.3-2021.10/bin/../lib/gcc/arm-none-eabi/10.3.1/../../../../arm-none-eabi/lib/thumb/v7-m/nofp/crt0.o (__libc_init_array)
c:/progra~1/gcc-arm-none-eabi-10.3-2021.10/bin/../lib/gcc/arm-none-eabi/10.3.1/../../../../arm-none-eabi/lib/thumb/v7-m/nofp\libg.a(lib_a-memcpy.o)
                              CMakeFiles/toy_car_controller.elf.dir/Middlewares/Third_Party/FreeRTOS/Source/queue.c.obj (memcpy)
c:/progra~1/gcc-arm-none-eabi-10.3-2021.10/bin/../lib/gcc/arm-none-eabi/10.3.1/../../../../arm-none-eabi/lib/thumb/v7-m/nofp\libg.a(lib_a-memset.o)
                              c:/progra~1/gcc-arm-none-eabi-10.3-2021.10/bin/../lib/gcc/arm-none-eabi/10.3.1/../../../../arm-none-eabi/lib/thumb/v7-m/nofp/crt0.o (memset)
c:/progra~1/gcc-arm-none-eabi-10.3-2021.10/bin/../lib/gcc/arm-none-eabi/10.3.1/../../../../arm-none-eabi/lib/thumb/v7-m/nofp\libg.a(lib_a-__call_atexit.o)
                              c:/progra~1/gcc-arm-none-eabi-10.3-2021.10/bin/../lib/gcc/arm-none-eabi/10.3.1/../../../../arm-none-eabi/lib/thumb/v7-m/nofp\libg.a(lib_a-exit.o) (__call_exitprocs)
c:/progra~1/gcc-arm-none-eabi-10.3-2021.10/bin/../lib/gcc/arm-none-eabi/10.3.1/../../../../arm-none-eabi/lib/thumb/v7-m/nofp\libg.a(lib_a-atexit.o)
                              c:/progra~1/gcc-arm-none-eabi-10.3-2021.10/bin/../lib/gcc/arm-none-eabi/10.3.1/../../../../arm-none-eabi/lib/thumb/v7-m/nofp\libg.a(lib_a-__call_atexit.o) (atexit)
c:/progra~1/gcc-arm-none-eabi-10.3-2021.10/bin/../lib/gcc/arm-none-eabi/10.3.1/../../../../arm-none-eabi/lib/thumb/v7-m/nofp\libg.a(lib_a-fini.o)
                              c:/progra~1/gcc-arm-none-eabi-10.3-2021.10/bin/../lib/gcc/arm-none-eabi/10.3.1/../../../../arm-none-eabi/lib/thumb/v7-m/nofp\libg.a(lib_a-__call_atexit.o) (__libc_fini_array)
c:/progra~1/gcc-arm-none-eabi-10.3-2021.10/bin/../lib/gcc/arm-none-eabi/10.3.1/../../../../arm-none-eabi/lib/thumb/v7-m/nofp\libg.a(lib_a-lock.o)
                              c:/progra~1/gcc-arm-none-eabi-10.3-2021.10/bin/../lib/gcc/arm-none-eabi/10.3.1/../../../../arm-none-eabi/lib/thumb/v7-m/nofp\libg.a(lib_a-__call_atexit.o) (__retarget_lock_acquire_recursive)
c:/progra~1/gcc-arm-none-eabi-10.3-2021.10/bin/../lib/gcc/arm-none-eabi/10.3.1/../../../../arm-none-eabi/lib/thumb/v7-m/nofp\libg.a(lib_a-__atexit.o)
                              c:/progra~1/gcc-arm-none-eabi-10.3-2021.10/bin/../lib/gcc/arm-none-eabi/10.3.1/../../../../arm-none-eabi/lib/thumb/v7-m/nofp\libg.a(lib_a-atexit.o) (__register_exitproc)

Discarded input sections

 .text          0x00000000        0x0 c:/progra~1/gcc-arm-none-eabi-10.3-2021.10/bin/../lib/gcc/arm-none-eabi/10.3.1/thumb/v7-m/nofp/crti.o
 .data          0x00000000        0x0 c:/progra~1/gcc-arm-none-eabi-10.3-2021.10/bin/../lib/gcc/arm-none-eabi/10.3.1/thumb/v7-m/nofp/crti.o
 .bss           0x00000000        0x0 c:/progra~1/gcc-arm-none-eabi-10.3-2021.10/bin/../lib/gcc/arm-none-eabi/10.3.1/thumb/v7-m/nofp/crti.o
 .data          0x00000000        0x4 c:/progra~1/gcc-arm-none-eabi-10.3-2021.10/bin/../lib/gcc/arm-none-eabi/10.3.1/thumb/v7-m/nofp/crtbegin.o
 .rodata        0x00000000       0x24 c:/progra~1/gcc-arm-none-eabi-10.3-2021.10/bin/../lib/gcc/arm-none-eabi/10.3.1/thumb/v7-m/nofp/crtbegin.o
 .text          0x00000000       0x7c c:/progra~1/gcc-arm-none-eabi-10.3-2021.10/bin/../lib/gcc/arm-none-eabi/10.3.1/../../../../arm-none-eabi/lib/thumb/v7-m/nofp/crt0.o
 .data          0x00000000        0x0 c:/progra~1/gcc-arm-none-eabi-10.3-2021.10/bin/../lib/gcc/arm-none-eabi/10.3.1/../../../../arm-none-eabi/lib/thumb/v7-m/nofp/crt0.o
 .bss           0x00000000        0x0 c:/progra~1/gcc-arm-none-eabi-10.3-2021.10/bin/../lib/gcc/arm-none-eabi/10.3.1/../../../../arm-none-eabi/lib/thumb/v7-m/nofp/crt0.o
[...]
Memory Configuration

Name             Origin             Length             Attributes
RAM              0x20000000         0x00005000         xrw
FLASH            0x08000000         0x00010000         xr
*default*        0x00000000         0xffffffff

Linker script and memory map

LOAD c:/progra~1/gcc-arm-none-eabi-10.3-2021.10/bin/../lib/gcc/arm-none-eabi/10.3.1/thumb/v7-m/nofp/crti.o
LOAD c:/progra~1/gcc-arm-none-eabi-10.3-2021.10/bin/../lib/gcc/arm-none-eabi/10.3.1/thumb/v7-m/nofp/crtbegin.o
LOAD c:/progra~1/gcc-arm-none-eabi-10.3-2021.10/bin/../lib/gcc/arm-none-eabi/10.3.1/../../../../arm-none-eabi/lib/thumb/v7-m/nofp/crt0.o
LOAD CMakeFiles/toy_car_controller.elf.dir/Core/Src/adc.c.obj
LOAD CMakeFiles/toy_car_controller.elf.dir/Core/Src/freertos.c.obj
LOAD CMakeFiles/toy_car_controller.elf.dir/Core/Src/gpio.c.obj
LOAD CMakeFiles/toy_car_controller.elf.dir/Core/Src/main.c.obj
LOAD CMakeFiles/toy_car_controller.elf.dir/Core/Src/nrf24l01p.c.obj
LOAD CMakeFiles/toy_car_controller.elf.dir/Core/Src/oled.c.obj
LOAD CMakeFiles/toy_car_controller.elf.dir/Core/Src/spi.c.obj
LOAD CMakeFiles/toy_car_controller.elf.dir/Core/Src/stm32f1xx_hal_msp.c.obj
LOAD CMakeFiles/toy_car_controller.elf.dir/Core/Src/stm32f1xx_hal_timebase_tim.c.obj
LOAD CMakeFiles/toy_car_controller.elf.dir/Core/Src/stm32f1xx_it.c.obj
LOAD CMakeFiles/toy_car_controller.elf.dir/Core/Src/syscalls.c.obj
LOAD CMakeFiles/toy_car_controller.elf.dir/Core/Src/sysmem.c.obj
LOAD CMakeFiles/toy_car_controller.elf.dir/Core/Src/system_stm32f1xx.c.obj
LOAD CMakeFiles/toy_car_controller.elf.dir/Core/Startup/startup_stm32f103c8tx.s.obj
LOAD CMakeFiles/toy_car_controller.elf.dir/Drivers/STM32F1xx_HAL_Driver/Src/stm32f1xx_hal.c.obj
LOAD CMakeFiles/toy_car_controller.elf.dir/Drivers/STM32F1xx_HAL_Driver/Src/stm32f1xx_hal_adc.c.obj
LOAD CMakeFiles/toy_car_controller.elf.dir/Drivers/STM32F1xx_HAL_Driver/Src/stm32f1xx_hal_adc_ex.c.obj
LOAD CMakeFiles/toy_car_controller.elf.dir/Drivers/STM32F1xx_HAL_Driver/Src/stm32f1xx_hal_cortex.c.obj
LOAD CMakeFiles/toy_car_controller.elf.dir/Drivers/STM32F1xx_HAL_Driver/Src/stm32f1xx_hal_dma.c.obj
LOAD CMakeFiles/toy_car_controller.elf.dir/Drivers/STM32F1xx_HAL_Driver/Src/stm32f1xx_hal_exti.c.obj
LOAD CMakeFiles/toy_car_controller.elf.dir/Drivers/STM32F1xx_HAL_Driver/Src/stm32f1xx_hal_flash.c.obj
LOAD CMakeFiles/toy_car_controller.elf.dir/Drivers/STM32F1xx_HAL_Driver/Src/stm32f1xx_hal_flash_ex.c.obj
LOAD CMakeFiles/toy_car_controller.elf.dir/Drivers/STM32F1xx_HAL_Driver/Src/stm32f1xx_hal_gpio.c.obj
LOAD CMakeFiles/toy_car_controller.elf.dir/Drivers/STM32F1xx_HAL_Driver/Src/stm32f1xx_hal_gpio_ex.c.obj
LOAD CMakeFiles/toy_car_controller.elf.dir/Drivers/STM32F1xx_HAL_Driver/Src/stm32f1xx_hal_pwr.c.obj
LOAD CMakeFiles/toy_car_controller.elf.dir/Drivers/STM32F1xx_HAL_Driver/Src/stm32f1xx_hal_rcc.c.obj
LOAD CMakeFiles/toy_car_controller.elf.dir/Drivers/STM32F1xx_HAL_Driver/Src/stm32f1xx_hal_rcc_ex.c.obj
LOAD CMakeFiles/toy_car_controller.elf.dir/Drivers/STM32F1xx_HAL_Driver/Src/stm32f1xx_hal_spi.c.obj
LOAD CMakeFiles/toy_car_controller.elf.dir/Drivers/STM32F1xx_HAL_Driver/Src/stm32f1xx_hal_tim.c.obj
LOAD CMakeFiles/toy_car_controller.elf.dir/Drivers/STM32F1xx_HAL_Driver/Src/stm32f1xx_hal_tim_ex.c.obj
LOAD CMakeFiles/toy_car_controller.elf.dir/Middlewares/Third_Party/FreeRTOS/Source/CMSIS_RTOS/cmsis_os.c.obj
LOAD CMakeFiles/toy_car_controller.elf.dir/Middlewares/Third_Party/FreeRTOS/Source/croutine.c.obj
LOAD CMakeFiles/toy_car_controller.elf.dir/Middlewares/Third_Party/FreeRTOS/Source/event_groups.c.obj
LOAD CMakeFiles/toy_car_controller.elf.dir/Middlewares/Third_Party/FreeRTOS/Source/list.c.obj
LOAD CMakeFiles/toy_car_controller.elf.dir/Middlewares/Third_Party/FreeRTOS/Source/portable/GCC/ARM_CM3/port.c.obj
LOAD CMakeFiles/toy_car_controller.elf.dir/Middlewares/Third_Party/FreeRTOS/Source/portable/MemMang/heap_4.c.obj
LOAD CMakeFiles/toy_car_controller.elf.dir/Middlewares/Third_Party/FreeRTOS/Source/queue.c.obj
LOAD CMakeFiles/toy_car_controller.elf.dir/Middlewares/Third_Party/FreeRTOS/Source/stream_buffer.c.obj
LOAD CMakeFiles/toy_car_controller.elf.dir/Middlewares/Third_Party/FreeRTOS/Source/tasks.c.obj
LOAD CMakeFiles/toy_car_controller.elf.dir/Middlewares/Third_Party/FreeRTOS/Source/timers.c.obj
START GROUP
LOAD c:/progra~1/gcc-arm-none-eabi-10.3-2021.10/bin/../lib/gcc/arm-none-eabi/10.3.1/thumb/v7-m/nofp\libgcc.a
LOAD c:/progra~1/gcc-arm-none-eabi-10.3-2021.10/bin/../lib/gcc/arm-none-eabi/10.3.1/../../../../arm-none-eabi/lib/thumb/v7-m/nofp\libg.a
LOAD c:/progra~1/gcc-arm-none-eabi-10.3-2021.10/bin/../lib/gcc/arm-none-eabi/10.3.1/../../../../arm-none-eabi/lib/thumb/v7-m/nofp\libc.a
END GROUP
LOAD c:/progra~1/gcc-arm-none-eabi-10.3-2021.10/bin/../lib/gcc/arm-none-eabi/10.3.1/thumb/v7-m/nofp/crtend.o
LOAD c:/progra~1/gcc-arm-none-eabi-10.3-2021.10/bin/../lib/gcc/arm-none-eabi/10.3.1/thumb/v7-m/nofp/crtn.o
                0x20005000                _estack = (ORIGIN (RAM) + LENGTH (RAM))
                0x00000200                _Min_Heap_Size = 0x200
                0x00000400                _Min_Stack_Size = 0x400

.isr_vector     0x08000000      0x10c
                0x08000000                . = ALIGN (0x4)
 *(.isr_vector)
 .isr_vector    0x08000000      0x10c CMakeFiles/toy_car_controller.elf.dir/Core/Startup/startup_stm32f103c8tx.s.obj
                0x08000000                g_pfnVectors
                0x0800010c                . = ALIGN (0x4)

.text           0x08000110     0x3898
                0x08000110                . = ALIGN (0x4)
 *(.text)
 .text          0x08000110       0x40 c:/progra~1/gcc-arm-none-eabi-10.3-2021.10/bin/../lib/gcc/arm-none-eabi/10.3.1/thumb/v7-m/nofp/crtbegin.o
 *(.text*)
 .text.MX_ADC1_Init
                0x08000150       0x58 CMakeFiles/toy_car_controller.elf.dir/Core/Src/adc.c.obj
                0x08000150                MX_ADC1_Init
 .text.HAL_ADC_MspInit
                0x080001a8       0x60 CMakeFiles/toy_car_controller.elf.dir/Core/Src/adc.c.obj
                0x080001a8                HAL_ADC_MspInit
 .text.StartDefaultTask
                0x08000208        0xa CMakeFiles/toy_car_controller.elf.dir/Core/Src/freertos.c.obj
                0x08000208                StartDefaultTask
 *fill*         0x08000212        0x2 
 .text.vApplicationGetIdleTaskMemory
                0x08000214       0x18 CMakeFiles/toy_car_controller.elf.dir/Core/Src/freertos.c.obj
                0x08000214                vApplicationGetIdleTaskMemory
 .text.MX_FREERTOS_Init
                0x0800022c       0xac CMakeFiles/toy_car_controller.elf.dir/Core/Src/freertos.c.obj
                0x0800022c                MX_FREERTOS_Init
 .text.MX_GPIO_Init
                0x080002d8       0xf0 CMakeFiles/toy_car_controller.elf.dir/Core/Src/gpio.c.obj
                0x080002d8                MX_GPIO_Init
 .text.NRF24L01Function
                0x080003c8       0x28 CMakeFiles/toy_car_controller.elf.dir/Core/Src/main.c.obj
                0x080003c8                NRF24L01Function
 .text.ADCFunction
                0x080003f0        0xa CMakeFiles/toy_car_controller.elf.dir/Core/Src/main.c.obj
                0x080003f0                ADCFunction
 *fill*         0x080003fa        0x2 
 .text.LEDFunction
                0x080003fc       0x50 CMakeFiles/toy_car_controller.elf.dir/Core/Src/main.c.obj
                0x080003fc                LEDFunction
 .text.HAL_GPIO_EXTI_Callback
                0x0800044c       0x10 CMakeFiles/toy_car_controller.elf.dir/Core/Src/main.c.obj
                0x0800044c                HAL_GPIO_EXTI_Callback
 .text.HAL_TIM_PeriodElapsedCallback
                0x0800045c       0x18 CMakeFiles/toy_car_controller.elf.dir/Core/Src/main.c.obj
                0x0800045c                HAL_TIM_PeriodElapsedCallback
 .text.Error_Handler
                0x08000474        0x4 CMakeFiles/toy_car_controller.elf.dir/Core/Src/main.c.obj
                0x08000474                Error_Handler
 .text.SystemClock_Config
                0x08000478       0x82 CMakeFiles/toy_car_controller.elf.dir/Core/Src/main.c.obj
                0x08000478                SystemClock_Config
 .text.main     0x080004fa       0x2a CMakeFiles/toy_car_controller.elf.dir/Core/Src/main.c.obj
                0x080004fa                main
 .text.ce_high  0x08000524       0x14 CMakeFiles/toy_car_controller.elf.dir/Core/Src/nrf24l01p.c.obj
 .text.cs_high  0x08000538       0x14 CMakeFiles/toy_car_controller.elf.dir/Core/Src/nrf24l01p.c.obj
 .text.ce_low   0x0800054c       0x14 CMakeFiles/toy_car_controller.elf.dir/Core/Src/nrf24l01p.c.obj
 .text.cs_low   0x08000560       0x14 CMakeFiles/toy_car_controller.elf.dir/Core/Src/nrf24l01p.c.obj
 .text.write_register
                0x08000574       0x4c CMakeFiles/toy_car_controller.elf.dir/Core/Src/nrf24l01p.c.obj
 .text.read_register
                0x080005c0       0x44 CMakeFiles/toy_car_controller.elf.dir/Core/Src/nrf24l01p.c.obj
 .text.nrf24l01p_ptx_mode
                0x08000604       0x14 CMakeFiles/toy_car_controller.elf.dir/Core/Src/nrf24l01p.c.obj
                0x08000604                nrf24l01p_ptx_mode
 .text.nrf24l01p_write_tx_fifo
                0x08000618       0x44 CMakeFiles/toy_car_controller.elf.dir/Core/Src/nrf24l01p.c.obj
                0x08000618                nrf24l01p_write_tx_fifo
 .text.nrf24l01p_tx_transmit
                0x0800065c        0x8 CMakeFiles/toy_car_controller.elf.dir/Core/Src/nrf24l01p.c.obj
                0x0800065c                nrf24l01p_tx_transmit
 .text.nrf24l01p_flush_rx_fifo
                0x08000664       0x34 CMakeFiles/toy_car_controller.elf.dir/Core/Src/nrf24l01p.c.obj
                0x08000664                nrf24l01p_flush_rx_fifo
 .text.nrf24l01p_flush_tx_fifo
                0x08000698       0x34 CMakeFiles/toy_car_controller.elf.dir/Core/Src/nrf24l01p.c.obj
                0x08000698                nrf24l01p_flush_tx_fifo
 .text.nrf24l01p_reset
                0x080006cc       0xa4 CMakeFiles/toy_car_controller.elf.dir/Core/Src/nrf24l01p.c.obj
                0x080006cc                nrf24l01p_reset
 .text.nrf24l01p_get_status
                0x08000770       0x38 CMakeFiles/toy_car_controller.elf.dir/Core/Src/nrf24l01p.c.obj
                0x08000770                nrf24l01p_get_status
 .text.nrf24l01p_clear_tx_ds
                0x080007a8       0x14 CMakeFiles/toy_car_controller.elf.dir/Core/Src/nrf24l01p.c.obj
                0x080007a8                nrf24l01p_clear_tx_ds
 .text.nrf24l01p_clear_max_rt
                0x080007bc       0x14 CMakeFiles/toy_car_controller.elf.dir/Core/Src/nrf24l01p.c.obj
                0x080007bc                nrf24l01p_clear_max_rt
 .text.nrf24l01p_tx_irq
                0x080007d0       0x34 CMakeFiles/toy_car_controller.elf.dir/Core/Src/nrf24l01p.c.obj
                0x080007d0                nrf24l01p_tx_irq
 .text.nrf24l01p_power_up
                0x08000804       0x16 CMakeFiles/toy_car_controller.elf.dir/Core/Src/nrf24l01p.c.obj
                0x08000804                nrf24l01p_power_up
 .text.nrf24l01p_set_crc_length
                0x0800081a       0x2a CMakeFiles/toy_car_controller.elf.dir/Core/Src/nrf24l01p.c.obj
                0x0800081a                nrf24l01p_set_crc_length
 .text.nrf24l01p_set_address_widths
                0x08000844        0xe CMakeFiles/toy_car_controller.elf.dir/Core/Src/nrf24l01p.c.obj
                0x08000844                nrf24l01p_set_address_widths
 .text.nrf24l01p_auto_retransmit_count
                0x08000852       0x1a CMakeFiles/toy_car_controller.elf.dir/Core/Src/nrf24l01p.c.obj
                0x08000852                nrf24l01p_auto_retransmit_count
 .text.nrf24l01p_auto_retransmit_delay
                0x0800086c       0x2c CMakeFiles/toy_car_controller.elf.dir/Core/Src/nrf24l01p.c.obj
                0x0800086c                nrf24l01p_auto_retransmit_delay
 .text.nrf24l01p_set_rf_channel
                0x08000898       0x10 CMakeFiles/toy_car_controller.elf.dir/Core/Src/nrf24l01p.c.obj
                0x08000898                nrf24l01p_set_rf_channel
 .text.nrf24l01p_set_rf_tx_output_power
                0x080008a8       0x1c CMakeFiles/toy_car_controller.elf.dir/Core/Src/nrf24l01p.c.obj
                0x080008a8                nrf24l01p_set_rf_tx_output_power
 .text.nrf24l01p_set_rf_air_data_rate
                0x080008c4       0x2a CMakeFiles/toy_car_controller.elf.dir/Core/Src/nrf24l01p.c.obj
                0x080008c4                nrf24l01p_set_rf_air_data_rate
 .text.nrf24l01p_tx_init
                0x080008ee       0x42 CMakeFiles/toy_car_controller.elf.dir/Core/Src/nrf24l01p.c.obj
                0x080008ee                nrf24l01p_tx_init
 .text.OLED_WR_Byte
                0x08000930       0x84 CMakeFiles/toy_car_controller.elf.dir/Core/Src/oled.c.obj
                0x08000930                OLED_WR_Byte
 .text.OLED_Set_Pos
                0x080009b4       0x2c CMakeFiles/toy_car_controller.elf.dir/Core/Src/oled.c.obj
                0x080009b4                OLED_Set_Pos
 .text.OLED_Clear
                0x080009e0       0x42 CMakeFiles/toy_car_controller.elf.dir/Core/Src/oled.c.obj
                0x080009e0                OLED_Clear
 *fill*         0x08000a22        0x2 
 .text.OLED_ShowChar
                0x08000a24       0x68 CMakeFiles/toy_car_controller.elf.dir/Core/Src/oled.c.obj
                0x08000a24                OLED_ShowChar
 .text.oled_pow
                0x08000a8c       0x16 CMakeFiles/toy_car_controller.elf.dir/Core/Src/oled.c.obj
                0x08000a8c                oled_pow
 *fill*         0x08000aa2        0x2 
 .text.OLED_ShowNum
                0x08000aa4       0x90 CMakeFiles/toy_car_controller.elf.dir/Core/Src/oled.c.obj
                0x08000aa4                OLED_ShowNum
 .text.OLED_ShowString
                0x08000b34       0x2e CMakeFiles/toy_car_controller.elf.dir/Core/Src/oled.c.obj
                0x08000b34                OLED_ShowString
 *fill*         0x08000b62        0x2 
 .text.OLED_Init
                0x08000b64      0x128 CMakeFiles/toy_car_controller.elf.dir/Core/Src/oled.c.obj
                0x08000b64                OLED_Init
 .text.MX_SPI2_Init
                0x08000c8c       0x44 CMakeFiles/toy_car_controller.elf.dir/Core/Src/spi.c.obj
                0x08000c8c                MX_SPI2_Init
 .text.HAL_SPI_MspInit
                0x08000cd0       0x78 CMakeFiles/toy_car_controller.elf.dir/Core/Src/spi.c.obj
                0x08000cd0                HAL_SPI_MspInit
 .text.HAL_MspInit
                0x08000d48       0x54 CMakeFiles/toy_car_controller.elf.dir/Core/Src/stm32f1xx_hal_msp.c.obj
                0x08000d48                HAL_MspInit
 .text.HAL_InitTick
                0x08000d9c       0xa0 CMakeFiles/toy_car_controller.elf.dir/Core/Src/stm32f1xx_hal_timebase_tim.c.obj
                0x08000d9c                HAL_InitTick
 .text.NMI_Handler
                0x08000e3c        0x2 CMakeFiles/toy_car_controller.elf.dir/Core/Src/stm32f1xx_it.c.obj
                0x08000e3c                NMI_Handler
 .text.HardFault_Handler
                0x08000e3e        0x2 CMakeFiles/toy_car_controller.elf.dir/Core/Src/stm32f1xx_it.c.obj
                0x08000e3e                HardFault_Handler
 .text.MemManage_Handler
                0x08000e40        0x2 CMakeFiles/toy_car_controller.elf.dir/Core/Src/stm32f1xx_it.c.obj
                0x08000e40                MemManage_Handler
 .text.BusFault_Handler
                0x08000e42        0x2 CMakeFiles/toy_car_controller.elf.dir/Core/Src/stm32f1xx_it.c.obj
                0x08000e42                BusFault_Handler
 .text.UsageFault_Handler
                0x08000e44        0x2 CMakeFiles/toy_car_controller.elf.dir/Core/Src/stm32f1xx_it.c.obj
                0x08000e44                UsageFault_Handler
 .text.DebugMon_Handler
                0x08000e46        0x2 CMakeFiles/toy_car_controller.elf.dir/Core/Src/stm32f1xx_it.c.obj
                0x08000e46                DebugMon_Handler
 .text.EXTI9_5_IRQHandler
                0x08000e48        0xc CMakeFiles/toy_car_controller.elf.dir/Core/Src/stm32f1xx_it.c.obj
                0x08000e48                EXTI9_5_IRQHandler
 .text.TIM4_IRQHandler
                0x08000e54       0x10 CMakeFiles/toy_car_controller.elf.dir/Core/Src/stm32f1xx_it.c.obj
                0x08000e54                TIM4_IRQHandler
 .text.SystemInit
                0x08000e64        0x2 CMakeFiles/toy_car_controller.elf.dir/Core/Src/system_stm32f1xx.c.obj
                0x08000e64                SystemInit
 *fill*         0x08000e66        0x2 
 .text.Reset_Handler
                0x08000e68       0x48 CMakeFiles/toy_car_controller.elf.dir/Core/Startup/startup_stm32f103c8tx.s.obj
                0x08000e68                Reset_Handler
 .text.Default_Handler
                0x08000eb0        0x2 CMakeFiles/toy_car_controller.elf.dir/Core/Startup/startup_stm32f103c8tx.s.obj
                0x08000eb0                RTC_Alarm_IRQHandler
                0x08000eb0                EXTI2_IRQHandler
                0x08000eb0                TIM1_CC_IRQHandler
                0x08000eb0                PVD_IRQHandler
                0x08000eb0                EXTI3_IRQHandler
                0x08000eb0                EXTI0_IRQHandler
                0x08000eb0                I2C2_EV_IRQHandler
                0x08000eb0                ADC1_2_IRQHandler
                0x08000eb0                SPI1_IRQHandler
                0x08000eb0                TAMPER_IRQHandler
                0x08000eb0                DMA1_Channel4_IRQHandler
                0x08000eb0                USART3_IRQHandler
                0x08000eb0                RTC_IRQHandler
                0x08000eb0                DMA1_Channel7_IRQHandler
                0x08000eb0                CAN1_RX1_IRQHandler
                0x08000eb0                I2C1_EV_IRQHandler
                0x08000eb0                DMA1_Channel6_IRQHandler
                0x08000eb0                TIM3_IRQHandler
                0x08000eb0                RCC_IRQHandler
                0x08000eb0                TIM1_TRG_COM_IRQHandler
                0x08000eb0                DMA1_Channel1_IRQHandler
                0x08000eb0                Default_Handler
                0x08000eb0                EXTI15_10_IRQHandler
                0x08000eb0                SPI2_IRQHandler
                0x08000eb0                DMA1_Channel5_IRQHandler
                0x08000eb0                EXTI4_IRQHandler
                0x08000eb0                USB_LP_CAN1_RX0_IRQHandler
                0x08000eb0                USB_HP_CAN1_TX_IRQHandler
                0x08000eb0                DMA1_Channel3_IRQHandler
                0x08000eb0                TIM1_UP_IRQHandler
                0x08000eb0                WWDG_IRQHandler
                0x08000eb0                TIM2_IRQHandler
                0x08000eb0                TIM1_BRK_IRQHandler
                0x08000eb0                EXTI1_IRQHandler
                0x08000eb0                USART2_IRQHandler
                0x08000eb0                I2C2_ER_IRQHandler
                0x08000eb0                DMA1_Channel2_IRQHandler
                0x08000eb0                CAN1_SCE_IRQHandler
                0x08000eb0                FLASH_IRQHandler
                0x08000eb0                USART1_IRQHandler
                0x08000eb0                I2C1_ER_IRQHandler
                0x08000eb0                USBWakeUp_IRQHandler
 *fill*         0x08000eb2        0x2 
 .text.HAL_Init
                0x08000eb4       0x24 CMakeFiles/toy_car_controller.elf.dir/Drivers/STM32F1xx_HAL_Driver/Src/stm32f1xx_hal.c.obj
                0x08000eb4                HAL_Init
 .text.HAL_IncTick
                0x08000ed8       0x18 CMakeFiles/toy_car_controller.elf.dir/Drivers/STM32F1xx_HAL_Driver/Src/stm32f1xx_hal.c.obj
                0x08000ed8                HAL_IncTick
 .text.HAL_GetTick
                0x08000ef0        0xc CMakeFiles/toy_car_controller.elf.dir/Drivers/STM32F1xx_HAL_Driver/Src/stm32f1xx_hal.c.obj
                0x08000ef0                HAL_GetTick
 .text.HAL_Delay
                0x08000efc       0x28 CMakeFiles/toy_car_controller.elf.dir/Drivers/STM32F1xx_HAL_Driver/Src/stm32f1xx_hal.c.obj
                0x08000efc                HAL_Delay
 .text.HAL_ADC_PollForConversion
                0x08000f24      0x184 CMakeFiles/toy_car_controller.elf.dir/Drivers/STM32F1xx_HAL_Driver/Src/stm32f1xx_hal_adc.c.obj
                0x08000f24                HAL_ADC_PollForConversion
 .text.HAL_ADC_GetValue
                0x080010a8        0x6 CMakeFiles/toy_car_controller.elf.dir/Drivers/STM32F1xx_HAL_Driver/Src/stm32f1xx_hal_adc.c.obj
                0x080010a8                HAL_ADC_GetValue
 *fill*         0x080010ae        0x2 
 .text.HAL_ADC_ConfigChannel
                0x080010b0      0x144 CMakeFiles/toy_car_controller.elf.dir/Drivers/STM32F1xx_HAL_Driver/Src/stm32f1xx_hal_adc.c.obj
                0x080010b0                HAL_ADC_ConfigChannel
 .text.ADC_Enable
                0x080011f4       0x88 CMakeFiles/toy_car_controller.elf.dir/Drivers/STM32F1xx_HAL_Driver/Src/stm32f1xx_hal_adc.c.obj
                0x080011f4                ADC_Enable
 .text.HAL_ADC_Start
                0x0800127c       0xe8 CMakeFiles/toy_car_controller.elf.dir/Drivers/STM32F1xx_HAL_Driver/Src/stm32f1xx_hal_adc.c.obj
                0x0800127c                HAL_ADC_Start
 .text.ADC_ConversionStop_Disable
                0x08001364       0x56 CMakeFiles/toy_car_controller.elf.dir/Drivers/STM32F1xx_HAL_Driver/Src/stm32f1xx_hal_adc.c.obj
                0x08001364                ADC_ConversionStop_Disable
 *fill*         0x080013ba        0x2 
 .text.HAL_ADC_Init
                0x080013bc      0x108 CMakeFiles/toy_car_controller.elf.dir/Drivers/STM32F1xx_HAL_Driver/Src/stm32f1xx_hal_adc.c.obj
                0x080013bc                HAL_ADC_Init
 .text.HAL_NVIC_SetPriorityGrouping
                0x080014c4       0x24 CMakeFiles/toy_car_controller.elf.dir/Drivers/STM32F1xx_HAL_Driver/Src/stm32f1xx_hal_cortex.c.obj
                0x080014c4                HAL_NVIC_SetPriorityGrouping
 .text.HAL_NVIC_SetPriority
                0x080014e8       0x70 CMakeFiles/toy_car_controller.elf.dir/Drivers/STM32F1xx_HAL_Driver/Src/stm32f1xx_hal_cortex.c.obj
                0x080014e8                HAL_NVIC_SetPriority
 .text.HAL_NVIC_EnableIRQ
                0x08001558       0x1c CMakeFiles/toy_car_controller.elf.dir/Drivers/STM32F1xx_HAL_Driver/Src/stm32f1xx_hal_cortex.c.obj
                0x08001558                HAL_NVIC_EnableIRQ
 .text.HAL_GPIO_Init
                0x08001574      0x224 CMakeFiles/toy_car_controller.elf.dir/Drivers/STM32F1xx_HAL_Driver/Src/stm32f1xx_hal_gpio.c.obj
                0x08001574                HAL_GPIO_Init
 .text.HAL_GPIO_WritePin
                0x08001798        0xc CMakeFiles/toy_car_controller.elf.dir/Drivers/STM32F1xx_HAL_Driver/Src/stm32f1xx_hal_gpio.c.obj
                0x08001798                HAL_GPIO_WritePin
 .text.HAL_GPIO_TogglePin
                0x080017a4       0x12 CMakeFiles/toy_car_controller.elf.dir/Drivers/STM32F1xx_HAL_Driver/Src/stm32f1xx_hal_gpio.c.obj
                0x080017a4                HAL_GPIO_TogglePin
 *fill*         0x080017b6        0x2 
 .text.HAL_GPIO_EXTI_IRQHandler
                0x080017b8       0x1c CMakeFiles/toy_car_controller.elf.dir/Drivers/STM32F1xx_HAL_Driver/Src/stm32f1xx_hal_gpio.c.obj
                0x080017b8                HAL_GPIO_EXTI_IRQHandler
 .text.RCC_Delay
                0x080017d4       0x2c CMakeFiles/toy_car_controller.elf.dir/Drivers/STM32F1xx_HAL_Driver/Src/stm32f1xx_hal_rcc.c.obj
 .text.HAL_RCC_OscConfig
                0x08001800      0x410 CMakeFiles/toy_car_controller.elf.dir/Drivers/STM32F1xx_HAL_Driver/Src/stm32f1xx_hal_rcc.c.obj
                0x08001800                HAL_RCC_OscConfig
 .text.HAL_RCC_GetSysClockFreq
                0x08001c10       0x54 CMakeFiles/toy_car_controller.elf.dir/Drivers/STM32F1xx_HAL_Driver/Src/stm32f1xx_hal_rcc.c.obj
                0x08001c10                HAL_RCC_GetSysClockFreq
 .text.HAL_RCC_ClockConfig
                0x08001c64      0x16c CMakeFiles/toy_car_controller.elf.dir/Drivers/STM32F1xx_HAL_Driver/Src/stm32f1xx_hal_rcc.c.obj
                0x08001c64                HAL_RCC_ClockConfig
 .text.HAL_RCC_GetHCLKFreq
                0x08001dd0        0xc CMakeFiles/toy_car_controller.elf.dir/Drivers/STM32F1xx_HAL_Driver/Src/stm32f1xx_hal_rcc.c.obj
                0x08001dd0                HAL_RCC_GetHCLKFreq
 .text.HAL_RCC_GetPCLK1Freq
                0x08001ddc       0x20 CMakeFiles/toy_car_controller.elf.dir/Drivers/STM32F1xx_HAL_Driver/Src/stm32f1xx_hal_rcc.c.obj
                0x08001ddc                HAL_RCC_GetPCLK1Freq
 .text.HAL_RCC_GetPCLK2Freq
                0x08001dfc       0x20 CMakeFiles/toy_car_controller.elf.dir/Drivers/STM32F1xx_HAL_Driver/Src/stm32f1xx_hal_rcc.c.obj
                0x08001dfc                HAL_RCC_GetPCLK2Freq
 .text.HAL_RCC_GetClockConfig
                0x08001e1c       0x3c CMakeFiles/toy_car_controller.elf.dir/Drivers/STM32F1xx_HAL_Driver/Src/stm32f1xx_hal_rcc.c.obj
                0x08001e1c                HAL_RCC_GetClockConfig
 .text.HAL_RCCEx_PeriphCLKConfig
                0x08001e58      0x118 CMakeFiles/toy_car_controller.elf.dir/Drivers/STM32F1xx_HAL_Driver/Src/stm32f1xx_hal_rcc_ex.c.obj
                0x08001e58                HAL_RCCEx_PeriphCLKConfig
 .text.HAL_RCCEx_GetPeriphCLKFreq
                0x08001f70       0xd8 CMakeFiles/toy_car_controller.elf.dir/Drivers/STM32F1xx_HAL_Driver/Src/stm32f1xx_hal_rcc_ex.c.obj
                0x08001f70                HAL_RCCEx_GetPeriphCLKFreq
 .text.SPI_WaitFlagStateUntilTimeout
                0x08002048       0xd4 CMakeFiles/toy_car_controller.elf.dir/Drivers/STM32F1xx_HAL_Driver/Src/stm32f1xx_hal_spi.c.obj
 .text.SPI_EndRxTxTransaction
                0x0800211c       0x24 CMakeFiles/toy_car_controller.elf.dir/Drivers/STM32F1xx_HAL_Driver/Src/stm32f1xx_hal_spi.c.obj
 .text.SPI_EndRxTransaction
                0x08002140       0x74 CMakeFiles/toy_car_controller.elf.dir/Drivers/STM32F1xx_HAL_Driver/Src/stm32f1xx_hal_spi.c.obj
 .text.HAL_SPI_Init
                0x080021b4       0xb6 CMakeFiles/toy_car_controller.elf.dir/Drivers/STM32F1xx_HAL_Driver/Src/stm32f1xx_hal_spi.c.obj
                0x080021b4                HAL_SPI_Init
 .text.HAL_SPI_Transmit
                0x0800226a      0x1b8 CMakeFiles/toy_car_controller.elf.dir/Drivers/STM32F1xx_HAL_Driver/Src/stm32f1xx_hal_spi.c.obj
                0x0800226a                HAL_SPI_Transmit
 .text.HAL_SPI_TransmitReceive
                0x08002422      0x244 CMakeFiles/toy_car_controller.elf.dir/Drivers/STM32F1xx_HAL_Driver/Src/stm32f1xx_hal_spi.c.obj
                0x08002422                HAL_SPI_TransmitReceive
 .text.HAL_SPI_Receive
                0x08002666      0x17e CMakeFiles/toy_car_controller.elf.dir/Drivers/STM32F1xx_HAL_Driver/Src/stm32f1xx_hal_spi.c.obj
                0x08002666                HAL_SPI_Receive
 .text.HAL_TIM_Base_MspInit
                0x080027e4        0x2 CMakeFiles/toy_car_controller.elf.dir/Drivers/STM32F1xx_HAL_Driver/Src/stm32f1xx_hal_tim.c.obj
                0x080027e4                HAL_TIM_Base_MspInit
 *fill*         0x080027e6        0x2 
 .text.HAL_TIM_Base_Start_IT
                0x080027e8       0x68 CMakeFiles/toy_car_controller.elf.dir/Drivers/STM32F1xx_HAL_Driver/Src/stm32f1xx_hal_tim.c.obj
                0x080027e8                HAL_TIM_Base_Start_IT
 .text.HAL_TIM_OC_DelayElapsedCallback
                0x08002850        0x2 CMakeFiles/toy_car_controller.elf.dir/Drivers/STM32F1xx_HAL_Driver/Src/stm32f1xx_hal_tim.c.obj
                0x08002850                HAL_TIM_OC_DelayElapsedCallback
 .text.HAL_TIM_IC_CaptureCallback
                0x08002852        0x2 CMakeFiles/toy_car_controller.elf.dir/Drivers/STM32F1xx_HAL_Driver/Src/stm32f1xx_hal_tim.c.obj
                0x08002852                HAL_TIM_IC_CaptureCallback
 .text.HAL_TIM_PWM_PulseFinishedCallback
                0x08002854        0x2 CMakeFiles/toy_car_controller.elf.dir/Drivers/STM32F1xx_HAL_Driver/Src/stm32f1xx_hal_tim.c.obj
                0x08002854                HAL_TIM_PWM_PulseFinishedCallback
 .text.HAL_TIM_TriggerCallback
                0x08002856        0x2 CMakeFiles/toy_car_controller.elf.dir/Drivers/STM32F1xx_HAL_Driver/Src/stm32f1xx_hal_tim.c.obj
                0x08002856                HAL_TIM_TriggerCallback
 .text.HAL_TIM_IRQHandler
                0x08002858      0x17a CMakeFiles/toy_car_controller.elf.dir/Drivers/STM32F1xx_HAL_Driver/Src/stm32f1xx_hal_tim.c.obj
                0x08002858                HAL_TIM_IRQHandler
 *fill*         0x080029d2        0x2 
 .text.TIM_Base_SetConfig
                0x080029d4       0x74 CMakeFiles/toy_car_controller.elf.dir/Drivers/STM32F1xx_HAL_Driver/Src/stm32f1xx_hal_tim.c.obj
                0x080029d4                TIM_Base_SetConfig
 .text.HAL_TIM_Base_Init
                0x08002a48       0x58 CMakeFiles/toy_car_controller.elf.dir/Drivers/STM32F1xx_HAL_Driver/Src/stm32f1xx_hal_tim.c.obj
                0x08002a48                HAL_TIM_Base_Init
 .text.HAL_TIMEx_CommutCallback
                0x08002aa0        0x2 CMakeFiles/toy_car_controller.elf.dir/Drivers/STM32F1xx_HAL_Driver/Src/stm32f1xx_hal_tim_ex.c.obj
                0x08002aa0                HAL_TIMEx_CommutCallback
 .text.HAL_TIMEx_BreakCallback
                0x08002aa2        0x2 CMakeFiles/toy_car_controller.elf.dir/Drivers/STM32F1xx_HAL_Driver/Src/stm32f1xx_hal_tim_ex.c.obj
                0x08002aa2                HAL_TIMEx_BreakCallback
 .text.makeFreeRtosPriority
                0x08002aa4        0xc CMakeFiles/toy_car_controller.elf.dir/Middlewares/Third_Party/FreeRTOS/Source/CMSIS_RTOS/cmsis_os.c.obj
 .text.osKernelStart
                0x08002ab0        0xa CMakeFiles/toy_car_controller.elf.dir/Middlewares/Third_Party/FreeRTOS/Source/CMSIS_RTOS/cmsis_os.c.obj
                0x08002ab0                osKernelStart
 .text.osThreadCreate
                0x08002aba       0x6a CMakeFiles/toy_car_controller.elf.dir/Middlewares/Third_Party/FreeRTOS/Source/CMSIS_RTOS/cmsis_os.c.obj
                0x08002aba                osThreadCreate
 .text.osDelay  0x08002b24        0xe CMakeFiles/toy_car_controller.elf.dir/Middlewares/Third_Party/FreeRTOS/Source/CMSIS_RTOS/cmsis_os.c.obj
                0x08002b24                osDelay
 .text.vListInitialise
                0x08002b32       0x16 CMakeFiles/toy_car_controller.elf.dir/Middlewares/Third_Party/FreeRTOS/Source/list.c.obj
                0x08002b32                vListInitialise
 .text.vListInitialiseItem
                0x08002b48        0x6 CMakeFiles/toy_car_controller.elf.dir/Middlewares/Third_Party/FreeRTOS/Source/list.c.obj
                0x08002b48                vListInitialiseItem
 .text.vListInsertEnd
                0x08002b4e       0x16 CMakeFiles/toy_car_controller.elf.dir/Middlewares/Third_Party/FreeRTOS/Source/list.c.obj
                0x08002b4e                vListInsertEnd
 .text.vListInsert
                0x08002b64       0x32 CMakeFiles/toy_car_controller.elf.dir/Middlewares/Third_Party/FreeRTOS/Source/list.c.obj
                0x08002b64                vListInsert
 .text.uxListRemove
                0x08002b96       0x26 CMakeFiles/toy_car_controller.elf.dir/Middlewares/Third_Party/FreeRTOS/Source/list.c.obj
                0x08002b96                uxListRemove
 .text.prvTaskExitError
                0x08002bbc       0x40 CMakeFiles/toy_car_controller.elf.dir/Middlewares/Third_Party/FreeRTOS/Source/portable/GCC/ARM_CM3/port.c.obj
 .text.prvPortStartFirstTask
                0x08002bfc       0x20 CMakeFiles/toy_car_controller.elf.dir/Middlewares/Third_Party/FreeRTOS/Source/portable/GCC/ARM_CM3/port.c.obj
 .text.pxPortInitialiseStack
                0x08002c1c       0x24 CMakeFiles/toy_car_controller.elf.dir/Middlewares/Third_Party/FreeRTOS/Source/portable/GCC/ARM_CM3/port.c.obj
                0x08002c1c                pxPortInitialiseStack
 .text.SVC_Handler
                0x08002c40       0x24 CMakeFiles/toy_car_controller.elf.dir/Middlewares/Third_Party/FreeRTOS/Source/portable/GCC/ARM_CM3/port.c.obj
                0x08002c40                SVC_Handler
 .text.vPortEnterCritical
                0x08002c64       0x44 CMakeFiles/toy_car_controller.elf.dir/Middlewares/Third_Party/FreeRTOS/Source/portable/GCC/ARM_CM3/port.c.obj
                0x08002c64                vPortEnterCritical
 .text.vPortExitCritical
                0x08002ca8       0x2c CMakeFiles/toy_car_controller.elf.dir/Middlewares/Third_Party/FreeRTOS/Source/portable/GCC/ARM_CM3/port.c.obj
                0x08002ca8                vPortExitCritical
 *fill*         0x08002cd4        0xc 
 .text.PendSV_Handler
                0x08002ce0       0x44 CMakeFiles/toy_car_controller.elf.dir/Middlewares/Third_Party/FreeRTOS/Source/portable/GCC/ARM_CM3/port.c.obj
                0x08002ce0                PendSV_Handler
 .text.SysTick_Handler
                0x08002d24       0x2c CMakeFiles/toy_car_controller.elf.dir/Middlewares/Third_Party/FreeRTOS/Source/portable/GCC/ARM_CM3/port.c.obj
                0x08002d24                SysTick_Handler
 .text.vPortSetupTimerInterrupt
                0x08002d50       0x28 CMakeFiles/toy_car_controller.elf.dir/Middlewares/Third_Party/FreeRTOS/Source/portable/GCC/ARM_CM3/port.c.obj
                0x08002d50                vPortSetupTimerInterrupt
 .text.xPortStartScheduler
                0x08002d78       0xc0 CMakeFiles/toy_car_controller.elf.dir/Middlewares/Third_Party/FreeRTOS/Source/portable/GCC/ARM_CM3/port.c.obj
                0x08002d78                xPortStartScheduler
 .text.prvHeapInit
                0x08002e38       0x64 CMakeFiles/toy_car_controller.elf.dir/Middlewares/Third_Party/FreeRTOS/Source/portable/MemMang/heap_4.c.obj
 .text.prvInsertBlockIntoFreeList
                0x08002e9c       0x60 CMakeFiles/toy_car_controller.elf.dir/Middlewares/Third_Party/FreeRTOS/Source/portable/MemMang/heap_4.c.obj
 .text.pvPortMalloc
                0x08002efc       0xf0 CMakeFiles/toy_car_controller.elf.dir/Middlewares/Third_Party/FreeRTOS/Source/portable/MemMang/heap_4.c.obj
                0x08002efc                pvPortMalloc
 .text.vPortFree
                0x08002fec       0x70 CMakeFiles/toy_car_controller.elf.dir/Middlewares/Third_Party/FreeRTOS/Source/portable/MemMang/heap_4.c.obj
                0x08002fec                vPortFree
 .text.prvResetNextTaskUnblockTime
                0x0800305c       0x2c CMakeFiles/toy_car_controller.elf.dir/Middlewares/Third_Party/FreeRTOS/Source/tasks.c.obj
 .text.prvInitialiseNewTask
                0x08003088       0x94 CMakeFiles/toy_car_controller.elf.dir/Middlewares/Third_Party/FreeRTOS/Source/tasks.c.obj
 .text.prvInitialiseTaskLists
                0x0800311c       0x68 CMakeFiles/toy_car_controller.elf.dir/Middlewares/Third_Party/FreeRTOS/Source/tasks.c.obj
 .text.prvAddNewTaskToReadyList
                0x08003184       0xa8 CMakeFiles/toy_car_controller.elf.dir/Middlewares/Third_Party/FreeRTOS/Source/tasks.c.obj
 .text.prvDeleteTCB
                0x0800322c       0x38 CMakeFiles/toy_car_controller.elf.dir/Middlewares/Third_Party/FreeRTOS/Source/tasks.c.obj
 .text.prvCheckTasksWaitingTermination
                0x08003264       0x4c CMakeFiles/toy_car_controller.elf.dir/Middlewares/Third_Party/FreeRTOS/Source/tasks.c.obj
 .text.prvIdleTask
                0x080032b0       0x28 CMakeFiles/toy_car_controller.elf.dir/Middlewares/Third_Party/FreeRTOS/Source/tasks.c.obj
 .text.prvAddCurrentTaskToDelayedList
                0x080032d8       0x98 CMakeFiles/toy_car_controller.elf.dir/Middlewares/Third_Party/FreeRTOS/Source/tasks.c.obj
 .text.xTaskCreateStatic
                0x08003370       0x74 CMakeFiles/toy_car_controller.elf.dir/Middlewares/Third_Party/FreeRTOS/Source/tasks.c.obj
                0x08003370                xTaskCreateStatic
 .text.xTaskCreate
                0x080033e4       0x68 CMakeFiles/toy_car_controller.elf.dir/Middlewares/Third_Party/FreeRTOS/Source/tasks.c.obj
                0x080033e4                xTaskCreate
 .text.vTaskStartScheduler
                0x0800344c       0x74 CMakeFiles/toy_car_controller.elf.dir/Middlewares/Third_Party/FreeRTOS/Source/tasks.c.obj
                0x0800344c                vTaskStartScheduler
 .text.vTaskSuspendAll
                0x080034c0       0x10 CMakeFiles/toy_car_controller.elf.dir/Middlewares/Third_Party/FreeRTOS/Source/tasks.c.obj
                0x080034c0                vTaskSuspendAll
 .text.xTaskIncrementTick
                0x080034d0      0x118 CMakeFiles/toy_car_controller.elf.dir/Middlewares/Third_Party/FreeRTOS/Source/tasks.c.obj
                0x080034d0                xTaskIncrementTick
 .text.xTaskResumeAll
                0x080035e8       0xf8 CMakeFiles/toy_car_controller.elf.dir/Middlewares/Third_Party/FreeRTOS/Source/tasks.c.obj
                0x080035e8                xTaskResumeAll
 .text.vTaskDelay
                0x080036e0       0x4c CMakeFiles/toy_car_controller.elf.dir/Middlewares/Third_Party/FreeRTOS/Source/tasks.c.obj
                0x080036e0                vTaskDelay
 .text.vTaskSwitchContext
                0x0800372c       0x98 CMakeFiles/toy_car_controller.elf.dir/Middlewares/Third_Party/FreeRTOS/Source/tasks.c.obj
                0x0800372c                vTaskSwitchContext
 .text.__libc_init_array
                0x080037c4       0x48 c:/progra~1/gcc-arm-none-eabi-10.3-2021.10/bin/../lib/gcc/arm-none-eabi/10.3.1/../../../../arm-none-eabi/lib/thumb/v7-m/nofp\libg.a(lib_a-init.o)
                0x080037c4                __libc_init_array
 .text.memset   0x0800380c       0xa4 c:/progra~1/gcc-arm-none-eabi-10.3-2021.10/bin/../lib/gcc/arm-none-eabi/10.3.1/../../../../arm-none-eabi/lib/thumb/v7-m/nofp\libg.a(lib_a-memset.o)
                0x0800380c                memset
 .text.startup.register_fini
                0x080038b0       0x14 c:/progra~1/gcc-arm-none-eabi-10.3-2021.10/bin/../lib/gcc/arm-none-eabi/10.3.1/../../../../arm-none-eabi/lib/thumb/v7-m/nofp\libg.a(lib_a-__call_atexit.o)
 .text.atexit   0x080038c4        0xc c:/progra~1/gcc-arm-none-eabi-10.3-2021.10/bin/../lib/gcc/arm-none-eabi/10.3.1/../../../../arm-none-eabi/lib/thumb/v7-m/nofp\libg.a(lib_a-atexit.o)
                0x080038c4                atexit
 .text.__libc_fini_array
                0x080038d0       0x2c c:/progra~1/gcc-arm-none-eabi-10.3-2021.10/bin/../lib/gcc/arm-none-eabi/10.3.1/../../../../arm-none-eabi/lib/thumb/v7-m/nofp\libg.a(lib_a-fini.o)
                0x080038d0                __libc_fini_array
 .text.__retarget_lock_acquire_recursive
                0x080038fc        0x4 c:/progra~1/gcc-arm-none-eabi-10.3-2021.10/bin/../lib/gcc/arm-none-eabi/10.3.1/../../../../arm-none-eabi/lib/thumb/v7-m/nofp\libg.a(lib_a-lock.o)
                0x080038fc                __retarget_lock_acquire_recursive
 .text.__retarget_lock_release_recursive
                0x08003900        0x4 c:/progra~1/gcc-arm-none-eabi-10.3-2021.10/bin/../lib/gcc/arm-none-eabi/10.3.1/../../../../arm-none-eabi/lib/thumb/v7-m/nofp\libg.a(lib_a-lock.o)
                0x08003900                __retarget_lock_release_recursive
 .text.__register_exitproc
                0x08003904       0x8c c:/progra~1/gcc-arm-none-eabi-10.3-2021.10/bin/../lib/gcc/arm-none-eabi/10.3.1/../../../../arm-none-eabi/lib/thumb/v7-m/nofp\libg.a(lib_a-__atexit.o)
                0x08003904                __register_exitproc
 *(.glue_7)
 .glue_7        0x08003990        0x0 linker stubs
 *(.glue_7t)
 .glue_7t       0x08003990        0x0 linker stubs
 *(.eh_frame)
 .eh_frame      0x08003990        0x0 c:/progra~1/gcc-arm-none-eabi-10.3-2021.10/bin/../lib/gcc/arm-none-eabi/10.3.1/thumb/v7-m/nofp/crtbegin.o
 *(.init)
 .init          0x08003990        0x4 c:/progra~1/gcc-arm-none-eabi-10.3-2021.10/bin/../lib/gcc/arm-none-eabi/10.3.1/thumb/v7-m/nofp/crti.o
                0x08003990                _init
 .init          0x08003994        0x8 c:/progra~1/gcc-arm-none-eabi-10.3-2021.10/bin/../lib/gcc/arm-none-eabi/10.3.1/thumb/v7-m/nofp/crtn.o
 *(.fini)
 .fini          0x0800399c        0x4 c:/progra~1/gcc-arm-none-eabi-10.3-2021.10/bin/../lib/gcc/arm-none-eabi/10.3.1/thumb/v7-m/nofp/crti.o
                0x0800399c                _fini
 .fini          0x080039a0        0x8 c:/progra~1/gcc-arm-none-eabi-10.3-2021.10/bin/../lib/gcc/arm-none-eabi/10.3.1/thumb/v7-m/nofp/crtn.o
                0x080039a8                . = ALIGN (0x4)
                0x080039a8                _etext = .

.vfp11_veneer   0x080039a8        0x0
 .vfp11_veneer  0x080039a8        0x0 linker stubs

.v4_bx          0x080039a8        0x0
 .v4_bx         0x080039a8        0x0 linker stubs

.iplt           0x080039a8        0x0
 .iplt          0x080039a8        0x0 c:/progra~1/gcc-arm-none-eabi-10.3-2021.10/bin/../lib/gcc/arm-none-eabi/10.3.1/thumb/v7-m/nofp/crtbegin.o

.rodata         0x080039a8      0x6d4
                0x080039a8                . = ALIGN (0x4)
 *(.rodata)
 .rodata        0x080039a8       0x70 CMakeFiles/toy_car_controller.elf.dir/Core/Src/freertos.c.obj
 *(.rodata*)
 .rodata.str1.4
                0x08003a18       0x20 CMakeFiles/toy_car_controller.elf.dir/Core/Src/freertos.c.obj
 .rodata.LEDFunction.str1.4
                0x08003a38        0x7 CMakeFiles/toy_car_controller.elf.dir/Core/Src/main.c.obj
 *fill*         0x08003a3f        0x1 
 .rodata.F8X16  0x08003a40      0x5f0 CMakeFiles/toy_car_controller.elf.dir/Core/Src/oled.c.obj
                0x08003a40                F8X16
 .rodata.AHBPrescTable
                0x08004030       0x10 CMakeFiles/toy_car_controller.elf.dir/Core/Src/system_stm32f1xx.c.obj
                0x08004030                AHBPrescTable
 .rodata.APBPrescTable
                0x08004040        0x8 CMakeFiles/toy_car_controller.elf.dir/Core/Src/system_stm32f1xx.c.obj
                0x08004040                APBPrescTable
 .rodata.aPLLMULFactorTable.1
                0x08004048       0x10 CMakeFiles/toy_car_controller.elf.dir/Drivers/STM32F1xx_HAL_Driver/Src/stm32f1xx_hal_rcc.c.obj
 .rodata.aPredivFactorTable.0
                0x08004058        0x2 CMakeFiles/toy_car_controller.elf.dir/Drivers/STM32F1xx_HAL_Driver/Src/stm32f1xx_hal_rcc.c.obj
 *fill*         0x0800405a        0x2 
 .rodata.aPLLMULFactorTable.1
                0x0800405c       0x10 CMakeFiles/toy_car_controller.elf.dir/Drivers/STM32F1xx_HAL_Driver/Src/stm32f1xx_hal_rcc_ex.c.obj
 .rodata.aPredivFactorTable.0
                0x0800406c        0x2 CMakeFiles/toy_car_controller.elf.dir/Drivers/STM32F1xx_HAL_Driver/Src/stm32f1xx_hal_rcc_ex.c.obj
 *fill*         0x0800406e        0x2 
 .rodata.vTaskStartScheduler.str1.4
                0x08004070        0x5 CMakeFiles/toy_car_controller.elf.dir/Middlewares/Third_Party/FreeRTOS/Source/tasks.c.obj
 *fill*         0x08004075        0x3 
 .rodata._global_impure_ptr
                0x08004078        0x4 c:/progra~1/gcc-arm-none-eabi-10.3-2021.10/bin/../lib/gcc/arm-none-eabi/10.3.1/../../../../arm-none-eabi/lib/thumb/v7-m/nofp\libg.a(lib_a-impure.o)
                0x08004078                _global_impure_ptr
                0x0800407c                . = ALIGN (0x4)

.rel.dyn        0x0800407c        0x0
 .rel.iplt      0x0800407c        0x0 c:/progra~1/gcc-arm-none-eabi-10.3-2021.10/bin/../lib/gcc/arm-none-eabi/10.3.1/thumb/v7-m/nofp/crtbegin.o

.ARM.extab      0x0800407c        0x0
                0x0800407c                . = ALIGN (0x4)
 *(.ARM.extab* .gnu.linkonce.armextab.*)
                0x0800407c                . = ALIGN (0x4)

.ARM            0x0800407c        0x0
                0x0800407c                . = ALIGN (0x4)
                0x0800407c                __exidx_start = .
 *(.ARM.exidx*)
                0x0800407c                __exidx_end = .
                0x0800407c                . = ALIGN (0x4)

.preinit_array  0x0800407c        0x0
                0x0800407c                . = ALIGN (0x4)
                0x0800407c                PROVIDE (__preinit_array_start = .)
 *(.preinit_array*)
                0x0800407c                PROVIDE (__preinit_array_end = .)
                0x0800407c                . = ALIGN (0x4)

.init_array     0x0800407c        0x8
                0x0800407c                . = ALIGN (0x4)
                0x0800407c                PROVIDE (__init_array_start = .)
 *(SORT_BY_NAME(.init_array.*))
 .init_array.00000
                0x0800407c        0x4 c:/progra~1/gcc-arm-none-eabi-10.3-2021.10/bin/../lib/gcc/arm-none-eabi/10.3.1/../../../../arm-none-eabi/lib/thumb/v7-m/nofp\libg.a(lib_a-__call_atexit.o)
 *(.init_array*)
 .init_array    0x08004080        0x4 c:/progra~1/gcc-arm-none-eabi-10.3-2021.10/bin/../lib/gcc/arm-none-eabi/10.3.1/thumb/v7-m/nofp/crtbegin.o
                0x08004084                PROVIDE (__init_array_end = .)
                0x08004084                . = ALIGN (0x4)

.fini_array     0x08004084        0x4
                0x08004084                . = ALIGN (0x4)
                0x08004084                PROVIDE (__fini_array_start = .)
 *(SORT_BY_NAME(.fini_array.*))
 *(.fini_array*)
 .fini_array    0x08004084        0x4 c:/progra~1/gcc-arm-none-eabi-10.3-2021.10/bin/../lib/gcc/arm-none-eabi/10.3.1/thumb/v7-m/nofp/crtbegin.o
                0x08004088                PROVIDE (__fini_array_end = .)
                0x08004088                . = ALIGN (0x4)
                0x08004088                _sidata = LOADADDR (.data)

.data           0x20000000      0x444 load address 0x08004088
                0x20000000                . = ALIGN (0x4)
                0x20000000                _sdata = .
 *(.data)
 *(.data*)
 .data.Tx_Data  0x20000000        0x8 CMakeFiles/toy_car_controller.elf.dir/Core/Src/main.c.obj
                0x20000000                Tx_Data
 .data.SystemCoreClock
                0x20000008        0x4 CMakeFiles/toy_car_controller.elf.dir/Core/Src/system_stm32f1xx.c.obj
                0x20000008                SystemCoreClock
 .data.uwTickFreq
                0x2000000c        0x1 CMakeFiles/toy_car_controller.elf.dir/Drivers/STM32F1xx_HAL_Driver/Src/stm32f1xx_hal.c.obj
                0x2000000c                uwTickFreq
 *fill*         0x2000000d        0x3 
 .data.uwTickPrio
                0x20000010        0x4 CMakeFiles/toy_car_controller.elf.dir/Drivers/STM32F1xx_HAL_Driver/Src/stm32f1xx_hal.c.obj
                0x20000010                uwTickPrio
 .data.uxCriticalNesting
                0x20000014        0x4 CMakeFiles/toy_car_controller.elf.dir/Middlewares/Third_Party/FreeRTOS/Source/portable/GCC/ARM_CM3/port.c.obj
 .data.impure_data
                0x20000018      0x428 c:/progra~1/gcc-arm-none-eabi-10.3-2021.10/bin/../lib/gcc/arm-none-eabi/10.3.1/../../../../arm-none-eabi/lib/thumb/v7-m/nofp\libg.a(lib_a-impure.o)
 .data.__atexit_recursive_mutex
                0x20000440        0x4 c:/progra~1/gcc-arm-none-eabi-10.3-2021.10/bin/../lib/gcc/arm-none-eabi/10.3.1/../../../../arm-none-eabi/lib/thumb/v7-m/nofp\libg.a(lib_a-__call_atexit.o)
                0x20000440                __atexit_recursive_mutex
 *(.RamFunc)
 *(.RamFunc*)
                0x20000444                . = ALIGN (0x4)
                0x20000444                _edata = .

.igot.plt       0x20000444        0x0 load address 0x080044cc
 .igot.plt      0x20000444        0x0 c:/progra~1/gcc-arm-none-eabi-10.3-2021.10/bin/../lib/gcc/arm-none-eabi/10.3.1/thumb/v7-m/nofp/crtbegin.o
                0x20000444                . = ALIGN (0x4)

.bss            0x20000444      0xfa4 load address 0x080044cc
                0x20000444                _sbss = .
                0x20000444                __bss_start__ = _sbss
 *(.bss)
 .bss           0x20000444       0x1c c:/progra~1/gcc-arm-none-eabi-10.3-2021.10/bin/../lib/gcc/arm-none-eabi/10.3.1/thumb/v7-m/nofp/crtbegin.o
 *(.bss*)
 .bss.hadc1     0x20000460       0x30 CMakeFiles/toy_car_controller.elf.dir/Core/Src/adc.c.obj
                0x20000460                hadc1
 .bss.ADCHandle
                0x20000490        0x4 CMakeFiles/toy_car_controller.elf.dir/Core/Src/freertos.c.obj
                0x20000490                ADCHandle
 .bss.LEDHandle
                0x20000494        0x4 CMakeFiles/toy_car_controller.elf.dir/Core/Src/freertos.c.obj
                0x20000494                LEDHandle
 .bss.NRF24L01Handle
                0x20000498        0x4 CMakeFiles/toy_car_controller.elf.dir/Core/Src/freertos.c.obj
                0x20000498                NRF24L01Handle
 .bss.defaultTaskHandle
                0x2000049c        0x4 CMakeFiles/toy_car_controller.elf.dir/Core/Src/freertos.c.obj
                0x2000049c                defaultTaskHandle
 .bss.xIdleStack
                0x200004a0      0x100 CMakeFiles/toy_car_controller.elf.dir/Core/Src/freertos.c.obj
 .bss.xIdleTaskTCBBuffer
                0x200005a0       0x54 CMakeFiles/toy_car_controller.elf.dir/Core/Src/freertos.c.obj
 .bss.hspi2     0x200005f4       0x58 CMakeFiles/toy_car_controller.elf.dir/Core/Src/spi.c.obj
                0x200005f4                hspi2
 .bss.htim4     0x2000064c       0x48 CMakeFiles/toy_car_controller.elf.dir/Core/Src/stm32f1xx_hal_timebase_tim.c.obj
                0x2000064c                htim4
 .bss.uwTick    0x20000694        0x4 CMakeFiles/toy_car_controller.elf.dir/Drivers/STM32F1xx_HAL_Driver/Src/stm32f1xx_hal.c.obj
                0x20000694                uwTick
 .bss.ucMaxSysCallPriority
                0x20000698        0x1 CMakeFiles/toy_car_controller.elf.dir/Middlewares/Third_Party/FreeRTOS/Source/portable/GCC/ARM_CM3/port.c.obj
 *fill*         0x20000699        0x3 
 .bss.ulMaxPRIGROUPValue
                0x2000069c        0x4 CMakeFiles/toy_car_controller.elf.dir/Middlewares/Third_Party/FreeRTOS/Source/portable/GCC/ARM_CM3/port.c.obj
 .bss.pxEnd     0x200006a0        0x4 CMakeFiles/toy_car_controller.elf.dir/Middlewares/Third_Party/FreeRTOS/Source/portable/MemMang/heap_4.c.obj
 .bss.ucHeap    0x200006a4      0xc00 CMakeFiles/toy_car_controller.elf.dir/Middlewares/Third_Party/FreeRTOS/Source/portable/MemMang/heap_4.c.obj
 .bss.xBlockAllocatedBit
                0x200012a4        0x4 CMakeFiles/toy_car_controller.elf.dir/Middlewares/Third_Party/FreeRTOS/Source/portable/MemMang/heap_4.c.obj
 .bss.xFreeBytesRemaining
                0x200012a8        0x4 CMakeFiles/toy_car_controller.elf.dir/Middlewares/Third_Party/FreeRTOS/Source/portable/MemMang/heap_4.c.obj
 .bss.xMinimumEverFreeBytesRemaining
                0x200012ac        0x4 CMakeFiles/toy_car_controller.elf.dir/Middlewares/Third_Party/FreeRTOS/Source/portable/MemMang/heap_4.c.obj
 .bss.xStart    0x200012b0        0x8 CMakeFiles/toy_car_controller.elf.dir/Middlewares/Third_Party/FreeRTOS/Source/portable/MemMang/heap_4.c.obj
 .bss.pxCurrentTCB
                0x200012b8        0x4 CMakeFiles/toy_car_controller.elf.dir/Middlewares/Third_Party/FreeRTOS/Source/tasks.c.obj
                0x200012b8                pxCurrentTCB
 .bss.pxDelayedTaskList
                0x200012bc        0x4 CMakeFiles/toy_car_controller.elf.dir/Middlewares/Third_Party/FreeRTOS/Source/tasks.c.obj
 .bss.pxOverflowDelayedTaskList
                0x200012c0        0x4 CMakeFiles/toy_car_controller.elf.dir/Middlewares/Third_Party/FreeRTOS/Source/tasks.c.obj
 .bss.pxReadyTasksLists
                0x200012c4       0x8c CMakeFiles/toy_car_controller.elf.dir/Middlewares/Third_Party/FreeRTOS/Source/tasks.c.obj
 .bss.uxCurrentNumberOfTasks
                0x20001350        0x4 CMakeFiles/toy_car_controller.elf.dir/Middlewares/Third_Party/FreeRTOS/Source/tasks.c.obj
 .bss.uxDeletedTasksWaitingCleanUp
                0x20001354        0x4 CMakeFiles/toy_car_controller.elf.dir/Middlewares/Third_Party/FreeRTOS/Source/tasks.c.obj
 .bss.uxPendedTicks
                0x20001358        0x4 CMakeFiles/toy_car_controller.elf.dir/Middlewares/Third_Party/FreeRTOS/Source/tasks.c.obj
 .bss.uxSchedulerSuspended
                0x2000135c        0x4 CMakeFiles/toy_car_controller.elf.dir/Middlewares/Third_Party/FreeRTOS/Source/tasks.c.obj
 .bss.uxTaskNumber
                0x20001360        0x4 CMakeFiles/toy_car_controller.elf.dir/Middlewares/Third_Party/FreeRTOS/Source/tasks.c.obj
 .bss.uxTopReadyPriority
                0x20001364        0x4 CMakeFiles/toy_car_controller.elf.dir/Middlewares/Third_Party/FreeRTOS/Source/tasks.c.obj
 .bss.xDelayedTaskList1
                0x20001368       0x14 CMakeFiles/toy_car_controller.elf.dir/Middlewares/Third_Party/FreeRTOS/Source/tasks.c.obj
 .bss.xDelayedTaskList2
                0x2000137c       0x14 CMakeFiles/toy_car_controller.elf.dir/Middlewares/Third_Party/FreeRTOS/Source/tasks.c.obj
 .bss.xIdleTaskHandle
                0x20001390        0x4 CMakeFiles/toy_car_controller.elf.dir/Middlewares/Third_Party/FreeRTOS/Source/tasks.c.obj
 .bss.xNextTaskUnblockTime
                0x20001394        0x4 CMakeFiles/toy_car_controller.elf.dir/Middlewares/Third_Party/FreeRTOS/Source/tasks.c.obj
 .bss.xNumOfOverflows
                0x20001398        0x4 CMakeFiles/toy_car_controller.elf.dir/Middlewares/Third_Party/FreeRTOS/Source/tasks.c.obj
 .bss.xPendingReadyList
                0x2000139c       0x14 CMakeFiles/toy_car_controller.elf.dir/Middlewares/Third_Party/FreeRTOS/Source/tasks.c.obj
 .bss.xSchedulerRunning
                0x200013b0        0x4 CMakeFiles/toy_car_controller.elf.dir/Middlewares/Third_Party/FreeRTOS/Source/tasks.c.obj
 .bss.xSuspendedTaskList
                0x200013b4       0x14 CMakeFiles/toy_car_controller.elf.dir/Middlewares/Third_Party/FreeRTOS/Source/tasks.c.obj
 .bss.xTasksWaitingTermination
                0x200013c8       0x14 CMakeFiles/toy_car_controller.elf.dir/Middlewares/Third_Party/FreeRTOS/Source/tasks.c.obj
 .bss.xTickCount
                0x200013dc        0x4 CMakeFiles/toy_car_controller.elf.dir/Middlewares/Third_Party/FreeRTOS/Source/tasks.c.obj
 .bss.xYieldPending
                0x200013e0        0x4 CMakeFiles/toy_car_controller.elf.dir/Middlewares/Third_Party/FreeRTOS/Source/tasks.c.obj
 .bss.__lock___atexit_recursive_mutex
                0x200013e4        0x1 c:/progra~1/gcc-arm-none-eabi-10.3-2021.10/bin/../lib/gcc/arm-none-eabi/10.3.1/../../../../arm-none-eabi/lib/thumb/v7-m/nofp\libg.a(lib_a-lock.o)
                0x200013e4                __lock___atexit_recursive_mutex
 *(COMMON)
                0x200013e8                . = ALIGN (0x4)
 *fill*         0x200013e5        0x3 
                0x200013e8                _ebss = .
                0x200013e8                __bss_end__ = _ebss

._user_heap_stack
                0x200013e8      0x600 load address 0x080044cc
                0x200013e8                . = ALIGN (0x8)
                [!provide]                PROVIDE (end = .)
                0x200013e8                PROVIDE (_end = .)
                0x200015e8                . = (. + _Min_Heap_Size)
 *fill*         0x200013e8      0x200 
                0x200019e8                . = (. + _Min_Stack_Size)
 *fill*         0x200015e8      0x400 
                0x200019e8                . = ALIGN (0x8)

/DISCARD/
 libc.a(*)
 libm.a(*)
 libgcc.a(*)

.ARM.attributes
                0x00000000       0x29
 *(.ARM.attributes)
 .ARM.attributes
                0x00000000       0x1d c:/progra~1/gcc-arm-none-eabi-10.3-2021.10/bin/../lib/gcc/arm-none-eabi/10.3.1/thumb/v7-m/nofp/crti.o
 .ARM.attributes
                0x0000001d       0x2d c:/progra~1/gcc-arm-none-eabi-10.3-2021.10/bin/../lib/gcc/arm-none-eabi/10.3.1/thumb/v7-m/nofp/crtbegin.o
 .ARM.attributes
                0x0000004a       0x2d CMakeFiles/toy_car_controller.elf.dir/Core/Src/adc.c.obj
 .ARM.attributes
                0x00000077       0x2d CMakeFiles/toy_car_controller.elf.dir/Core/Src/freertos.c.obj
 .ARM.attributes
                0x000000a4       0x2d CMakeFiles/toy_car_controller.elf.dir/Core/Src/gpio.c.obj
 .ARM.attributes
                0x000000d1       0x2d CMakeFiles/toy_car_controller.elf.dir/Core/Src/main.c.obj
 .ARM.attributes
                0x000000fe       0x2d CMakeFiles/toy_car_controller.elf.dir/Core/Src/nrf24l01p.c.obj
 .ARM.attributes
                0x0000012b       0x2d CMakeFiles/toy_car_controller.elf.dir/Core/Src/oled.c.obj
 .ARM.attributes
                0x00000158       0x2d CMakeFiles/toy_car_controller.elf.dir/Core/Src/spi.c.obj
 .ARM.attributes
                0x00000185       0x2d CMakeFiles/toy_car_controller.elf.dir/Core/Src/stm32f1xx_hal_msp.c.obj
 .ARM.attributes
                0x000001b2       0x2d CMakeFiles/toy_car_controller.elf.dir/Core/Src/stm32f1xx_hal_timebase_tim.c.obj
 .ARM.attributes
                0x000001df       0x2d CMakeFiles/toy_car_controller.elf.dir/Core/Src/stm32f1xx_it.c.obj
 .ARM.attributes
                0x0000020c       0x2d CMakeFiles/toy_car_controller.elf.dir/Core/Src/system_stm32f1xx.c.obj
 .ARM.attributes
                0x00000239       0x21 CMakeFiles/toy_car_controller.elf.dir/Core/Startup/startup_stm32f103c8tx.s.obj
 .ARM.attributes
                0x0000025a       0x2d CMakeFiles/toy_car_controller.elf.dir/Drivers/STM32F1xx_HAL_Driver/Src/stm32f1xx_hal.c.obj
 .ARM.attributes
                0x00000287       0x2d CMakeFiles/toy_car_controller.elf.dir/Drivers/STM32F1xx_HAL_Driver/Src/stm32f1xx_hal_adc.c.obj
 .ARM.attributes
                0x000002b4       0x2d CMakeFiles/toy_car_controller.elf.dir/Drivers/STM32F1xx_HAL_Driver/Src/stm32f1xx_hal_cortex.c.obj
 .ARM.attributes
                0x000002e1       0x2d CMakeFiles/toy_car_controller.elf.dir/Drivers/STM32F1xx_HAL_Driver/Src/stm32f1xx_hal_gpio.c.obj
 .ARM.attributes
                0x0000030e       0x2d CMakeFiles/toy_car_controller.elf.dir/Drivers/STM32F1xx_HAL_Driver/Src/stm32f1xx_hal_rcc.c.obj
 .ARM.attributes
                0x0000033b       0x2d CMakeFiles/toy_car_controller.elf.dir/Drivers/STM32F1xx_HAL_Driver/Src/stm32f1xx_hal_rcc_ex.c.obj
 .ARM.attributes
                0x00000368       0x2d CMakeFiles/toy_car_controller.elf.dir/Drivers/STM32F1xx_HAL_Driver/Src/stm32f1xx_hal_spi.c.obj
 .ARM.attributes
                0x00000395       0x2d CMakeFiles/toy_car_controller.elf.dir/Drivers/STM32F1xx_HAL_Driver/Src/stm32f1xx_hal_tim.c.obj
 .ARM.attributes
                0x000003c2       0x2d CMakeFiles/toy_car_controller.elf.dir/Drivers/STM32F1xx_HAL_Driver/Src/stm32f1xx_hal_tim_ex.c.obj
 .ARM.attributes
                0x000003ef       0x2d CMakeFiles/toy_car_controller.elf.dir/Middlewares/Third_Party/FreeRTOS/Source/CMSIS_RTOS/cmsis_os.c.obj
 .ARM.attributes
                0x0000041c       0x2d CMakeFiles/toy_car_controller.elf.dir/Middlewares/Third_Party/FreeRTOS/Source/list.c.obj
 .ARM.attributes
                0x00000449       0x2d CMakeFiles/toy_car_controller.elf.dir/Middlewares/Third_Party/FreeRTOS/Source/portable/GCC/ARM_CM3/port.c.obj
 .ARM.attributes
                0x00000476       0x2d CMakeFiles/toy_car_controller.elf.dir/Middlewares/Third_Party/FreeRTOS/Source/portable/MemMang/heap_4.c.obj
 .ARM.attributes
                0x000004a3       0x2d CMakeFiles/toy_car_controller.elf.dir/Middlewares/Third_Party/FreeRTOS/Source/tasks.c.obj
 .ARM.attributes
                0x000004d0       0x2d c:/progra~1/gcc-arm-none-eabi-10.3-2021.10/bin/../lib/gcc/arm-none-eabi/10.3.1/../../../../arm-none-eabi/lib/thumb/v7-m/nofp\libg.a(lib_a-impure.o)
 .ARM.attributes
                0x000004fd       0x2d c:/progra~1/gcc-arm-none-eabi-10.3-2021.10/bin/../lib/gcc/arm-none-eabi/10.3.1/../../../../arm-none-eabi/lib/thumb/v7-m/nofp\libg.a(lib_a-init.o)
 .ARM.attributes
                0x0000052a       0x2d c:/progra~1/gcc-arm-none-eabi-10.3-2021.10/bin/../lib/gcc/arm-none-eabi/10.3.1/../../../../arm-none-eabi/lib/thumb/v7-m/nofp\libg.a(lib_a-memset.o)
 .ARM.attributes
                0x00000557       0x2d c:/progra~1/gcc-arm-none-eabi-10.3-2021.10/bin/../lib/gcc/arm-none-eabi/10.3.1/../../../../arm-none-eabi/lib/thumb/v7-m/nofp\libg.a(lib_a-__call_atexit.o)
 .ARM.attributes
                0x00000584       0x2d c:/progra~1/gcc-arm-none-eabi-10.3-2021.10/bin/../lib/gcc/arm-none-eabi/10.3.1/../../../../arm-none-eabi/lib/thumb/v7-m/nofp\libg.a(lib_a-atexit.o)
 .ARM.attributes
                0x000005b1       0x2d c:/progra~1/gcc-arm-none-eabi-10.3-2021.10/bin/../lib/gcc/arm-none-eabi/10.3.1/../../../../arm-none-eabi/lib/thumb/v7-m/nofp\libg.a(lib_a-fini.o)
 .ARM.attributes
                0x000005de       0x2d c:/progra~1/gcc-arm-none-eabi-10.3-2021.10/bin/../lib/gcc/arm-none-eabi/10.3.1/../../../../arm-none-eabi/lib/thumb/v7-m/nofp\libg.a(lib_a-lock.o)
 .ARM.attributes
                0x0000060b       0x2d c:/progra~1/gcc-arm-none-eabi-10.3-2021.10/bin/../lib/gcc/arm-none-eabi/10.3.1/../../../../arm-none-eabi/lib/thumb/v7-m/nofp\libg.a(lib_a-__atexit.o)
 .ARM.attributes
                0x00000638       0x1d c:/progra~1/gcc-arm-none-eabi-10.3-2021.10/bin/../lib/gcc/arm-none-eabi/10.3.1/thumb/v7-m/nofp/crtn.o
OUTPUT(toy_car_controller.elf elf32-littlearm)
LOAD linker stubs
LOAD c:/progra~1/gcc-arm-none-eabi-10.3-2021.10/bin/../lib/gcc/arm-none-eabi/10.3.1/../../../../arm-none-eabi/lib/thumb/v7-m/nofp\libc.a
LOAD c:/progra~1/gcc-arm-none-eabi-10.3-2021.10/bin/../lib/gcc/arm-none-eabi/10.3.1/../../../../arm-none-eabi/lib/thumb/v7-m/nofp\libm.a
LOAD c:/progra~1/gcc-arm-none-eabi-10.3-2021.10/bin/../lib/gcc/arm-none-eabi/10.3.1/thumb/v7-m/nofp\libgcc.a

.debug_info     0x00000000    0x16a41
 .debug_info    0x00000000      0x860 CMakeFiles/toy_car_controller.elf.dir/Core/Src/adc.c.obj
 .debug_info    0x00000860      0x5b0 CMakeFiles/toy_car_controller.elf.dir/Core/Src/freertos.c.obj
 .debug_info    0x00000e10      0x51d CMakeFiles/toy_car_controller.elf.dir/Core/Src/gpio.c.obj
 .debug_info    0x0000132d      0xeae CMakeFiles/toy_car_controller.elf.dir/Core/Src/main.c.obj
 .debug_info    0x000021db     0x15ee CMakeFiles/toy_car_controller.elf.dir/Core/Src/nrf24l01p.c.obj
 .debug_info    0x000037c9      0xd47 CMakeFiles/toy_car_controller.elf.dir/Core/Src/oled.c.obj
 .debug_info    0x00004510      0x874 CMakeFiles/toy_car_controller.elf.dir/Core/Src/spi.c.obj
 .debug_info    0x00004d84      0x387 CMakeFiles/toy_car_controller.elf.dir/Core/Src/stm32f1xx_hal_msp.c.obj
 .debug_info    0x0000510b      0xa4e CMakeFiles/toy_car_controller.elf.dir/Core/Src/stm32f1xx_hal_timebase_tim.c.obj
 .debug_info    0x00005b59      0x6fa CMakeFiles/toy_car_controller.elf.dir/Core/Src/stm32f1xx_it.c.obj
 .debug_info    0x00006253      0x248 CMakeFiles/toy_car_controller.elf.dir/Core/Src/system_stm32f1xx.c.obj
 .debug_info    0x0000649b       0x22 CMakeFiles/toy_car_controller.elf.dir/Core/Startup/startup_stm32f103c8tx.s.obj
 .debug_info    0x000064bd      0x7a8 CMakeFiles/toy_car_controller.elf.dir/Drivers/STM32F1xx_HAL_Driver/Src/stm32f1xx_hal.c.obj
 .debug_info    0x00006c65      0xf3f CMakeFiles/toy_car_controller.elf.dir/Drivers/STM32F1xx_HAL_Driver/Src/stm32f1xx_hal_adc.c.obj
 .debug_info    0x00007ba4      0xd8a CMakeFiles/toy_car_controller.elf.dir/Drivers/STM32F1xx_HAL_Driver/Src/stm32f1xx_hal_cortex.c.obj
 .debug_info    0x0000892e      0x66f CMakeFiles/toy_car_controller.elf.dir/Drivers/STM32F1xx_HAL_Driver/Src/stm32f1xx_hal_gpio.c.obj
 .debug_info    0x00008f9d      0xa3b CMakeFiles/toy_car_controller.elf.dir/Drivers/STM32F1xx_HAL_Driver/Src/stm32f1xx_hal_rcc.c.obj
 .debug_info    0x000099d8      0x449 CMakeFiles/toy_car_controller.elf.dir/Drivers/STM32F1xx_HAL_Driver/Src/stm32f1xx_hal_rcc_ex.c.obj
 .debug_info    0x00009e21     0x1d75 CMakeFiles/toy_car_controller.elf.dir/Drivers/STM32F1xx_HAL_Driver/Src/stm32f1xx_hal_spi.c.obj
 .debug_info    0x0000bb96     0x3d52 CMakeFiles/toy_car_controller.elf.dir/Drivers/STM32F1xx_HAL_Driver/Src/stm32f1xx_hal_tim.c.obj
 .debug_info    0x0000f8e8     0x1abb CMakeFiles/toy_car_controller.elf.dir/Drivers/STM32F1xx_HAL_Driver/Src/stm32f1xx_hal_tim_ex.c.obj
 .debug_info    0x000113a3     0x220a CMakeFiles/toy_car_controller.elf.dir/Middlewares/Third_Party/FreeRTOS/Source/CMSIS_RTOS/cmsis_os.c.obj
 .debug_info    0x000135ad      0x2da CMakeFiles/toy_car_controller.elf.dir/Middlewares/Third_Party/FreeRTOS/Source/list.c.obj
 .debug_info    0x00013887      0x52b CMakeFiles/toy_car_controller.elf.dir/Middlewares/Third_Party/FreeRTOS/Source/portable/GCC/ARM_CM3/port.c.obj
 .debug_info    0x00013db2      0x471 CMakeFiles/toy_car_controller.elf.dir/Middlewares/Third_Party/FreeRTOS/Source/portable/MemMang/heap_4.c.obj
 .debug_info    0x00014223     0x281e CMakeFiles/toy_car_controller.elf.dir/Middlewares/Third_Party/FreeRTOS/Source/tasks.c.obj

.debug_abbrev   0x00000000     0x33d2
 .debug_abbrev  0x00000000      0x1c1 CMakeFiles/toy_car_controller.elf.dir/Core/Src/adc.c.obj
 .debug_abbrev  0x000001c1      0x169 CMakeFiles/toy_car_controller.elf.dir/Core/Src/freertos.c.obj
 .debug_abbrev  0x0000032a      0x158 CMakeFiles/toy_car_controller.elf.dir/Core/Src/gpio.c.obj
 .debug_abbrev  0x00000482      0x27e CMakeFiles/toy_car_controller.elf.dir/Core/Src/main.c.obj
 .debug_abbrev  0x00000700      0x2c9 CMakeFiles/toy_car_controller.elf.dir/Core/Src/nrf24l01p.c.obj
 .debug_abbrev  0x000009c9      0x1dd CMakeFiles/toy_car_controller.elf.dir/Core/Src/oled.c.obj
 .debug_abbrev  0x00000ba6      0x1c1 CMakeFiles/toy_car_controller.elf.dir/Core/Src/spi.c.obj
 .debug_abbrev  0x00000d67      0x12d CMakeFiles/toy_car_controller.elf.dir/Core/Src/stm32f1xx_hal_msp.c.obj
 .debug_abbrev  0x00000e94      0x1ff CMakeFiles/toy_car_controller.elf.dir/Core/Src/stm32f1xx_hal_timebase_tim.c.obj
 .debug_abbrev  0x00001093      0x1a3 CMakeFiles/toy_car_controller.elf.dir/Core/Src/stm32f1xx_it.c.obj
 .debug_abbrev  0x00001236      0x13e CMakeFiles/toy_car_controller.elf.dir/Core/Src/system_stm32f1xx.c.obj
 .debug_abbrev  0x00001374       0x12 CMakeFiles/toy_car_controller.elf.dir/Core/Startup/startup_stm32f103c8tx.s.obj
 .debug_abbrev  0x00001386      0x1f4 CMakeFiles/toy_car_controller.elf.dir/Drivers/STM32F1xx_HAL_Driver/Src/stm32f1xx_hal.c.obj
 .debug_abbrev  0x0000157a      0x1fc CMakeFiles/toy_car_controller.elf.dir/Drivers/STM32F1xx_HAL_Driver/Src/stm32f1xx_hal_adc.c.obj
 .debug_abbrev  0x00001776      0x341 CMakeFiles/toy_car_controller.elf.dir/Drivers/STM32F1xx_HAL_Driver/Src/stm32f1xx_hal_cortex.c.obj
 .debug_abbrev  0x00001ab7      0x1e6 CMakeFiles/toy_car_controller.elf.dir/Drivers/STM32F1xx_HAL_Driver/Src/stm32f1xx_hal_gpio.c.obj
 .debug_abbrev  0x00001c9d      0x27a CMakeFiles/toy_car_controller.elf.dir/Drivers/STM32F1xx_HAL_Driver/Src/stm32f1xx_hal_rcc.c.obj
 .debug_abbrev  0x00001f17      0x1d2 CMakeFiles/toy_car_controller.elf.dir/Drivers/STM32F1xx_HAL_Driver/Src/stm32f1xx_hal_rcc_ex.c.obj
 .debug_abbrev  0x000020e9      0x23b CMakeFiles/toy_car_controller.elf.dir/Drivers/STM32F1xx_HAL_Driver/Src/stm32f1xx_hal_spi.c.obj
 .debug_abbrev  0x00002324      0x245 CMakeFiles/toy_car_controller.elf.dir/Drivers/STM32F1xx_HAL_Driver/Src/stm32f1xx_hal_tim.c.obj
 .debug_abbrev  0x00002569      0x248 CMakeFiles/toy_car_controller.elf.dir/Drivers/STM32F1xx_HAL_Driver/Src/stm32f1xx_hal_tim_ex.c.obj
 .debug_abbrev  0x000027b1      0x352 CMakeFiles/toy_car_controller.elf.dir/Middlewares/Third_Party/FreeRTOS/Source/CMSIS_RTOS/cmsis_os.c.obj
 .debug_abbrev  0x00002b03      0x106 CMakeFiles/toy_car_controller.elf.dir/Middlewares/Third_Party/FreeRTOS/Source/list.c.obj
 .debug_abbrev  0x00002c09      0x27e CMakeFiles/toy_car_controller.elf.dir/Middlewares/Third_Party/FreeRTOS/Source/portable/GCC/ARM_CM3/port.c.obj
 .debug_abbrev  0x00002e87      0x238 CMakeFiles/toy_car_controller.elf.dir/Middlewares/Third_Party/FreeRTOS/Source/portable/MemMang/heap_4.c.obj
 .debug_abbrev  0x000030bf      0x313 CMakeFiles/toy_car_controller.elf.dir/Middlewares/Third_Party/FreeRTOS/Source/tasks.c.obj

.debug_loc      0x00000000     0xf4e9
 .debug_loc     0x00000000       0x84 CMakeFiles/toy_car_controller.elf.dir/Core/Src/adc.c.obj
 .debug_loc     0x00000084       0x94 CMakeFiles/toy_car_controller.elf.dir/Core/Src/freertos.c.obj
 .debug_loc     0x00000118      0x11b CMakeFiles/toy_car_controller.elf.dir/Core/Src/main.c.obj
 .debug_loc     0x00000233      0x51f CMakeFiles/toy_car_controller.elf.dir/Core/Src/nrf24l01p.c.obj
 .debug_loc     0x00000752      0x786 CMakeFiles/toy_car_controller.elf.dir/Core/Src/oled.c.obj
 .debug_loc     0x00000ed8       0x84 CMakeFiles/toy_car_controller.elf.dir/Core/Src/spi.c.obj
 .debug_loc     0x00000f5c       0x15 CMakeFiles/toy_car_controller.elf.dir/Core/Src/stm32f1xx_hal_msp.c.obj
 .debug_loc     0x00000f71      0x10e CMakeFiles/toy_car_controller.elf.dir/Core/Src/stm32f1xx_hal_timebase_tim.c.obj
 .debug_loc     0x0000107f       0xff CMakeFiles/toy_car_controller.elf.dir/Core/Src/system_stm32f1xx.c.obj
 .debug_loc     0x0000117e      0x141 CMakeFiles/toy_car_controller.elf.dir/Drivers/STM32F1xx_HAL_Driver/Src/stm32f1xx_hal.c.obj
 .debug_loc     0x000012bf      0xb03 CMakeFiles/toy_car_controller.elf.dir/Drivers/STM32F1xx_HAL_Driver/Src/stm32f1xx_hal_adc.c.obj
 .debug_loc     0x00001dc2      0x71f CMakeFiles/toy_car_controller.elf.dir/Drivers/STM32F1xx_HAL_Driver/Src/stm32f1xx_hal_cortex.c.obj
 .debug_loc     0x000024e1      0x47d CMakeFiles/toy_car_controller.elf.dir/Drivers/STM32F1xx_HAL_Driver/Src/stm32f1xx_hal_gpio.c.obj
 .debug_loc     0x0000295e      0x618 CMakeFiles/toy_car_controller.elf.dir/Drivers/STM32F1xx_HAL_Driver/Src/stm32f1xx_hal_rcc.c.obj
 .debug_loc     0x00002f76      0x43d CMakeFiles/toy_car_controller.elf.dir/Drivers/STM32F1xx_HAL_Driver/Src/stm32f1xx_hal_rcc_ex.c.obj
 .debug_loc     0x000033b3     0x1e2f CMakeFiles/toy_car_controller.elf.dir/Drivers/STM32F1xx_HAL_Driver/Src/stm32f1xx_hal_spi.c.obj
 .debug_loc     0x000051e2     0x50fa CMakeFiles/toy_car_controller.elf.dir/Drivers/STM32F1xx_HAL_Driver/Src/stm32f1xx_hal_tim.c.obj
 .debug_loc     0x0000a2dc     0x1c93 CMakeFiles/toy_car_controller.elf.dir/Drivers/STM32F1xx_HAL_Driver/Src/stm32f1xx_hal_tim_ex.c.obj
 .debug_loc     0x0000bf6f     0x12e6 CMakeFiles/toy_car_controller.elf.dir/Middlewares/Third_Party/FreeRTOS/Source/CMSIS_RTOS/cmsis_os.c.obj
 .debug_loc     0x0000d255       0xad CMakeFiles/toy_car_controller.elf.dir/Middlewares/Third_Party/FreeRTOS/Source/list.c.obj
 .debug_loc     0x0000d302       0xe8 CMakeFiles/toy_car_controller.elf.dir/Middlewares/Third_Party/FreeRTOS/Source/portable/GCC/ARM_CM3/port.c.obj
 .debug_loc     0x0000d3ea      0x331 CMakeFiles/toy_car_controller.elf.dir/Middlewares/Third_Party/FreeRTOS/Source/portable/MemMang/heap_4.c.obj
 .debug_loc     0x0000d71b     0x1dce CMakeFiles/toy_car_controller.elf.dir/Middlewares/Third_Party/FreeRTOS/Source/tasks.c.obj

.debug_aranges  0x00000000     0x12b8
 .debug_aranges
                0x00000000       0x30 CMakeFiles/toy_car_controller.elf.dir/Core/Src/adc.c.obj
 .debug_aranges
                0x00000030       0x48 CMakeFiles/toy_car_controller.elf.dir/Core/Src/freertos.c.obj
 .debug_aranges
                0x00000078       0x20 CMakeFiles/toy_car_controller.elf.dir/Core/Src/gpio.c.obj
 .debug_aranges
                0x00000098       0x58 CMakeFiles/toy_car_controller.elf.dir/Core/Src/main.c.obj
 .debug_aranges
                0x000000f0      0x120 CMakeFiles/toy_car_controller.elf.dir/Core/Src/nrf24l01p.c.obj
 .debug_aranges
                0x00000210       0x78 CMakeFiles/toy_car_controller.elf.dir/Core/Src/oled.c.obj
 .debug_aranges
                0x00000288       0x30 CMakeFiles/toy_car_controller.elf.dir/Core/Src/spi.c.obj
 .debug_aranges
                0x000002b8       0x20 CMakeFiles/toy_car_controller.elf.dir/Core/Src/stm32f1xx_hal_msp.c.obj
 .debug_aranges
                0x000002d8       0x30 CMakeFiles/toy_car_controller.elf.dir/Core/Src/stm32f1xx_hal_timebase_tim.c.obj
 .debug_aranges
                0x00000308       0x58 CMakeFiles/toy_car_controller.elf.dir/Core/Src/stm32f1xx_it.c.obj
 .debug_aranges
                0x00000360       0x28 CMakeFiles/toy_car_controller.elf.dir/Core/Src/system_stm32f1xx.c.obj
 .debug_aranges
                0x00000388       0x28 CMakeFiles/toy_car_controller.elf.dir/Core/Startup/startup_stm32f103c8tx.s.obj
 .debug_aranges
                0x000003b0       0xe0 CMakeFiles/toy_car_controller.elf.dir/Drivers/STM32F1xx_HAL_Driver/Src/stm32f1xx_hal.c.obj
 .debug_aranges
                0x00000490       0xf0 CMakeFiles/toy_car_controller.elf.dir/Drivers/STM32F1xx_HAL_Driver/Src/stm32f1xx_hal_adc.c.obj
 .debug_aranges
                0x00000580       0x90 CMakeFiles/toy_car_controller.elf.dir/Drivers/STM32F1xx_HAL_Driver/Src/stm32f1xx_hal_cortex.c.obj
 .debug_aranges
                0x00000610       0x58 CMakeFiles/toy_car_controller.elf.dir/Drivers/STM32F1xx_HAL_Driver/Src/stm32f1xx_hal_gpio.c.obj
 .debug_aranges
                0x00000668       0x90 CMakeFiles/toy_car_controller.elf.dir/Drivers/STM32F1xx_HAL_Driver/Src/stm32f1xx_hal_rcc.c.obj
 .debug_aranges
                0x000006f8       0x30 CMakeFiles/toy_car_controller.elf.dir/Drivers/STM32F1xx_HAL_Driver/Src/stm32f1xx_hal_rcc_ex.c.obj
 .debug_aranges
                0x00000728      0x1d0 CMakeFiles/toy_car_controller.elf.dir/Drivers/STM32F1xx_HAL_Driver/Src/stm32f1xx_hal_spi.c.obj
 .debug_aranges
                0x000008f8      0x3d0 CMakeFiles/toy_car_controller.elf.dir/Drivers/STM32F1xx_HAL_Driver/Src/stm32f1xx_hal_tim.c.obj
 .debug_aranges
                0x00000cc8      0x168 CMakeFiles/toy_car_controller.elf.dir/Drivers/STM32F1xx_HAL_Driver/Src/stm32f1xx_hal_tim_ex.c.obj
 .debug_aranges
                0x00000e30      0x1d8 CMakeFiles/toy_car_controller.elf.dir/Middlewares/Third_Party/FreeRTOS/Source/CMSIS_RTOS/cmsis_os.c.obj
 .debug_aranges
                0x00001008       0x40 CMakeFiles/toy_car_controller.elf.dir/Middlewares/Third_Party/FreeRTOS/Source/list.c.obj
 .debug_aranges
                0x00001048       0x78 CMakeFiles/toy_car_controller.elf.dir/Middlewares/Third_Party/FreeRTOS/Source/portable/GCC/ARM_CM3/port.c.obj
 .debug_aranges
                0x000010c0       0x50 CMakeFiles/toy_car_controller.elf.dir/Middlewares/Third_Party/FreeRTOS/Source/portable/MemMang/heap_4.c.obj
 .debug_aranges
                0x00001110      0x1a8 CMakeFiles/toy_car_controller.elf.dir/Middlewares/Third_Party/FreeRTOS/Source/tasks.c.obj

.debug_ranges   0x00000000     0x12a0
 .debug_ranges  0x00000000       0x20 CMakeFiles/toy_car_controller.elf.dir/Core/Src/adc.c.obj
 .debug_ranges  0x00000020       0x38 CMakeFiles/toy_car_controller.elf.dir/Core/Src/freertos.c.obj
 .debug_ranges  0x00000058       0x10 CMakeFiles/toy_car_controller.elf.dir/Core/Src/gpio.c.obj
 .debug_ranges  0x00000068       0x60 CMakeFiles/toy_car_controller.elf.dir/Core/Src/main.c.obj
 .debug_ranges  0x000000c8      0x110 CMakeFiles/toy_car_controller.elf.dir/Core/Src/nrf24l01p.c.obj
 .debug_ranges  0x000001d8       0x68 CMakeFiles/toy_car_controller.elf.dir/Core/Src/oled.c.obj
 .debug_ranges  0x00000240       0x20 CMakeFiles/toy_car_controller.elf.dir/Core/Src/spi.c.obj
 .debug_ranges  0x00000260       0x10 CMakeFiles/toy_car_controller.elf.dir/Core/Src/stm32f1xx_hal_msp.c.obj
 .debug_ranges  0x00000270       0x20 CMakeFiles/toy_car_controller.elf.dir/Core/Src/stm32f1xx_hal_timebase_tim.c.obj
 .debug_ranges  0x00000290       0x48 CMakeFiles/toy_car_controller.elf.dir/Core/Src/stm32f1xx_it.c.obj
 .debug_ranges  0x000002d8       0x18 CMakeFiles/toy_car_controller.elf.dir/Core/Src/system_stm32f1xx.c.obj
 .debug_ranges  0x000002f0       0x20 CMakeFiles/toy_car_controller.elf.dir/Core/Startup/startup_stm32f103c8tx.s.obj
 .debug_ranges  0x00000310       0xd0 CMakeFiles/toy_car_controller.elf.dir/Drivers/STM32F1xx_HAL_Driver/Src/stm32f1xx_hal.c.obj
 .debug_ranges  0x000003e0       0xe0 CMakeFiles/toy_car_controller.elf.dir/Drivers/STM32F1xx_HAL_Driver/Src/stm32f1xx_hal_adc.c.obj
 .debug_ranges  0x000004c0       0xe0 CMakeFiles/toy_car_controller.elf.dir/Drivers/STM32F1xx_HAL_Driver/Src/stm32f1xx_hal_cortex.c.obj
 .debug_ranges  0x000005a0       0x48 CMakeFiles/toy_car_controller.elf.dir/Drivers/STM32F1xx_HAL_Driver/Src/stm32f1xx_hal_gpio.c.obj
 .debug_ranges  0x000005e8       0xa0 CMakeFiles/toy_car_controller.elf.dir/Drivers/STM32F1xx_HAL_Driver/Src/stm32f1xx_hal_rcc.c.obj
 .debug_ranges  0x00000688       0x38 CMakeFiles/toy_car_controller.elf.dir/Drivers/STM32F1xx_HAL_Driver/Src/stm32f1xx_hal_rcc_ex.c.obj
 .debug_ranges  0x000006c0      0x1c0 CMakeFiles/toy_car_controller.elf.dir/Drivers/STM32F1xx_HAL_Driver/Src/stm32f1xx_hal_spi.c.obj
 .debug_ranges  0x00000880      0x3c0 CMakeFiles/toy_car_controller.elf.dir/Drivers/STM32F1xx_HAL_Driver/Src/stm32f1xx_hal_tim.c.obj
 .debug_ranges  0x00000c40      0x158 CMakeFiles/toy_car_controller.elf.dir/Drivers/STM32F1xx_HAL_Driver/Src/stm32f1xx_hal_tim_ex.c.obj
 .debug_ranges  0x00000d98      0x1c8 CMakeFiles/toy_car_controller.elf.dir/Middlewares/Third_Party/FreeRTOS/Source/CMSIS_RTOS/cmsis_os.c.obj
 .debug_ranges  0x00000f60       0x30 CMakeFiles/toy_car_controller.elf.dir/Middlewares/Third_Party/FreeRTOS/Source/list.c.obj
 .debug_ranges  0x00000f90       0x68 CMakeFiles/toy_car_controller.elf.dir/Middlewares/Third_Party/FreeRTOS/Source/portable/GCC/ARM_CM3/port.c.obj
 .debug_ranges  0x00000ff8       0x40 CMakeFiles/toy_car_controller.elf.dir/Middlewares/Third_Party/FreeRTOS/Source/portable/MemMang/heap_4.c.obj
 .debug_ranges  0x00001038      0x268 CMakeFiles/toy_car_controller.elf.dir/Middlewares/Third_Party/FreeRTOS/Source/tasks.c.obj

.debug_line     0x00000000    0x13505
 .debug_line    0x00000000      0x39f CMakeFiles/toy_car_controller.elf.dir/Core/Src/adc.c.obj
 .debug_line    0x0000039f      0x39e CMakeFiles/toy_car_controller.elf.dir/Core/Src/freertos.c.obj
 .debug_line    0x0000073d      0x29d CMakeFiles/toy_car_controller.elf.dir/Core/Src/gpio.c.obj
 .debug_line    0x000009da      0x617 CMakeFiles/toy_car_controller.elf.dir/Core/Src/main.c.obj
 .debug_line    0x00000ff1      0x7a4 CMakeFiles/toy_car_controller.elf.dir/Core/Src/nrf24l01p.c.obj
 .debug_line    0x00001795      0x760 CMakeFiles/toy_car_controller.elf.dir/Core/Src/oled.c.obj
 .debug_line    0x00001ef5      0x3ae CMakeFiles/toy_car_controller.elf.dir/Core/Src/spi.c.obj
 .debug_line    0x000022a3      0x226 CMakeFiles/toy_car_controller.elf.dir/Core/Src/stm32f1xx_hal_msp.c.obj
 .debug_line    0x000024c9      0x374 CMakeFiles/toy_car_controller.elf.dir/Core/Src/stm32f1xx_hal_timebase_tim.c.obj
 .debug_line    0x0000283d      0x337 CMakeFiles/toy_car_controller.elf.dir/Core/Src/stm32f1xx_it.c.obj
 .debug_line    0x00002b74      0x280 CMakeFiles/toy_car_controller.elf.dir/Core/Src/system_stm32f1xx.c.obj
 .debug_line    0x00002df4       0xb6 CMakeFiles/toy_car_controller.elf.dir/Core/Startup/startup_stm32f103c8tx.s.obj
 .debug_line    0x00002eaa      0x5ce CMakeFiles/toy_car_controller.elf.dir/Drivers/STM32F1xx_HAL_Driver/Src/stm32f1xx_hal.c.obj
 .debug_line    0x00003478      0xf5a CMakeFiles/toy_car_controller.elf.dir/Drivers/STM32F1xx_HAL_Driver/Src/stm32f1xx_hal_adc.c.obj
 .debug_line    0x000043d2      0x6a6 CMakeFiles/toy_car_controller.elf.dir/Drivers/STM32F1xx_HAL_Driver/Src/stm32f1xx_hal_cortex.c.obj
 .debug_line    0x00004a78      0x64e CMakeFiles/toy_car_controller.elf.dir/Drivers/STM32F1xx_HAL_Driver/Src/stm32f1xx_hal_gpio.c.obj
 .debug_line    0x000050c6      0xc8b CMakeFiles/toy_car_controller.elf.dir/Drivers/STM32F1xx_HAL_Driver/Src/stm32f1xx_hal_rcc.c.obj
 .debug_line    0x00005d51      0x500 CMakeFiles/toy_car_controller.elf.dir/Drivers/STM32F1xx_HAL_Driver/Src/stm32f1xx_hal_rcc_ex.c.obj
 .debug_line    0x00006251     0x2535 CMakeFiles/toy_car_controller.elf.dir/Drivers/STM32F1xx_HAL_Driver/Src/stm32f1xx_hal_spi.c.obj
 .debug_line    0x00008786     0x49e6 CMakeFiles/toy_car_controller.elf.dir/Drivers/STM32F1xx_HAL_Driver/Src/stm32f1xx_hal_tim.c.obj
 .debug_line    0x0000d16c     0x1c5b CMakeFiles/toy_car_controller.elf.dir/Drivers/STM32F1xx_HAL_Driver/Src/stm32f1xx_hal_tim_ex.c.obj
 .debug_line    0x0000edc7     0x1245 CMakeFiles/toy_car_controller.elf.dir/Middlewares/Third_Party/FreeRTOS/Source/CMSIS_RTOS/cmsis_os.c.obj
 .debug_line    0x0001000c      0x3e1 CMakeFiles/toy_car_controller.elf.dir/Middlewares/Third_Party/FreeRTOS/Source/list.c.obj
 .debug_line    0x000103ed      0x692 CMakeFiles/toy_car_controller.elf.dir/Middlewares/Third_Party/FreeRTOS/Source/portable/GCC/ARM_CM3/port.c.obj
 .debug_line    0x00010a7f      0x6d5 CMakeFiles/toy_car_controller.elf.dir/Middlewares/Third_Party/FreeRTOS/Source/portable/MemMang/heap_4.c.obj
 .debug_line    0x00011154     0x23b1 CMakeFiles/toy_car_controller.elf.dir/Middlewares/Third_Party/FreeRTOS/Source/tasks.c.obj

.debug_str      0x00000000     0x5f59
 .debug_str     0x00000000      0x5ed CMakeFiles/toy_car_controller.elf.dir/Core/Src/adc.c.obj
                                0x67d (size before relaxing)
 .debug_str     0x000005ed      0x382 CMakeFiles/toy_car_controller.elf.dir/Core/Src/freertos.c.obj
                                0x57e (size before relaxing)
 .debug_str     0x0000096f      0x37b CMakeFiles/toy_car_controller.elf.dir/Core/Src/gpio.c.obj
                                0x5d8 (size before relaxing)
 .debug_str     0x00000cea      0x609 CMakeFiles/toy_car_controller.elf.dir/Core/Src/main.c.obj
                                0xbc6 (size before relaxing)
 .debug_str     0x000012f3      0x55f CMakeFiles/toy_car_controller.elf.dir/Core/Src/nrf24l01p.c.obj
                                0xa0c (size before relaxing)
 .debug_str     0x00001852       0xec CMakeFiles/toy_car_controller.elf.dir/Core/Src/oled.c.obj
                                0x335 (size before relaxing)
 .debug_str     0x0000193e       0x7b CMakeFiles/toy_car_controller.elf.dir/Core/Src/spi.c.obj
                                0x6e9 (size before relaxing)
 .debug_str     0x000019b9       0x8a CMakeFiles/toy_car_controller.elf.dir/Core/Src/stm32f1xx_hal_msp.c.obj
                                0x567 (size before relaxing)
 .debug_str     0x00001a43      0x149 CMakeFiles/toy_car_controller.elf.dir/Core/Src/stm32f1xx_hal_timebase_tim.c.obj
                                0xb70 (size before relaxing)
 .debug_str     0x00001b8c       0xff CMakeFiles/toy_car_controller.elf.dir/Core/Src/stm32f1xx_it.c.obj
                                0x77a (size before relaxing)
 .debug_str     0x00001c8b       0xae CMakeFiles/toy_car_controller.elf.dir/Core/Src/system_stm32f1xx.c.obj
                                0x2b2 (size before relaxing)
 .debug_str     0x00001d39       0x66 CMakeFiles/toy_car_controller.elf.dir/Core/Startup/startup_stm32f103c8tx.s.obj
                                 0xab (size before relaxing)
 .debug_str     0x00001d9f      0x2d4 CMakeFiles/toy_car_controller.elf.dir/Drivers/STM32F1xx_HAL_Driver/Src/stm32f1xx_hal.c.obj
                                0x882 (size before relaxing)
 .debug_str     0x00002073      0x336 CMakeFiles/toy_car_controller.elf.dir/Drivers/STM32F1xx_HAL_Driver/Src/stm32f1xx_hal_adc.c.obj
                                0x938 (size before relaxing)
 .debug_str     0x000023a9      0x3d9 CMakeFiles/toy_car_controller.elf.dir/Drivers/STM32F1xx_HAL_Driver/Src/stm32f1xx_hal_cortex.c.obj
                                0x931 (size before relaxing)
 .debug_str     0x00002782       0xf9 CMakeFiles/toy_car_controller.elf.dir/Drivers/STM32F1xx_HAL_Driver/Src/stm32f1xx_hal_gpio.c.obj
                                0x45e (size before relaxing)
 .debug_str     0x0000287b      0x1df CMakeFiles/toy_car_controller.elf.dir/Drivers/STM32F1xx_HAL_Driver/Src/stm32f1xx_hal_rcc.c.obj
                                0x689 (size before relaxing)
 .debug_str     0x00002a5a       0xb4 CMakeFiles/toy_car_controller.elf.dir/Drivers/STM32F1xx_HAL_Driver/Src/stm32f1xx_hal_rcc_ex.c.obj
                                0x431 (size before relaxing)
 .debug_str     0x00002b0e      0x52a CMakeFiles/toy_car_controller.elf.dir/Drivers/STM32F1xx_HAL_Driver/Src/stm32f1xx_hal_spi.c.obj
                                0xbc5 (size before relaxing)
 .debug_str     0x00003038      0xed4 CMakeFiles/toy_car_controller.elf.dir/Drivers/STM32F1xx_HAL_Driver/Src/stm32f1xx_hal_tim.c.obj
                               0x169d (size before relaxing)
 .debug_str     0x00003f0c      0x5c4 CMakeFiles/toy_car_controller.elf.dir/Drivers/STM32F1xx_HAL_Driver/Src/stm32f1xx_hal_tim_ex.c.obj
                                0xe9e (size before relaxing)
 .debug_str     0x000044d0      0xbb0 CMakeFiles/toy_car_controller.elf.dir/Middlewares/Third_Party/FreeRTOS/Source/CMSIS_RTOS/cmsis_os.c.obj
                               0x1054 (size before relaxing)
 .debug_str     0x00005080      0x169 CMakeFiles/toy_car_controller.elf.dir/Middlewares/Third_Party/FreeRTOS/Source/list.c.obj
                                0x353 (size before relaxing)
 .debug_str     0x000051e9      0x24d CMakeFiles/toy_car_controller.elf.dir/Middlewares/Third_Party/FreeRTOS/Source/portable/GCC/ARM_CM3/port.c.obj
                                0x4bf (size before relaxing)
 .debug_str     0x00005436      0x218 CMakeFiles/toy_car_controller.elf.dir/Middlewares/Third_Party/FreeRTOS/Source/portable/MemMang/heap_4.c.obj
                                0x43c (size before relaxing)
 .debug_str     0x0000564e      0x90b CMakeFiles/toy_car_controller.elf.dir/Middlewares/Third_Party/FreeRTOS/Source/tasks.c.obj
                               0x1027 (size before relaxing)

.comment        0x00000000       0x49
 .comment       0x00000000       0x49 CMakeFiles/toy_car_controller.elf.dir/Core/Src/adc.c.obj
                                 0x4a (size before relaxing)
 .comment       0x00000049       0x4a CMakeFiles/toy_car_controller.elf.dir/Core/Src/freertos.c.obj
 .comment       0x00000049       0x4a CMakeFiles/toy_car_controller.elf.dir/Core/Src/gpio.c.obj
 .comment       0x00000049       0x4a CMakeFiles/toy_car_controller.elf.dir/Core/Src/main.c.obj
 .comment       0x00000049       0x4a CMakeFiles/toy_car_controller.elf.dir/Core/Src/nrf24l01p.c.obj
 .comment       0x00000049       0x4a CMakeFiles/toy_car_controller.elf.dir/Core/Src/oled.c.obj
 .comment       0x00000049       0x4a CMakeFiles/toy_car_controller.elf.dir/Core/Src/spi.c.obj
 .comment       0x00000049       0x4a CMakeFiles/toy_car_controller.elf.dir/Core/Src/stm32f1xx_hal_msp.c.obj
 .comment       0x00000049       0x4a CMakeFiles/toy_car_controller.elf.dir/Core/Src/stm32f1xx_hal_timebase_tim.c.obj
 .comment       0x00000049       0x4a CMakeFiles/toy_car_controller.elf.dir/Core/Src/stm32f1xx_it.c.obj
 .comment       0x00000049       0x4a CMakeFiles/toy_car_controller.elf.dir/Core/Src/system_stm32f1xx.c.obj
 .comment       0x00000049       0x4a CMakeFiles/toy_car_controller.elf.dir/Drivers/STM32F1xx_HAL_Driver/Src/stm32f1xx_hal.c.obj
 .comment       0x00000049       0x4a CMakeFiles/toy_car_controller.elf.dir/Drivers/STM32F1xx_HAL_Driver/Src/stm32f1xx_hal_adc.c.obj
 .comment       0x00000049       0x4a CMakeFiles/toy_car_controller.elf.dir/Drivers/STM32F1xx_HAL_Driver/Src/stm32f1xx_hal_cortex.c.obj
 .comment       0x00000049       0x4a CMakeFiles/toy_car_controller.elf.dir/Drivers/STM32F1xx_HAL_Driver/Src/stm32f1xx_hal_gpio.c.obj
 .comment       0x00000049       0x4a CMakeFiles/toy_car_controller.elf.dir/Drivers/STM32F1xx_HAL_Driver/Src/stm32f1xx_hal_rcc.c.obj
 .comment       0x00000049       0x4a CMakeFiles/toy_car_controller.elf.dir/Drivers/STM32F1xx_HAL_Driver/Src/stm32f1xx_hal_rcc_ex.c.obj
 .comment       0x00000049       0x4a CMakeFiles/toy_car_controller.elf.dir/Drivers/STM32F1xx_HAL_Driver/Src/stm32f1xx_hal_spi.c.obj
 .comment       0x00000049       0x4a CMakeFiles/toy_car_controller.elf.dir/Drivers/STM32F1xx_HAL_Driver/Src/stm32f1xx_hal_tim.c.obj
 .comment       0x00000049       0x4a CMakeFiles/toy_car_controller.elf.dir/Drivers/STM32F1xx_HAL_Driver/Src/stm32f1xx_hal_tim_ex.c.obj
 .comment       0x00000049       0x4a CMakeFiles/toy_car_controller.elf.dir/Middlewares/Third_Party/FreeRTOS/Source/CMSIS_RTOS/cmsis_os.c.obj
 .comment       0x00000049       0x4a CMakeFiles/toy_car_controller.elf.dir/Middlewares/Third_Party/FreeRTOS/Source/list.c.obj
 .comment       0x00000049       0x4a CMakeFiles/toy_car_controller.elf.dir/Middlewares/Third_Party/FreeRTOS/Source/portable/GCC/ARM_CM3/port.c.obj
 .comment       0x00000049       0x4a CMakeFiles/toy_car_controller.elf.dir/Middlewares/Third_Party/FreeRTOS/Source/portable/MemMang/heap_4.c.obj
 .comment       0x00000049       0x4a CMakeFiles/toy_car_controller.elf.dir/Middlewares/Third_Party/FreeRTOS/Source/tasks.c.obj

.debug_frame    0x00000000     0x34bc
 .debug_frame   0x00000000       0x68 CMakeFiles/toy_car_controller.elf.dir/Core/Src/adc.c.obj
 .debug_frame   0x00000068       0xa0 CMakeFiles/toy_car_controller.elf.dir/Core/Src/freertos.c.obj
 .debug_frame   0x00000108       0x38 CMakeFiles/toy_car_controller.elf.dir/Core/Src/gpio.c.obj
 .debug_frame   0x00000140       0xd4 CMakeFiles/toy_car_controller.elf.dir/Core/Src/main.c.obj
 .debug_frame   0x00000214      0x364 CMakeFiles/toy_car_controller.elf.dir/Core/Src/nrf24l01p.c.obj
 .debug_frame   0x00000578      0x164 CMakeFiles/toy_car_controller.elf.dir/Core/Src/oled.c.obj
 .debug_frame   0x000006dc       0x60 CMakeFiles/toy_car_controller.elf.dir/Core/Src/spi.c.obj
 .debug_frame   0x0000073c       0x2c CMakeFiles/toy_car_controller.elf.dir/Core/Src/stm32f1xx_hal_msp.c.obj
 .debug_frame   0x00000768       0x54 CMakeFiles/toy_car_controller.elf.dir/Core/Src/stm32f1xx_hal_timebase_tim.c.obj
 .debug_frame   0x000007bc       0xa0 CMakeFiles/toy_car_controller.elf.dir/Core/Src/stm32f1xx_it.c.obj
 .debug_frame   0x0000085c       0x30 CMakeFiles/toy_car_controller.elf.dir/Core/Src/system_stm32f1xx.c.obj
 .debug_frame   0x0000088c      0x1cc CMakeFiles/toy_car_controller.elf.dir/Drivers/STM32F1xx_HAL_Driver/Src/stm32f1xx_hal.c.obj
 .debug_frame   0x00000a58      0x2c8 CMakeFiles/toy_car_controller.elf.dir/Drivers/STM32F1xx_HAL_Driver/Src/stm32f1xx_hal_adc.c.obj
 .debug_frame   0x00000d20      0x118 CMakeFiles/toy_car_controller.elf.dir/Drivers/STM32F1xx_HAL_Driver/Src/stm32f1xx_hal_cortex.c.obj
 .debug_frame   0x00000e38       0xe4 CMakeFiles/toy_car_controller.elf.dir/Drivers/STM32F1xx_HAL_Driver/Src/stm32f1xx_hal_gpio.c.obj
 .debug_frame   0x00000f1c      0x184 CMakeFiles/toy_car_controller.elf.dir/Drivers/STM32F1xx_HAL_Driver/Src/stm32f1xx_hal_rcc.c.obj
 .debug_frame   0x000010a0       0x5c CMakeFiles/toy_car_controller.elf.dir/Drivers/STM32F1xx_HAL_Driver/Src/stm32f1xx_hal_rcc_ex.c.obj
 .debug_frame   0x000010fc      0x5ac CMakeFiles/toy_car_controller.elf.dir/Drivers/STM32F1xx_HAL_Driver/Src/stm32f1xx_hal_spi.c.obj
 .debug_frame   0x000016a8      0xb18 CMakeFiles/toy_car_controller.elf.dir/Drivers/STM32F1xx_HAL_Driver/Src/stm32f1xx_hal_tim.c.obj
 .debug_frame   0x000021c0      0x40c CMakeFiles/toy_car_controller.elf.dir/Drivers/STM32F1xx_HAL_Driver/Src/stm32f1xx_hal_tim_ex.c.obj
 .debug_frame   0x000025cc      0x58c CMakeFiles/toy_car_controller.elf.dir/Middlewares/Third_Party/FreeRTOS/Source/CMSIS_RTOS/cmsis_os.c.obj
 .debug_frame   0x00002b58       0x70 CMakeFiles/toy_car_controller.elf.dir/Middlewares/Third_Party/FreeRTOS/Source/list.c.obj
 .debug_frame   0x00002bc8       0xf0 CMakeFiles/toy_car_controller.elf.dir/Middlewares/Third_Party/FreeRTOS/Source/portable/GCC/ARM_CM3/port.c.obj
 .debug_frame   0x00002cb8       0xb0 CMakeFiles/toy_car_controller.elf.dir/Middlewares/Third_Party/FreeRTOS/Source/portable/MemMang/heap_4.c.obj
 .debug_frame   0x00002d68      0x568 CMakeFiles/toy_car_controller.elf.dir/Middlewares/Third_Party/FreeRTOS/Source/tasks.c.obj
 .debug_frame   0x000032d0       0x2c c:/progra~1/gcc-arm-none-eabi-10.3-2021.10/bin/../lib/gcc/arm-none-eabi/10.3.1/../../../../arm-none-eabi/lib/thumb/v7-m/nofp\libg.a(lib_a-init.o)
 .debug_frame   0x000032fc       0x2c c:/progra~1/gcc-arm-none-eabi-10.3-2021.10/bin/../lib/gcc/arm-none-eabi/10.3.1/../../../../arm-none-eabi/lib/thumb/v7-m/nofp\libg.a(lib_a-memset.o)
 .debug_frame   0x00003328       0x5c c:/progra~1/gcc-arm-none-eabi-10.3-2021.10/bin/../lib/gcc/arm-none-eabi/10.3.1/../../../../arm-none-eabi/lib/thumb/v7-m/nofp\libg.a(lib_a-__call_atexit.o)
 .debug_frame   0x00003384       0x20 c:/progra~1/gcc-arm-none-eabi-10.3-2021.10/bin/../lib/gcc/arm-none-eabi/10.3.1/../../../../arm-none-eabi/lib/thumb/v7-m/nofp\libg.a(lib_a-atexit.o)
 .debug_frame   0x000033a4       0x34 c:/progra~1/gcc-arm-none-eabi-10.3-2021.10/bin/../lib/gcc/arm-none-eabi/10.3.1/../../../../arm-none-eabi/lib/thumb/v7-m/nofp\libg.a(lib_a-fini.o)
 .debug_frame   0x000033d8       0xb0 c:/progra~1/gcc-arm-none-eabi-10.3-2021.10/bin/../lib/gcc/arm-none-eabi/10.3.1/../../../../arm-none-eabi/lib/thumb/v7-m/nofp\libg.a(lib_a-lock.o)
 .debug_frame   0x00003488       0x34 c:/progra~1/gcc-arm-none-eabi-10.3-2021.10/bin/../lib/gcc/arm-none-eabi/10.3.1/../../../../arm-none-eabi/lib/thumb/v7-m/nofp\libg.a(lib_a-__atexit.o)
