Archive member included to satisfy reference by file (symbol)

c:/progra~1/gcc-arm-none-eabi-10.3-2021.10/bin/../lib/gcc/arm-none-eabi/10.3.1/../../../../arm-none-eabi/lib/thumb/v7-m/nofp\libc.a(lib_a-errno.o)
                              CMakeFiles/toy_car_controller.elf.dir/Core/Src/syscalls.c.obj (__errno)
c:/progra~1/gcc-arm-none-eabi-10.3-2021.10/bin/../lib/gcc/arm-none-eabi/10.3.1/../../../../arm-none-eabi/lib/thumb/v7-m/nofp\libc.a(lib_a-exit.o)
                              c:/progra~1/gcc-arm-none-eabi-10.3-2021.10/bin/../lib/gcc/arm-none-eabi/10.3.1/../../../../arm-none-eabi/lib/thumb/v7-m/nofp/crt0.o (exit)
c:/progra~1/gcc-arm-none-eabi-10.3-2021.10/bin/../lib/gcc/arm-none-eabi/10.3.1/../../../../arm-none-eabi/lib/thumb/v7-m/nofp\libc.a(lib_a-impure.o)
                              c:/progra~1/gcc-arm-none-eabi-10.3-2021.10/bin/../lib/gcc/arm-none-eabi/10.3.1/../../../../arm-none-eabi/lib/thumb/v7-m/nofp\libc.a(lib_a-exit.o) (_global_impure_ptr)
c:/progra~1/gcc-arm-none-eabi-10.3-2021.10/bin/../lib/gcc/arm-none-eabi/10.3.1/../../../../arm-none-eabi/lib/thumb/v7-m/nofp\libc.a(lib_a-init.o)
                              c:/progra~1/gcc-arm-none-eabi-10.3-2021.10/bin/../lib/gcc/arm-none-eabi/10.3.1/../../../../arm-none-eabi/lib/thumb/v7-m/nofp/crt0.o (__libc_init_array)
c:/progra~1/gcc-arm-none-eabi-10.3-2021.10/bin/../lib/gcc/arm-none-eabi/10.3.1/../../../../arm-none-eabi/lib/thumb/v7-m/nofp\libc.a(lib_a-memcpy.o)
                              CMakeFiles/toy_car_controller.elf.dir/Middlewares/Third_Party/FreeRTOS/Source/CMSIS_RTOS_V2/cmsis_os2.c.obj (memcpy)
c:/progra~1/gcc-arm-none-eabi-10.3-2021.10/bin/../lib/gcc/arm-none-eabi/10.3.1/../../../../arm-none-eabi/lib/thumb/v7-m/nofp\libc.a(lib_a-memset.o)
                              c:/progra~1/gcc-arm-none-eabi-10.3-2021.10/bin/../lib/gcc/arm-none-eabi/10.3.1/../../../../arm-none-eabi/lib/thumb/v7-m/nofp/crt0.o (memset)
c:/progra~1/gcc-arm-none-eabi-10.3-2021.10/bin/../lib/gcc/arm-none-eabi/10.3.1/../../../../arm-none-eabi/lib/thumb/v7-m/nofp\libc.a(lib_a-__call_atexit.o)
                              c:/progra~1/gcc-arm-none-eabi-10.3-2021.10/bin/../lib/gcc/arm-none-eabi/10.3.1/../../../../arm-none-eabi/lib/thumb/v7-m/nofp\libc.a(lib_a-exit.o) (__call_exitprocs)
c:/progra~1/gcc-arm-none-eabi-10.3-2021.10/bin/../lib/gcc/arm-none-eabi/10.3.1/../../../../arm-none-eabi/lib/thumb/v7-m/nofp\libc.a(lib_a-atexit.o)
                              c:/progra~1/gcc-arm-none-eabi-10.3-2021.10/bin/../lib/gcc/arm-none-eabi/10.3.1/../../../../arm-none-eabi/lib/thumb/v7-m/nofp\libc.a(lib_a-__call_atexit.o) (atexit)
c:/progra~1/gcc-arm-none-eabi-10.3-2021.10/bin/../lib/gcc/arm-none-eabi/10.3.1/../../../../arm-none-eabi/lib/thumb/v7-m/nofp\libc.a(lib_a-fini.o)
                              c:/progra~1/gcc-arm-none-eabi-10.3-2021.10/bin/../lib/gcc/arm-none-eabi/10.3.1/../../../../arm-none-eabi/lib/thumb/v7-m/nofp\libc.a(lib_a-__call_atexit.o) (__libc_fini_array)
c:/progra~1/gcc-arm-none-eabi-10.3-2021.10/bin/../lib/gcc/arm-none-eabi/10.3.1/../../../../arm-none-eabi/lib/thumb/v7-m/nofp\libc.a(lib_a-lock.o)
                              c:/progra~1/gcc-arm-none-eabi-10.3-2021.10/bin/../lib/gcc/arm-none-eabi/10.3.1/../../../../arm-none-eabi/lib/thumb/v7-m/nofp\libc.a(lib_a-__call_atexit.o) (__retarget_lock_acquire_recursive)
c:/progra~1/gcc-arm-none-eabi-10.3-2021.10/bin/../lib/gcc/arm-none-eabi/10.3.1/../../../../arm-none-eabi/lib/thumb/v7-m/nofp\libc.a(lib_a-__atexit.o)
                              c:/progra~1/gcc-arm-none-eabi-10.3-2021.10/bin/../lib/gcc/arm-none-eabi/10.3.1/../../../../arm-none-eabi/lib/thumb/v7-m/nofp\libc.a(lib_a-atexit.o) (__register_exitproc)

Discarded input sections

 .text          0x00000000        0x0 c:/progra~1/gcc-arm-none-eabi-10.3-2021.10/bin/../lib/gcc/arm-none-eabi/10.3.1/thumb/v7-m/nofp/crti.o
 .data          0x00000000        0x0 c:/progra~1/gcc-arm-none-eabi-10.3-2021.10/bin/../lib/gcc/arm-none-eabi/10.3.1/thumb/v7-m/nofp/crti.o
 .bss           0x00000000        0x0 c:/progra~1/gcc-arm-none-eabi-10.3-2021.10/bin/../lib/gcc/arm-none-eabi/10.3.1/thumb/v7-m/nofp/crti.o
 .data          0x00000000        0x4 c:/progra~1/gcc-arm-none-eabi-10.3-2021.10/bin/../lib/gcc/arm-none-eabi/10.3.1/thumb/v7-m/nofp/crtbegin.o
 .rodata        0x00000000       0x24 c:/progra~1/gcc-arm-none-eabi-10.3-2021.10/bin/../lib/gcc/arm-none-eabi/10.3.1/thumb/v7-m/nofp/crtbegin.o
 .text          0x00000000       0x7c c:/progra~1/gcc-arm-none-eabi-10.3-2021.10/bin/../lib/gcc/arm-none-eabi/10.3.1/../../../../arm-none-eabi/lib/thumb/v7-m/nofp/crt0.o
 .data          0x00000000        0x0 c:/progra~1/gcc-arm-none-eabi-10.3-2021.10/bin/../lib/gcc/arm-none-eabi/10.3.1/../../../../arm-none-eabi/lib/thumb/v7-m/nofp/crt0.o
 .bss           0x00000000        0x0 c:/progra~1/gcc-arm-none-eabi-10.3-2021.10/bin/../lib/gcc/arm-none-eabi/10.3.1/../../../../arm-none-eabi/lib/thumb/v7-m/nofp/crt0.o
[...]
Memory Configuration

Name             Origin             Length             Attributes
RAM              0x20000000         0x00005000         xrw
FLASH            0x08000000         0x00010000         xr
*default*        0x00000000         0xffffffff

Linker script and memory map

LOAD c:/progra~1/gcc-arm-none-eabi-10.3-2021.10/bin/../lib/gcc/arm-none-eabi/10.3.1/thumb/v7-m/nofp/crti.o
LOAD c:/progra~1/gcc-arm-none-eabi-10.3-2021.10/bin/../lib/gcc/arm-none-eabi/10.3.1/thumb/v7-m/nofp/crtbegin.o
LOAD c:/progra~1/gcc-arm-none-eabi-10.3-2021.10/bin/../lib/gcc/arm-none-eabi/10.3.1/../../../../arm-none-eabi/lib/thumb/v7-m/nofp/crt0.o
LOAD CMakeFiles/toy_car_controller.elf.dir/Core/Src/adc.c.obj
LOAD CMakeFiles/toy_car_controller.elf.dir/Core/Src/freertos.c.obj
LOAD CMakeFiles/toy_car_controller.elf.dir/Core/Src/gpio.c.obj
LOAD CMakeFiles/toy_car_controller.elf.dir/Core/Src/main.c.obj
LOAD CMakeFiles/toy_car_controller.elf.dir/Core/Src/spi.c.obj
LOAD CMakeFiles/toy_car_controller.elf.dir/Core/Src/stm32f1xx_hal_msp.c.obj
LOAD CMakeFiles/toy_car_controller.elf.dir/Core/Src/stm32f1xx_hal_timebase_tim.c.obj
LOAD CMakeFiles/toy_car_controller.elf.dir/Core/Src/stm32f1xx_it.c.obj
LOAD CMakeFiles/toy_car_controller.elf.dir/Core/Src/syscalls.c.obj
LOAD CMakeFiles/toy_car_controller.elf.dir/Core/Src/sysmem.c.obj
LOAD CMakeFiles/toy_car_controller.elf.dir/Core/Src/system_stm32f1xx.c.obj
LOAD CMakeFiles/toy_car_controller.elf.dir/Core/Startup/startup_stm32f103c8tx.s.obj
LOAD CMakeFiles/toy_car_controller.elf.dir/Drivers/NRF24L01/Src/nrf24l01p.c.obj
LOAD CMakeFiles/toy_car_controller.elf.dir/Drivers/OLED/Src/oled.c.obj
LOAD CMakeFiles/toy_car_controller.elf.dir/Drivers/STM32F1xx_HAL_Driver/Src/stm32f1xx_hal.c.obj
LOAD CMakeFiles/toy_car_controller.elf.dir/Drivers/STM32F1xx_HAL_Driver/Src/stm32f1xx_hal_adc.c.obj
LOAD CMakeFiles/toy_car_controller.elf.dir/Drivers/STM32F1xx_HAL_Driver/Src/stm32f1xx_hal_adc_ex.c.obj
LOAD CMakeFiles/toy_car_controller.elf.dir/Drivers/STM32F1xx_HAL_Driver/Src/stm32f1xx_hal_cortex.c.obj
LOAD CMakeFiles/toy_car_controller.elf.dir/Drivers/STM32F1xx_HAL_Driver/Src/stm32f1xx_hal_dma.c.obj
LOAD CMakeFiles/toy_car_controller.elf.dir/Drivers/STM32F1xx_HAL_Driver/Src/stm32f1xx_hal_exti.c.obj
LOAD CMakeFiles/toy_car_controller.elf.dir/Drivers/STM32F1xx_HAL_Driver/Src/stm32f1xx_hal_flash.c.obj
LOAD CMakeFiles/toy_car_controller.elf.dir/Drivers/STM32F1xx_HAL_Driver/Src/stm32f1xx_hal_flash_ex.c.obj
LOAD CMakeFiles/toy_car_controller.elf.dir/Drivers/STM32F1xx_HAL_Driver/Src/stm32f1xx_hal_gpio.c.obj
LOAD CMakeFiles/toy_car_controller.elf.dir/Drivers/STM32F1xx_HAL_Driver/Src/stm32f1xx_hal_gpio_ex.c.obj
LOAD CMakeFiles/toy_car_controller.elf.dir/Drivers/STM32F1xx_HAL_Driver/Src/stm32f1xx_hal_pwr.c.obj
LOAD CMakeFiles/toy_car_controller.elf.dir/Drivers/STM32F1xx_HAL_Driver/Src/stm32f1xx_hal_rcc.c.obj
LOAD CMakeFiles/toy_car_controller.elf.dir/Drivers/STM32F1xx_HAL_Driver/Src/stm32f1xx_hal_rcc_ex.c.obj
LOAD CMakeFiles/toy_car_controller.elf.dir/Drivers/STM32F1xx_HAL_Driver/Src/stm32f1xx_hal_spi.c.obj
LOAD CMakeFiles/toy_car_controller.elf.dir/Drivers/STM32F1xx_HAL_Driver/Src/stm32f1xx_hal_tim.c.obj
LOAD CMakeFiles/toy_car_controller.elf.dir/Drivers/STM32F1xx_HAL_Driver/Src/stm32f1xx_hal_tim_ex.c.obj
LOAD CMakeFiles/toy_car_controller.elf.dir/Middlewares/Third_Party/FreeRTOS/Source/CMSIS_RTOS_V2/cmsis_os2.c.obj
LOAD CMakeFiles/toy_car_controller.elf.dir/Middlewares/Third_Party/FreeRTOS/Source/croutine.c.obj
LOAD CMakeFiles/toy_car_controller.elf.dir/Middlewares/Third_Party/FreeRTOS/Source/event_groups.c.obj
LOAD CMakeFiles/toy_car_controller.elf.dir/Middlewares/Third_Party/FreeRTOS/Source/list.c.obj
LOAD CMakeFiles/toy_car_controller.elf.dir/Middlewares/Third_Party/FreeRTOS/Source/portable/GCC/ARM_CM3/port.c.obj
LOAD CMakeFiles/toy_car_controller.elf.dir/Middlewares/Third_Party/FreeRTOS/Source/portable/MemMang/heap_4.c.obj
LOAD CMakeFiles/toy_car_controller.elf.dir/Middlewares/Third_Party/FreeRTOS/Source/queue.c.obj
LOAD CMakeFiles/toy_car_controller.elf.dir/Middlewares/Third_Party/FreeRTOS/Source/stream_buffer.c.obj
LOAD CMakeFiles/toy_car_controller.elf.dir/Middlewares/Third_Party/FreeRTOS/Source/tasks.c.obj
LOAD CMakeFiles/toy_car_controller.elf.dir/Middlewares/Third_Party/FreeRTOS/Source/timers.c.obj
START GROUP
LOAD c:/progra~1/gcc-arm-none-eabi-10.3-2021.10/bin/../lib/gcc/arm-none-eabi/10.3.1/thumb/v7-m/nofp\libgcc.a
LOAD c:/progra~1/gcc-arm-none-eabi-10.3-2021.10/bin/../lib/gcc/arm-none-eabi/10.3.1/../../../../arm-none-eabi/lib/thumb/v7-m/nofp\libc.a
END GROUP
LOAD c:/progra~1/gcc-arm-none-eabi-10.3-2021.10/bin/../lib/gcc/arm-none-eabi/10.3.1/thumb/v7-m/nofp/crtend.o
LOAD c:/progra~1/gcc-arm-none-eabi-10.3-2021.10/bin/../lib/gcc/arm-none-eabi/10.3.1/thumb/v7-m/nofp/crtn.o
                0x20005000                _estack = (ORIGIN (RAM) + LENGTH (RAM))
                0x00000200                _Min_Heap_Size = 0x200
                0x00000400                _Min_Stack_Size = 0x400

.isr_vector     0x08000000      0x10c
                0x08000000                . = ALIGN (0x4)
 *(.isr_vector)
 .isr_vector    0x08000000      0x10c CMakeFiles/toy_car_controller.elf.dir/Core/Startup/startup_stm32f103c8tx.s.obj
                0x08000000                g_pfnVectors
                0x0800010c                . = ALIGN (0x4)

.text           0x08000110     0x5000
                0x08000110                . = ALIGN (0x4)
 *(.text)
 .text          0x08000110       0x40 c:/progra~1/gcc-arm-none-eabi-10.3-2021.10/bin/../lib/gcc/arm-none-eabi/10.3.1/thumb/v7-m/nofp/crtbegin.o
 .text          0x08000150       0xec c:/progra~1/gcc-arm-none-eabi-10.3-2021.10/bin/../lib/gcc/arm-none-eabi/10.3.1/../../../../arm-none-eabi/lib/thumb/v7-m/nofp\libc.a(lib_a-memcpy.o)
                0x08000150                memcpy
 *(.text*)
 .text.MX_ADC1_Init
                0x0800023c       0x58 CMakeFiles/toy_car_controller.elf.dir/Core/Src/adc.c.obj
                0x0800023c                MX_ADC1_Init
 .text.MX_ADC2_Init
                0x08000294       0x58 CMakeFiles/toy_car_controller.elf.dir/Core/Src/adc.c.obj
                0x08000294                MX_ADC2_Init
 .text.HAL_ADC_MspInit
                0x080002ec       0xa4 CMakeFiles/toy_car_controller.elf.dir/Core/Src/adc.c.obj
                0x080002ec                HAL_ADC_MspInit
 .text.APP_main
                0x08000390       0x58 CMakeFiles/toy_car_controller.elf.dir/Core/Src/freertos.c.obj
                0x08000390                APP_main
 .text.APP_OLED
                0x080003e8       0x5c CMakeFiles/toy_car_controller.elf.dir/Core/Src/freertos.c.obj
                0x080003e8                APP_OLED
 .text.APP_ADC  0x08000444       0x68 CMakeFiles/toy_car_controller.elf.dir/Core/Src/freertos.c.obj
                0x08000444                APP_ADC
 .text.MX_FREERTOS_Init
                0x080004ac       0x8c CMakeFiles/toy_car_controller.elf.dir/Core/Src/freertos.c.obj
                0x080004ac                MX_FREERTOS_Init
 .text.HAL_GPIO_EXTI_Callback
                0x08000538       0x10 CMakeFiles/toy_car_controller.elf.dir/Core/Src/freertos.c.obj
                0x08000538                HAL_GPIO_EXTI_Callback
 .text.MX_GPIO_Init
                0x08000548       0xf0 CMakeFiles/toy_car_controller.elf.dir/Core/Src/gpio.c.obj
                0x08000548                MX_GPIO_Init
 .text.HAL_TIM_PeriodElapsedCallback
                0x08000638       0x18 CMakeFiles/toy_car_controller.elf.dir/Core/Src/main.c.obj
                0x08000638                HAL_TIM_PeriodElapsedCallback
 .text.Error_Handler
                0x08000650        0x4 CMakeFiles/toy_car_controller.elf.dir/Core/Src/main.c.obj
                0x08000650                Error_Handler
 .text.SystemClock_Config
                0x08000654       0x84 CMakeFiles/toy_car_controller.elf.dir/Core/Src/main.c.obj
                0x08000654                SystemClock_Config
 .text.main     0x080006d8       0x44 CMakeFiles/toy_car_controller.elf.dir/Core/Src/main.c.obj
                0x080006d8                main
 .text.MX_SPI2_Init
                0x0800071c       0x44 CMakeFiles/toy_car_controller.elf.dir/Core/Src/spi.c.obj
                0x0800071c                MX_SPI2_Init
 .text.HAL_SPI_MspInit
                0x08000760       0x78 CMakeFiles/toy_car_controller.elf.dir/Core/Src/spi.c.obj
                0x08000760                HAL_SPI_MspInit
 .text.HAL_MspInit
                0x080007d8       0x54 CMakeFiles/toy_car_controller.elf.dir/Core/Src/stm32f1xx_hal_msp.c.obj
                0x080007d8                HAL_MspInit
 .text.HAL_InitTick
                0x0800082c       0xa0 CMakeFiles/toy_car_controller.elf.dir/Core/Src/stm32f1xx_hal_timebase_tim.c.obj
                0x0800082c                HAL_InitTick
 .text.NMI_Handler
                0x080008cc        0x2 CMakeFiles/toy_car_controller.elf.dir/Core/Src/stm32f1xx_it.c.obj
                0x080008cc                NMI_Handler
 .text.HardFault_Handler
                0x080008ce        0x2 CMakeFiles/toy_car_controller.elf.dir/Core/Src/stm32f1xx_it.c.obj
                0x080008ce                HardFault_Handler
 .text.MemManage_Handler
                0x080008d0        0x2 CMakeFiles/toy_car_controller.elf.dir/Core/Src/stm32f1xx_it.c.obj
                0x080008d0                MemManage_Handler
 .text.BusFault_Handler
                0x080008d2        0x2 CMakeFiles/toy_car_controller.elf.dir/Core/Src/stm32f1xx_it.c.obj
                0x080008d2                BusFault_Handler
 .text.UsageFault_Handler
                0x080008d4        0x2 CMakeFiles/toy_car_controller.elf.dir/Core/Src/stm32f1xx_it.c.obj
                0x080008d4                UsageFault_Handler
 .text.DebugMon_Handler
                0x080008d6        0x2 CMakeFiles/toy_car_controller.elf.dir/Core/Src/stm32f1xx_it.c.obj
                0x080008d6                DebugMon_Handler
 .text.EXTI9_5_IRQHandler
                0x080008d8        0xc CMakeFiles/toy_car_controller.elf.dir/Core/Src/stm32f1xx_it.c.obj
                0x080008d8                EXTI9_5_IRQHandler
 .text.TIM4_IRQHandler
                0x080008e4       0x10 CMakeFiles/toy_car_controller.elf.dir/Core/Src/stm32f1xx_it.c.obj
                0x080008e4                TIM4_IRQHandler
 .text.SystemInit
                0x080008f4        0x2 CMakeFiles/toy_car_controller.elf.dir/Core/Src/system_stm32f1xx.c.obj
                0x080008f4                SystemInit
 *fill*         0x080008f6        0x2 
 .text.Reset_Handler
                0x080008f8       0x48 CMakeFiles/toy_car_controller.elf.dir/Core/Startup/startup_stm32f103c8tx.s.obj
                0x080008f8                Reset_Handler
 .text.Default_Handler
                0x08000940        0x2 CMakeFiles/toy_car_controller.elf.dir/Core/Startup/startup_stm32f103c8tx.s.obj
                0x08000940                RTC_Alarm_IRQHandler
                0x08000940                EXTI2_IRQHandler
                0x08000940                TIM1_CC_IRQHandler
                0x08000940                PVD_IRQHandler
                0x08000940                EXTI3_IRQHandler
                0x08000940                EXTI0_IRQHandler
                0x08000940                I2C2_EV_IRQHandler
                0x08000940                ADC1_2_IRQHandler
                0x08000940                SPI1_IRQHandler
                0x08000940                TAMPER_IRQHandler
                0x08000940                DMA1_Channel4_IRQHandler
                0x08000940                USART3_IRQHandler
                0x08000940                RTC_IRQHandler
                0x08000940                DMA1_Channel7_IRQHandler
                0x08000940                CAN1_RX1_IRQHandler
                0x08000940                I2C1_EV_IRQHandler
                0x08000940                DMA1_Channel6_IRQHandler
                0x08000940                TIM3_IRQHandler
                0x08000940                RCC_IRQHandler
                0x08000940                TIM1_TRG_COM_IRQHandler
                0x08000940                DMA1_Channel1_IRQHandler
                0x08000940                Default_Handler
                0x08000940                EXTI15_10_IRQHandler
                0x08000940                SPI2_IRQHandler
                0x08000940                DMA1_Channel5_IRQHandler
                0x08000940                EXTI4_IRQHandler
                0x08000940                USB_LP_CAN1_RX0_IRQHandler
                0x08000940                USB_HP_CAN1_TX_IRQHandler
                0x08000940                DMA1_Channel3_IRQHandler
                0x08000940                TIM1_UP_IRQHandler
                0x08000940                WWDG_IRQHandler
                0x08000940                TIM2_IRQHandler
                0x08000940                TIM1_BRK_IRQHandler
                0x08000940                EXTI1_IRQHandler
                0x08000940                USART2_IRQHandler
                0x08000940                I2C2_ER_IRQHandler
                0x08000940                DMA1_Channel2_IRQHandler
                0x08000940                CAN1_SCE_IRQHandler
                0x08000940                FLASH_IRQHandler
                0x08000940                USART1_IRQHandler
                0x08000940                I2C1_ER_IRQHandler
                0x08000940                USBWakeUp_IRQHandler
 *fill*         0x08000942        0x2 
 .text.ce_high  0x08000944       0x14 CMakeFiles/toy_car_controller.elf.dir/Drivers/NRF24L01/Src/nrf24l01p.c.obj
 .text.cs_high  0x08000958       0x14 CMakeFiles/toy_car_controller.elf.dir/Drivers/NRF24L01/Src/nrf24l01p.c.obj
 .text.ce_low   0x0800096c       0x14 CMakeFiles/toy_car_controller.elf.dir/Drivers/NRF24L01/Src/nrf24l01p.c.obj
 .text.cs_low   0x08000980       0x14 CMakeFiles/toy_car_controller.elf.dir/Drivers/NRF24L01/Src/nrf24l01p.c.obj
 .text.write_register
                0x08000994       0x4c CMakeFiles/toy_car_controller.elf.dir/Drivers/NRF24L01/Src/nrf24l01p.c.obj
 .text.read_register
                0x080009e0       0x44 CMakeFiles/toy_car_controller.elf.dir/Drivers/NRF24L01/Src/nrf24l01p.c.obj
 .text.nrf24l01p_ptx_mode
                0x08000a24       0x14 CMakeFiles/toy_car_controller.elf.dir/Drivers/NRF24L01/Src/nrf24l01p.c.obj
                0x08000a24                nrf24l01p_ptx_mode
 .text.nrf24l01p_write_tx_fifo
                0x08000a38       0x44 CMakeFiles/toy_car_controller.elf.dir/Drivers/NRF24L01/Src/nrf24l01p.c.obj
                0x08000a38                nrf24l01p_write_tx_fifo
 .text.nrf24l01p_tx_transmit
                0x08000a7c        0x8 CMakeFiles/toy_car_controller.elf.dir/Drivers/NRF24L01/Src/nrf24l01p.c.obj
                0x08000a7c                nrf24l01p_tx_transmit
 .text.nrf24l01p_flush_rx_fifo
                0x08000a84       0x34 CMakeFiles/toy_car_controller.elf.dir/Drivers/NRF24L01/Src/nrf24l01p.c.obj
                0x08000a84                nrf24l01p_flush_rx_fifo
 .text.nrf24l01p_flush_tx_fifo
                0x08000ab8       0x34 CMakeFiles/toy_car_controller.elf.dir/Drivers/NRF24L01/Src/nrf24l01p.c.obj
                0x08000ab8                nrf24l01p_flush_tx_fifo
 .text.nrf24l01p_reset
                0x08000aec       0xa4 CMakeFiles/toy_car_controller.elf.dir/Drivers/NRF24L01/Src/nrf24l01p.c.obj
                0x08000aec                nrf24l01p_reset
 .text.nrf24l01p_get_status
                0x08000b90       0x38 CMakeFiles/toy_car_controller.elf.dir/Drivers/NRF24L01/Src/nrf24l01p.c.obj
                0x08000b90                nrf24l01p_get_status
 .text.nrf24l01p_clear_tx_ds
                0x08000bc8       0x14 CMakeFiles/toy_car_controller.elf.dir/Drivers/NRF24L01/Src/nrf24l01p.c.obj
                0x08000bc8                nrf24l01p_clear_tx_ds
 .text.nrf24l01p_clear_max_rt
                0x08000bdc       0x14 CMakeFiles/toy_car_controller.elf.dir/Drivers/NRF24L01/Src/nrf24l01p.c.obj
                0x08000bdc                nrf24l01p_clear_max_rt
 .text.nrf24l01p_tx_irq
                0x08000bf0       0x34 CMakeFiles/toy_car_controller.elf.dir/Drivers/NRF24L01/Src/nrf24l01p.c.obj
                0x08000bf0                nrf24l01p_tx_irq
 .text.nrf24l01p_power_up
                0x08000c24       0x16 CMakeFiles/toy_car_controller.elf.dir/Drivers/NRF24L01/Src/nrf24l01p.c.obj
                0x08000c24                nrf24l01p_power_up
 .text.nrf24l01p_set_crc_length
                0x08000c3a       0x2a CMakeFiles/toy_car_controller.elf.dir/Drivers/NRF24L01/Src/nrf24l01p.c.obj
                0x08000c3a                nrf24l01p_set_crc_length
 .text.nrf24l01p_set_address_widths
                0x08000c64        0xe CMakeFiles/toy_car_controller.elf.dir/Drivers/NRF24L01/Src/nrf24l01p.c.obj
                0x08000c64                nrf24l01p_set_address_widths
 .text.nrf24l01p_auto_retransmit_count
                0x08000c72       0x1a CMakeFiles/toy_car_controller.elf.dir/Drivers/NRF24L01/Src/nrf24l01p.c.obj
                0x08000c72                nrf24l01p_auto_retransmit_count
 .text.nrf24l01p_auto_retransmit_delay
                0x08000c8c       0x2c CMakeFiles/toy_car_controller.elf.dir/Drivers/NRF24L01/Src/nrf24l01p.c.obj
                0x08000c8c                nrf24l01p_auto_retransmit_delay
 .text.nrf24l01p_set_rf_channel
                0x08000cb8       0x10 CMakeFiles/toy_car_controller.elf.dir/Drivers/NRF24L01/Src/nrf24l01p.c.obj
                0x08000cb8                nrf24l01p_set_rf_channel
 .text.nrf24l01p_set_rf_tx_output_power
                0x08000cc8       0x1c CMakeFiles/toy_car_controller.elf.dir/Drivers/NRF24L01/Src/nrf24l01p.c.obj
                0x08000cc8                nrf24l01p_set_rf_tx_output_power
 .text.nrf24l01p_set_rf_air_data_rate
                0x08000ce4       0x2a CMakeFiles/toy_car_controller.elf.dir/Drivers/NRF24L01/Src/nrf24l01p.c.obj
                0x08000ce4                nrf24l01p_set_rf_air_data_rate
 .text.nrf24l01p_tx_init
                0x08000d0e       0x42 CMakeFiles/toy_car_controller.elf.dir/Drivers/NRF24L01/Src/nrf24l01p.c.obj
                0x08000d0e                nrf24l01p_tx_init
 .text.OLED_WR_Byte
                0x08000d50       0x84 CMakeFiles/toy_car_controller.elf.dir/Drivers/OLED/Src/oled.c.obj
                0x08000d50                OLED_WR_Byte
 .text.OLED_Set_Pos
                0x08000dd4       0x2c CMakeFiles/toy_car_controller.elf.dir/Drivers/OLED/Src/oled.c.obj
                0x08000dd4                OLED_Set_Pos
 .text.OLED_Clear
                0x08000e00       0x42 CMakeFiles/toy_car_controller.elf.dir/Drivers/OLED/Src/oled.c.obj
                0x08000e00                OLED_Clear
 *fill*         0x08000e42        0x2 
 .text.OLED_ShowChar
                0x08000e44       0x68 CMakeFiles/toy_car_controller.elf.dir/Drivers/OLED/Src/oled.c.obj
                0x08000e44                OLED_ShowChar
 .text.oled_pow
                0x08000eac       0x16 CMakeFiles/toy_car_controller.elf.dir/Drivers/OLED/Src/oled.c.obj
                0x08000eac                oled_pow
 *fill*         0x08000ec2        0x2 
 .text.OLED_ShowNum
                0x08000ec4       0x90 CMakeFiles/toy_car_controller.elf.dir/Drivers/OLED/Src/oled.c.obj
                0x08000ec4                OLED_ShowNum
 .text.OLED_ShowString
                0x08000f54       0x2e CMakeFiles/toy_car_controller.elf.dir/Drivers/OLED/Src/oled.c.obj
                0x08000f54                OLED_ShowString
 *fill*         0x08000f82        0x2 
 .text.OLED_Init
                0x08000f84      0x128 CMakeFiles/toy_car_controller.elf.dir/Drivers/OLED/Src/oled.c.obj
                0x08000f84                OLED_Init
 .text.HAL_Init
                0x080010ac       0x24 CMakeFiles/toy_car_controller.elf.dir/Drivers/STM32F1xx_HAL_Driver/Src/stm32f1xx_hal.c.obj
                0x080010ac                HAL_Init
 .text.HAL_IncTick
                0x080010d0       0x18 CMakeFiles/toy_car_controller.elf.dir/Drivers/STM32F1xx_HAL_Driver/Src/stm32f1xx_hal.c.obj
                0x080010d0                HAL_IncTick
 .text.HAL_GetTick
                0x080010e8        0xc CMakeFiles/toy_car_controller.elf.dir/Drivers/STM32F1xx_HAL_Driver/Src/stm32f1xx_hal.c.obj
                0x080010e8                HAL_GetTick
 .text.HAL_Delay
                0x080010f4       0x28 CMakeFiles/toy_car_controller.elf.dir/Drivers/STM32F1xx_HAL_Driver/Src/stm32f1xx_hal.c.obj
                0x080010f4                HAL_Delay
 .text.HAL_ADC_PollForConversion
                0x0800111c      0x184 CMakeFiles/toy_car_controller.elf.dir/Drivers/STM32F1xx_HAL_Driver/Src/stm32f1xx_hal_adc.c.obj
                0x0800111c                HAL_ADC_PollForConversion
 .text.HAL_ADC_GetValue
                0x080012a0        0x6 CMakeFiles/toy_car_controller.elf.dir/Drivers/STM32F1xx_HAL_Driver/Src/stm32f1xx_hal_adc.c.obj
                0x080012a0                HAL_ADC_GetValue
 *fill*         0x080012a6        0x2 
 .text.HAL_ADC_ConfigChannel
                0x080012a8      0x144 CMakeFiles/toy_car_controller.elf.dir/Drivers/STM32F1xx_HAL_Driver/Src/stm32f1xx_hal_adc.c.obj
                0x080012a8                HAL_ADC_ConfigChannel
 .text.ADC_Enable
                0x080013ec       0x88 CMakeFiles/toy_car_controller.elf.dir/Drivers/STM32F1xx_HAL_Driver/Src/stm32f1xx_hal_adc.c.obj
                0x080013ec                ADC_Enable
 .text.HAL_ADC_Start
                0x08001474       0xe8 CMakeFiles/toy_car_controller.elf.dir/Drivers/STM32F1xx_HAL_Driver/Src/stm32f1xx_hal_adc.c.obj
                0x08001474                HAL_ADC_Start
 .text.ADC_ConversionStop_Disable
                0x0800155c       0x56 CMakeFiles/toy_car_controller.elf.dir/Drivers/STM32F1xx_HAL_Driver/Src/stm32f1xx_hal_adc.c.obj
                0x0800155c                ADC_ConversionStop_Disable
 *fill*         0x080015b2        0x2 
 .text.HAL_ADC_Init
                0x080015b4      0x108 CMakeFiles/toy_car_controller.elf.dir/Drivers/STM32F1xx_HAL_Driver/Src/stm32f1xx_hal_adc.c.obj
                0x080015b4                HAL_ADC_Init
 .text.HAL_NVIC_SetPriorityGrouping
                0x080016bc       0x24 CMakeFiles/toy_car_controller.elf.dir/Drivers/STM32F1xx_HAL_Driver/Src/stm32f1xx_hal_cortex.c.obj
                0x080016bc                HAL_NVIC_SetPriorityGrouping
 .text.HAL_NVIC_SetPriority
                0x080016e0       0x70 CMakeFiles/toy_car_controller.elf.dir/Drivers/STM32F1xx_HAL_Driver/Src/stm32f1xx_hal_cortex.c.obj
                0x080016e0                HAL_NVIC_SetPriority
 .text.HAL_NVIC_EnableIRQ
                0x08001750       0x1c CMakeFiles/toy_car_controller.elf.dir/Drivers/STM32F1xx_HAL_Driver/Src/stm32f1xx_hal_cortex.c.obj
                0x08001750                HAL_NVIC_EnableIRQ
 .text.HAL_GPIO_Init
                0x0800176c      0x224 CMakeFiles/toy_car_controller.elf.dir/Drivers/STM32F1xx_HAL_Driver/Src/stm32f1xx_hal_gpio.c.obj
                0x0800176c                HAL_GPIO_Init
 .text.HAL_GPIO_WritePin
                0x08001990        0xc CMakeFiles/toy_car_controller.elf.dir/Drivers/STM32F1xx_HAL_Driver/Src/stm32f1xx_hal_gpio.c.obj
                0x08001990                HAL_GPIO_WritePin
 .text.HAL_GPIO_TogglePin
                0x0800199c       0x12 CMakeFiles/toy_car_controller.elf.dir/Drivers/STM32F1xx_HAL_Driver/Src/stm32f1xx_hal_gpio.c.obj
                0x0800199c                HAL_GPIO_TogglePin
 *fill*         0x080019ae        0x2 
 .text.HAL_GPIO_EXTI_IRQHandler
                0x080019b0       0x1c CMakeFiles/toy_car_controller.elf.dir/Drivers/STM32F1xx_HAL_Driver/Src/stm32f1xx_hal_gpio.c.obj
                0x080019b0                HAL_GPIO_EXTI_IRQHandler
 .text.RCC_Delay
                0x080019cc       0x2c CMakeFiles/toy_car_controller.elf.dir/Drivers/STM32F1xx_HAL_Driver/Src/stm32f1xx_hal_rcc.c.obj
 .text.HAL_RCC_OscConfig
                0x080019f8      0x410 CMakeFiles/toy_car_controller.elf.dir/Drivers/STM32F1xx_HAL_Driver/Src/stm32f1xx_hal_rcc.c.obj
                0x080019f8                HAL_RCC_OscConfig
 .text.HAL_RCC_GetSysClockFreq
                0x08001e08       0x54 CMakeFiles/toy_car_controller.elf.dir/Drivers/STM32F1xx_HAL_Driver/Src/stm32f1xx_hal_rcc.c.obj
                0x08001e08                HAL_RCC_GetSysClockFreq
 .text.HAL_RCC_ClockConfig
                0x08001e5c      0x16c CMakeFiles/toy_car_controller.elf.dir/Drivers/STM32F1xx_HAL_Driver/Src/stm32f1xx_hal_rcc.c.obj
                0x08001e5c                HAL_RCC_ClockConfig
 .text.HAL_RCC_GetHCLKFreq
                0x08001fc8        0xc CMakeFiles/toy_car_controller.elf.dir/Drivers/STM32F1xx_HAL_Driver/Src/stm32f1xx_hal_rcc.c.obj
                0x08001fc8                HAL_RCC_GetHCLKFreq
 .text.HAL_RCC_GetPCLK1Freq
                0x08001fd4       0x20 CMakeFiles/toy_car_controller.elf.dir/Drivers/STM32F1xx_HAL_Driver/Src/stm32f1xx_hal_rcc.c.obj
                0x08001fd4                HAL_RCC_GetPCLK1Freq
 .text.HAL_RCC_GetPCLK2Freq
                0x08001ff4       0x20 CMakeFiles/toy_car_controller.elf.dir/Drivers/STM32F1xx_HAL_Driver/Src/stm32f1xx_hal_rcc.c.obj
                0x08001ff4                HAL_RCC_GetPCLK2Freq
 .text.HAL_RCC_GetClockConfig
                0x08002014       0x3c CMakeFiles/toy_car_controller.elf.dir/Drivers/STM32F1xx_HAL_Driver/Src/stm32f1xx_hal_rcc.c.obj
                0x08002014                HAL_RCC_GetClockConfig
 .text.HAL_RCCEx_PeriphCLKConfig
                0x08002050      0x118 CMakeFiles/toy_car_controller.elf.dir/Drivers/STM32F1xx_HAL_Driver/Src/stm32f1xx_hal_rcc_ex.c.obj
                0x08002050                HAL_RCCEx_PeriphCLKConfig
 .text.HAL_RCCEx_GetPeriphCLKFreq
                0x08002168       0xd8 CMakeFiles/toy_car_controller.elf.dir/Drivers/STM32F1xx_HAL_Driver/Src/stm32f1xx_hal_rcc_ex.c.obj
                0x08002168                HAL_RCCEx_GetPeriphCLKFreq
 .text.SPI_WaitFlagStateUntilTimeout
                0x08002240       0xd4 CMakeFiles/toy_car_controller.elf.dir/Drivers/STM32F1xx_HAL_Driver/Src/stm32f1xx_hal_spi.c.obj
 .text.SPI_EndRxTxTransaction
                0x08002314       0x24 CMakeFiles/toy_car_controller.elf.dir/Drivers/STM32F1xx_HAL_Driver/Src/stm32f1xx_hal_spi.c.obj
 .text.SPI_EndRxTransaction
                0x08002338       0x74 CMakeFiles/toy_car_controller.elf.dir/Drivers/STM32F1xx_HAL_Driver/Src/stm32f1xx_hal_spi.c.obj
 .text.HAL_SPI_Init
                0x080023ac       0xb6 CMakeFiles/toy_car_controller.elf.dir/Drivers/STM32F1xx_HAL_Driver/Src/stm32f1xx_hal_spi.c.obj
                0x080023ac                HAL_SPI_Init
 .text.HAL_SPI_Transmit
                0x08002462      0x1b8 CMakeFiles/toy_car_controller.elf.dir/Drivers/STM32F1xx_HAL_Driver/Src/stm32f1xx_hal_spi.c.obj
                0x08002462                HAL_SPI_Transmit
 .text.HAL_SPI_TransmitReceive
                0x0800261a      0x244 CMakeFiles/toy_car_controller.elf.dir/Drivers/STM32F1xx_HAL_Driver/Src/stm32f1xx_hal_spi.c.obj
                0x0800261a                HAL_SPI_TransmitReceive
 .text.HAL_SPI_Receive
                0x0800285e      0x17e CMakeFiles/toy_car_controller.elf.dir/Drivers/STM32F1xx_HAL_Driver/Src/stm32f1xx_hal_spi.c.obj
                0x0800285e                HAL_SPI_Receive
 .text.HAL_TIM_Base_MspInit
                0x080029dc        0x2 CMakeFiles/toy_car_controller.elf.dir/Drivers/STM32F1xx_HAL_Driver/Src/stm32f1xx_hal_tim.c.obj
                0x080029dc                HAL_TIM_Base_MspInit
 *fill*         0x080029de        0x2 
 .text.HAL_TIM_Base_Start_IT
                0x080029e0       0x68 CMakeFiles/toy_car_controller.elf.dir/Drivers/STM32F1xx_HAL_Driver/Src/stm32f1xx_hal_tim.c.obj
                0x080029e0                HAL_TIM_Base_Start_IT
 .text.HAL_TIM_OC_DelayElapsedCallback
                0x08002a48        0x2 CMakeFiles/toy_car_controller.elf.dir/Drivers/STM32F1xx_HAL_Driver/Src/stm32f1xx_hal_tim.c.obj
                0x08002a48                HAL_TIM_OC_DelayElapsedCallback
 .text.HAL_TIM_IC_CaptureCallback
                0x08002a4a        0x2 CMakeFiles/toy_car_controller.elf.dir/Drivers/STM32F1xx_HAL_Driver/Src/stm32f1xx_hal_tim.c.obj
                0x08002a4a                HAL_TIM_IC_CaptureCallback
 .text.HAL_TIM_PWM_PulseFinishedCallback
                0x08002a4c        0x2 CMakeFiles/toy_car_controller.elf.dir/Drivers/STM32F1xx_HAL_Driver/Src/stm32f1xx_hal_tim.c.obj
                0x08002a4c                HAL_TIM_PWM_PulseFinishedCallback
 .text.HAL_TIM_TriggerCallback
                0x08002a4e        0x2 CMakeFiles/toy_car_controller.elf.dir/Drivers/STM32F1xx_HAL_Driver/Src/stm32f1xx_hal_tim.c.obj
                0x08002a4e                HAL_TIM_TriggerCallback
 .text.HAL_TIM_IRQHandler
                0x08002a50      0x17a CMakeFiles/toy_car_controller.elf.dir/Drivers/STM32F1xx_HAL_Driver/Src/stm32f1xx_hal_tim.c.obj
                0x08002a50                HAL_TIM_IRQHandler
 *fill*         0x08002bca        0x2 
 .text.TIM_Base_SetConfig
                0x08002bcc       0x74 CMakeFiles/toy_car_controller.elf.dir/Drivers/STM32F1xx_HAL_Driver/Src/stm32f1xx_hal_tim.c.obj
                0x08002bcc                TIM_Base_SetConfig
 .text.HAL_TIM_Base_Init
                0x08002c40       0x58 CMakeFiles/toy_car_controller.elf.dir/Drivers/STM32F1xx_HAL_Driver/Src/stm32f1xx_hal_tim.c.obj
                0x08002c40                HAL_TIM_Base_Init
 .text.HAL_TIMEx_CommutCallback
                0x08002c98        0x2 CMakeFiles/toy_car_controller.elf.dir/Drivers/STM32F1xx_HAL_Driver/Src/stm32f1xx_hal_tim_ex.c.obj
                0x08002c98                HAL_TIMEx_CommutCallback
 .text.HAL_TIMEx_BreakCallback
                0x08002c9a        0x2 CMakeFiles/toy_car_controller.elf.dir/Drivers/STM32F1xx_HAL_Driver/Src/stm32f1xx_hal_tim_ex.c.obj
                0x08002c9a                HAL_TIMEx_BreakCallback
 .text.osKernelInitialize
                0x08002c9c       0x44 CMakeFiles/toy_car_controller.elf.dir/Middlewares/Third_Party/FreeRTOS/Source/CMSIS_RTOS_V2/cmsis_os2.c.obj
                0x08002c9c                osKernelInitialize
 .text.osKernelStart
                0x08002ce0       0x4c CMakeFiles/toy_car_controller.elf.dir/Middlewares/Third_Party/FreeRTOS/Source/CMSIS_RTOS_V2/cmsis_os2.c.obj
                0x08002ce0                osKernelStart
 .text.osThreadNew
                0x08002d2c       0xec CMakeFiles/toy_car_controller.elf.dir/Middlewares/Third_Party/FreeRTOS/Source/CMSIS_RTOS_V2/cmsis_os2.c.obj
                0x08002d2c                osThreadNew
 .text.osDelay  0x08002e18       0x44 CMakeFiles/toy_car_controller.elf.dir/Middlewares/Third_Party/FreeRTOS/Source/CMSIS_RTOS_V2/cmsis_os2.c.obj
                0x08002e18                osDelay
 .text.vApplicationGetIdleTaskMemory
                0x08002e5c       0x18 CMakeFiles/toy_car_controller.elf.dir/Middlewares/Third_Party/FreeRTOS/Source/CMSIS_RTOS_V2/cmsis_os2.c.obj
                0x08002e5c                vApplicationGetIdleTaskMemory
 .text.vApplicationGetTimerTaskMemory
                0x08002e74       0x18 CMakeFiles/toy_car_controller.elf.dir/Middlewares/Third_Party/FreeRTOS/Source/CMSIS_RTOS_V2/cmsis_os2.c.obj
                0x08002e74                vApplicationGetTimerTaskMemory
 .text.vListInitialise
                0x08002e8c       0x16 CMakeFiles/toy_car_controller.elf.dir/Middlewares/Third_Party/FreeRTOS/Source/list.c.obj
                0x08002e8c                vListInitialise
 .text.vListInitialiseItem
                0x08002ea2        0x6 CMakeFiles/toy_car_controller.elf.dir/Middlewares/Third_Party/FreeRTOS/Source/list.c.obj
                0x08002ea2                vListInitialiseItem
 .text.vListInsertEnd
                0x08002ea8       0x16 CMakeFiles/toy_car_controller.elf.dir/Middlewares/Third_Party/FreeRTOS/Source/list.c.obj
                0x08002ea8                vListInsertEnd
 .text.vListInsert
                0x08002ebe       0x32 CMakeFiles/toy_car_controller.elf.dir/Middlewares/Third_Party/FreeRTOS/Source/list.c.obj
                0x08002ebe                vListInsert
 .text.uxListRemove
                0x08002ef0       0x26 CMakeFiles/toy_car_controller.elf.dir/Middlewares/Third_Party/FreeRTOS/Source/list.c.obj
                0x08002ef0                uxListRemove
 *fill*         0x08002f16        0x2 
 .text.prvTaskExitError
                0x08002f18       0x40 CMakeFiles/toy_car_controller.elf.dir/Middlewares/Third_Party/FreeRTOS/Source/portable/GCC/ARM_CM3/port.c.obj
 .text.prvPortStartFirstTask
                0x08002f58       0x20 CMakeFiles/toy_car_controller.elf.dir/Middlewares/Third_Party/FreeRTOS/Source/portable/GCC/ARM_CM3/port.c.obj
 .text.pxPortInitialiseStack
                0x08002f78       0x24 CMakeFiles/toy_car_controller.elf.dir/Middlewares/Third_Party/FreeRTOS/Source/portable/GCC/ARM_CM3/port.c.obj
                0x08002f78                pxPortInitialiseStack
 *fill*         0x08002f9c        0x4 
 .text.SVC_Handler
                0x08002fa0       0x24 CMakeFiles/toy_car_controller.elf.dir/Middlewares/Third_Party/FreeRTOS/Source/portable/GCC/ARM_CM3/port.c.obj
                0x08002fa0                SVC_Handler
 .text.vPortEnterCritical
                0x08002fc4       0x44 CMakeFiles/toy_car_controller.elf.dir/Middlewares/Third_Party/FreeRTOS/Source/portable/GCC/ARM_CM3/port.c.obj
                0x08002fc4                vPortEnterCritical
 .text.vPortExitCritical
                0x08003008       0x2c CMakeFiles/toy_car_controller.elf.dir/Middlewares/Third_Party/FreeRTOS/Source/portable/GCC/ARM_CM3/port.c.obj
                0x08003008                vPortExitCritical
 *fill*         0x08003034        0xc 
 .text.PendSV_Handler
                0x08003040       0x44 CMakeFiles/toy_car_controller.elf.dir/Middlewares/Third_Party/FreeRTOS/Source/portable/GCC/ARM_CM3/port.c.obj
                0x08003040                PendSV_Handler
 .text.SysTick_Handler
                0x08003084       0x2c CMakeFiles/toy_car_controller.elf.dir/Middlewares/Third_Party/FreeRTOS/Source/portable/GCC/ARM_CM3/port.c.obj
                0x08003084                SysTick_Handler
 .text.vPortSetupTimerInterrupt
                0x080030b0       0x28 CMakeFiles/toy_car_controller.elf.dir/Middlewares/Third_Party/FreeRTOS/Source/portable/GCC/ARM_CM3/port.c.obj
                0x080030b0                vPortSetupTimerInterrupt
 .text.xPortStartScheduler
                0x080030d8       0xc0 CMakeFiles/toy_car_controller.elf.dir/Middlewares/Third_Party/FreeRTOS/Source/portable/GCC/ARM_CM3/port.c.obj
                0x080030d8                xPortStartScheduler
 .text.vPortValidateInterruptPriority
                0x08003198       0x5c CMakeFiles/toy_car_controller.elf.dir/Middlewares/Third_Party/FreeRTOS/Source/portable/GCC/ARM_CM3/port.c.obj
                0x08003198                vPortValidateInterruptPriority
 .text.prvHeapInit
                0x080031f4       0x64 CMakeFiles/toy_car_controller.elf.dir/Middlewares/Third_Party/FreeRTOS/Source/portable/MemMang/heap_4.c.obj
 .text.prvInsertBlockIntoFreeList
                0x08003258       0x60 CMakeFiles/toy_car_controller.elf.dir/Middlewares/Third_Party/FreeRTOS/Source/portable/MemMang/heap_4.c.obj
 .text.pvPortMalloc
                0x080032b8       0xf0 CMakeFiles/toy_car_controller.elf.dir/Middlewares/Third_Party/FreeRTOS/Source/portable/MemMang/heap_4.c.obj
                0x080032b8                pvPortMalloc
 .text.vPortFree
                0x080033a8       0x70 CMakeFiles/toy_car_controller.elf.dir/Middlewares/Third_Party/FreeRTOS/Source/portable/MemMang/heap_4.c.obj
                0x080033a8                vPortFree
 .text.prvIsQueueFull
                0x08003418       0x1e CMakeFiles/toy_car_controller.elf.dir/Middlewares/Third_Party/FreeRTOS/Source/queue.c.obj
 .text.prvIsQueueEmpty
                0x08003436       0x1a CMakeFiles/toy_car_controller.elf.dir/Middlewares/Third_Party/FreeRTOS/Source/queue.c.obj
 .text.prvCopyDataToQueue
                0x08003450       0x76 CMakeFiles/toy_car_controller.elf.dir/Middlewares/Third_Party/FreeRTOS/Source/queue.c.obj
 .text.prvCopyDataFromQueue
                0x080034c6       0x24 CMakeFiles/toy_car_controller.elf.dir/Middlewares/Third_Party/FreeRTOS/Source/queue.c.obj
 .text.prvUnlockQueue
                0x080034ea       0x6e CMakeFiles/toy_car_controller.elf.dir/Middlewares/Third_Party/FreeRTOS/Source/queue.c.obj
 .text.xQueueGenericReset
                0x08003558       0x84 CMakeFiles/toy_car_controller.elf.dir/Middlewares/Third_Party/FreeRTOS/Source/queue.c.obj
                0x08003558                xQueueGenericReset
 .text.prvInitialiseNewQueue
                0x080035dc       0x22 CMakeFiles/toy_car_controller.elf.dir/Middlewares/Third_Party/FreeRTOS/Source/queue.c.obj
 .text.xQueueGenericCreateStatic
                0x080035fe       0x92 CMakeFiles/toy_car_controller.elf.dir/Middlewares/Third_Party/FreeRTOS/Source/queue.c.obj
                0x080035fe                xQueueGenericCreateStatic
 .text.xQueueGenericSend
                0x08003690      0x188 CMakeFiles/toy_car_controller.elf.dir/Middlewares/Third_Party/FreeRTOS/Source/queue.c.obj
                0x08003690                xQueueGenericSend
 .text.xQueueGenericSendFromISR
                0x08003818       0xcc CMakeFiles/toy_car_controller.elf.dir/Middlewares/Third_Party/FreeRTOS/Source/queue.c.obj
                0x08003818                xQueueGenericSendFromISR
 .text.xQueueReceive
                0x080038e4      0x15e CMakeFiles/toy_car_controller.elf.dir/Middlewares/Third_Party/FreeRTOS/Source/queue.c.obj
                0x080038e4                xQueueReceive
 *fill*         0x08003a42        0x2 
 .text.vQueueAddToRegistry
                0x08003a44       0x28 CMakeFiles/toy_car_controller.elf.dir/Middlewares/Third_Party/FreeRTOS/Source/queue.c.obj
                0x08003a44                vQueueAddToRegistry
 .text.vQueueWaitForMessageRestricted
                0x08003a6c       0x52 CMakeFiles/toy_car_controller.elf.dir/Middlewares/Third_Party/FreeRTOS/Source/queue.c.obj
                0x08003a6c                vQueueWaitForMessageRestricted
 .text.prvBytesInBuffer
                0x08003abe       0x12 CMakeFiles/toy_car_controller.elf.dir/Middlewares/Third_Party/FreeRTOS/Source/stream_buffer.c.obj
 .text.prvInitialiseNewStreamBuffer
                0x08003ad0       0x42 CMakeFiles/toy_car_controller.elf.dir/Middlewares/Third_Party/FreeRTOS/Source/stream_buffer.c.obj
 .text.prvWriteBytesToBuffer
                0x08003b12       0x8c CMakeFiles/toy_car_controller.elf.dir/Middlewares/Third_Party/FreeRTOS/Source/stream_buffer.c.obj
 .text.prvWriteMessageToBuffer
                0x08003b9e       0x44 CMakeFiles/toy_car_controller.elf.dir/Middlewares/Third_Party/FreeRTOS/Source/stream_buffer.c.obj
 .text.prvReadBytesFromBuffer
                0x08003be2       0x9c CMakeFiles/toy_car_controller.elf.dir/Middlewares/Third_Party/FreeRTOS/Source/stream_buffer.c.obj
 .text.prvReadMessageFromBuffer
                0x08003c7e       0x4c CMakeFiles/toy_car_controller.elf.dir/Middlewares/Third_Party/FreeRTOS/Source/stream_buffer.c.obj
 .text.xStreamBufferGenericCreate
                0x08003cca       0x58 CMakeFiles/toy_car_controller.elf.dir/Middlewares/Third_Party/FreeRTOS/Source/stream_buffer.c.obj
                0x08003cca                xStreamBufferGenericCreate
 .text.xStreamBufferSpacesAvailable
                0x08003d22       0x2a CMakeFiles/toy_car_controller.elf.dir/Middlewares/Third_Party/FreeRTOS/Source/stream_buffer.c.obj
                0x08003d22                xStreamBufferSpacesAvailable
 .text.xStreamBufferSend
                0x08003d4c       0xfc CMakeFiles/toy_car_controller.elf.dir/Middlewares/Third_Party/FreeRTOS/Source/stream_buffer.c.obj
                0x08003d4c                xStreamBufferSend
 .text.xStreamBufferReceive
                0x08003e48       0xec CMakeFiles/toy_car_controller.elf.dir/Middlewares/Third_Party/FreeRTOS/Source/stream_buffer.c.obj
                0x08003e48                xStreamBufferReceive
 .text.prvResetNextTaskUnblockTime
                0x08003f34       0x2c CMakeFiles/toy_car_controller.elf.dir/Middlewares/Third_Party/FreeRTOS/Source/tasks.c.obj
 .text.prvInitialiseNewTask
                0x08003f60       0x9c CMakeFiles/toy_car_controller.elf.dir/Middlewares/Third_Party/FreeRTOS/Source/tasks.c.obj
 .text.prvInitialiseTaskLists
                0x08003ffc       0x68 CMakeFiles/toy_car_controller.elf.dir/Middlewares/Third_Party/FreeRTOS/Source/tasks.c.obj
 .text.prvAddNewTaskToReadyList
                0x08004064       0xac CMakeFiles/toy_car_controller.elf.dir/Middlewares/Third_Party/FreeRTOS/Source/tasks.c.obj
 .text.prvDeleteTCB
                0x08004110       0x38 CMakeFiles/toy_car_controller.elf.dir/Middlewares/Third_Party/FreeRTOS/Source/tasks.c.obj
 .text.prvCheckTasksWaitingTermination
                0x08004148       0x4c CMakeFiles/toy_car_controller.elf.dir/Middlewares/Third_Party/FreeRTOS/Source/tasks.c.obj
 .text.prvIdleTask
                0x08004194       0x28 CMakeFiles/toy_car_controller.elf.dir/Middlewares/Third_Party/FreeRTOS/Source/tasks.c.obj
 .text.prvAddCurrentTaskToDelayedList
                0x080041bc       0x7c CMakeFiles/toy_car_controller.elf.dir/Middlewares/Third_Party/FreeRTOS/Source/tasks.c.obj
 .text.xTaskCreateStatic
                0x08004238       0x74 CMakeFiles/toy_car_controller.elf.dir/Middlewares/Third_Party/FreeRTOS/Source/tasks.c.obj
                0x08004238                xTaskCreateStatic
 .text.xTaskCreate
                0x080042ac       0x68 CMakeFiles/toy_car_controller.elf.dir/Middlewares/Third_Party/FreeRTOS/Source/tasks.c.obj
                0x080042ac                xTaskCreate
 .text.vTaskStartScheduler
                0x08004314       0x9c CMakeFiles/toy_car_controller.elf.dir/Middlewares/Third_Party/FreeRTOS/Source/tasks.c.obj
                0x08004314                vTaskStartScheduler
 .text.vTaskSuspendAll
                0x080043b0       0x10 CMakeFiles/toy_car_controller.elf.dir/Middlewares/Third_Party/FreeRTOS/Source/tasks.c.obj
                0x080043b0                vTaskSuspendAll
 .text.xTaskGetTickCount
                0x080043c0        0xc CMakeFiles/toy_car_controller.elf.dir/Middlewares/Third_Party/FreeRTOS/Source/tasks.c.obj
                0x080043c0                xTaskGetTickCount
 .text.xTaskIncrementTick
                0x080043cc      0x118 CMakeFiles/toy_car_controller.elf.dir/Middlewares/Third_Party/FreeRTOS/Source/tasks.c.obj
                0x080043cc                xTaskIncrementTick
 .text.xTaskResumeAll
                0x080044e4       0xf8 CMakeFiles/toy_car_controller.elf.dir/Middlewares/Third_Party/FreeRTOS/Source/tasks.c.obj
                0x080044e4                xTaskResumeAll
 .text.vTaskDelay
                0x080045dc       0x4c CMakeFiles/toy_car_controller.elf.dir/Middlewares/Third_Party/FreeRTOS/Source/tasks.c.obj
                0x080045dc                vTaskDelay
 .text.vTaskSwitchContext
                0x08004628       0x94 CMakeFiles/toy_car_controller.elf.dir/Middlewares/Third_Party/FreeRTOS/Source/tasks.c.obj
                0x08004628                vTaskSwitchContext
 .text.vTaskPlaceOnEventList
                0x080046bc       0x30 CMakeFiles/toy_car_controller.elf.dir/Middlewares/Third_Party/FreeRTOS/Source/tasks.c.obj
                0x080046bc                vTaskPlaceOnEventList
 .text.vTaskPlaceOnEventListRestricted
                0x080046ec       0x38 CMakeFiles/toy_car_controller.elf.dir/Middlewares/Third_Party/FreeRTOS/Source/tasks.c.obj
                0x080046ec                vTaskPlaceOnEventListRestricted
 .text.xTaskRemoveFromEventList
                0x08004724       0x8c CMakeFiles/toy_car_controller.elf.dir/Middlewares/Third_Party/FreeRTOS/Source/tasks.c.obj
                0x08004724                xTaskRemoveFromEventList
 .text.vTaskSetTimeOutState
                0x080047b0       0x38 CMakeFiles/toy_car_controller.elf.dir/Middlewares/Third_Party/FreeRTOS/Source/tasks.c.obj
                0x080047b0                vTaskSetTimeOutState
 .text.vTaskInternalSetTimeOutState
                0x080047e8       0x18 CMakeFiles/toy_car_controller.elf.dir/Middlewares/Third_Party/FreeRTOS/Source/tasks.c.obj
                0x080047e8                vTaskInternalSetTimeOutState
 .text.xTaskCheckForTimeOut
                0x08004800       0x84 CMakeFiles/toy_car_controller.elf.dir/Middlewares/Third_Party/FreeRTOS/Source/tasks.c.obj
                0x08004800                xTaskCheckForTimeOut
 .text.vTaskMissedYield
                0x08004884        0xc CMakeFiles/toy_car_controller.elf.dir/Middlewares/Third_Party/FreeRTOS/Source/tasks.c.obj
                0x08004884                vTaskMissedYield
 .text.xTaskGetCurrentTaskHandle
                0x08004890        0xc CMakeFiles/toy_car_controller.elf.dir/Middlewares/Third_Party/FreeRTOS/Source/tasks.c.obj
                0x08004890                xTaskGetCurrentTaskHandle
 .text.xTaskGetSchedulerState
                0x0800489c       0x20 CMakeFiles/toy_car_controller.elf.dir/Middlewares/Third_Party/FreeRTOS/Source/tasks.c.obj
                0x0800489c                xTaskGetSchedulerState
 .text.xTaskPriorityDisinherit
                0x080048bc       0x90 CMakeFiles/toy_car_controller.elf.dir/Middlewares/Third_Party/FreeRTOS/Source/tasks.c.obj
                0x080048bc                xTaskPriorityDisinherit
 .text.xTaskNotifyWait
                0x0800494c       0x98 CMakeFiles/toy_car_controller.elf.dir/Middlewares/Third_Party/FreeRTOS/Source/tasks.c.obj
                0x0800494c                xTaskNotifyWait
 .text.xTaskGenericNotify
                0x080049e4       0xe4 CMakeFiles/toy_car_controller.elf.dir/Middlewares/Third_Party/FreeRTOS/Source/tasks.c.obj
                0x080049e4                xTaskGenericNotify
 .text.xTaskNotifyStateClear
                0x08004ac8       0x34 CMakeFiles/toy_car_controller.elf.dir/Middlewares/Third_Party/FreeRTOS/Source/tasks.c.obj
                0x08004ac8                xTaskNotifyStateClear
 .text.prvGetNextExpireTime
                0x08004afc       0x20 CMakeFiles/toy_car_controller.elf.dir/Middlewares/Third_Party/FreeRTOS/Source/timers.c.obj
 .text.prvInsertTimerInActiveList
                0x08004b1c       0x48 CMakeFiles/toy_car_controller.elf.dir/Middlewares/Third_Party/FreeRTOS/Source/timers.c.obj
 .text.prvCheckForValidListAndQueue
                0x08004b64       0x70 CMakeFiles/toy_car_controller.elf.dir/Middlewares/Third_Party/FreeRTOS/Source/timers.c.obj
 .text.xTimerCreateTimerTask
                0x08004bd4       0x64 CMakeFiles/toy_car_controller.elf.dir/Middlewares/Third_Party/FreeRTOS/Source/timers.c.obj
                0x08004bd4                xTimerCreateTimerTask
 .text.xTimerGenericCommand
                0x08004c38       0x6c CMakeFiles/toy_car_controller.elf.dir/Middlewares/Third_Party/FreeRTOS/Source/timers.c.obj
                0x08004c38                xTimerGenericCommand
 .text.prvSwitchTimerLists
                0x08004ca4       0x78 CMakeFiles/toy_car_controller.elf.dir/Middlewares/Third_Party/FreeRTOS/Source/timers.c.obj
 .text.prvSampleTimeNow
                0x08004d1c       0x2c CMakeFiles/toy_car_controller.elf.dir/Middlewares/Third_Party/FreeRTOS/Source/timers.c.obj
 .text.prvProcessExpiredTimer
                0x08004d48       0x60 CMakeFiles/toy_car_controller.elf.dir/Middlewares/Third_Party/FreeRTOS/Source/timers.c.obj
 .text.prvProcessTimerOrBlockTask
                0x08004da8       0x74 CMakeFiles/toy_car_controller.elf.dir/Middlewares/Third_Party/FreeRTOS/Source/timers.c.obj
 .text.prvProcessReceivedCommands
                0x08004e1c       0xf8 CMakeFiles/toy_car_controller.elf.dir/Middlewares/Third_Party/FreeRTOS/Source/timers.c.obj
 .text.prvTimerTask
                0x08004f14       0x16 CMakeFiles/toy_car_controller.elf.dir/Middlewares/Third_Party/FreeRTOS/Source/timers.c.obj
 *fill*         0x08004f2a        0x2 
 .text.__libc_init_array
                0x08004f2c       0x48 c:/progra~1/gcc-arm-none-eabi-10.3-2021.10/bin/../lib/gcc/arm-none-eabi/10.3.1/../../../../arm-none-eabi/lib/thumb/v7-m/nofp\libc.a(lib_a-init.o)
                0x08004f2c                __libc_init_array
 .text.memset   0x08004f74       0xa4 c:/progra~1/gcc-arm-none-eabi-10.3-2021.10/bin/../lib/gcc/arm-none-eabi/10.3.1/../../../../arm-none-eabi/lib/thumb/v7-m/nofp\libc.a(lib_a-memset.o)
                0x08004f74                memset
 .text.startup.register_fini
                0x08005018       0x14 c:/progra~1/gcc-arm-none-eabi-10.3-2021.10/bin/../lib/gcc/arm-none-eabi/10.3.1/../../../../arm-none-eabi/lib/thumb/v7-m/nofp\libc.a(lib_a-__call_atexit.o)
 .text.atexit   0x0800502c        0xc c:/progra~1/gcc-arm-none-eabi-10.3-2021.10/bin/../lib/gcc/arm-none-eabi/10.3.1/../../../../arm-none-eabi/lib/thumb/v7-m/nofp\libc.a(lib_a-atexit.o)
                0x0800502c                atexit
 .text.__libc_fini_array
                0x08005038       0x2c c:/progra~1/gcc-arm-none-eabi-10.3-2021.10/bin/../lib/gcc/arm-none-eabi/10.3.1/../../../../arm-none-eabi/lib/thumb/v7-m/nofp\libc.a(lib_a-fini.o)
                0x08005038                __libc_fini_array
 .text.__retarget_lock_acquire_recursive
                0x08005064        0x4 c:/progra~1/gcc-arm-none-eabi-10.3-2021.10/bin/../lib/gcc/arm-none-eabi/10.3.1/../../../../arm-none-eabi/lib/thumb/v7-m/nofp\libc.a(lib_a-lock.o)
                0x08005064                __retarget_lock_acquire_recursive
 .text.__retarget_lock_release_recursive
                0x08005068        0x4 c:/progra~1/gcc-arm-none-eabi-10.3-2021.10/bin/../lib/gcc/arm-none-eabi/10.3.1/../../../../arm-none-eabi/lib/thumb/v7-m/nofp\libc.a(lib_a-lock.o)
                0x08005068                __retarget_lock_release_recursive
 .text.__register_exitproc
                0x0800506c       0x8c c:/progra~1/gcc-arm-none-eabi-10.3-2021.10/bin/../lib/gcc/arm-none-eabi/10.3.1/../../../../arm-none-eabi/lib/thumb/v7-m/nofp\libc.a(lib_a-__atexit.o)
                0x0800506c                __register_exitproc
 *(.glue_7)
 .glue_7        0x080050f8        0x0 linker stubs
 *(.glue_7t)
 .glue_7t       0x080050f8        0x0 linker stubs
 *(.eh_frame)
 .eh_frame      0x080050f8        0x0 c:/progra~1/gcc-arm-none-eabi-10.3-2021.10/bin/../lib/gcc/arm-none-eabi/10.3.1/thumb/v7-m/nofp/crtbegin.o
 *(.init)
 .init          0x080050f8        0x4 c:/progra~1/gcc-arm-none-eabi-10.3-2021.10/bin/../lib/gcc/arm-none-eabi/10.3.1/thumb/v7-m/nofp/crti.o
                0x080050f8                _init
 .init          0x080050fc        0x8 c:/progra~1/gcc-arm-none-eabi-10.3-2021.10/bin/../lib/gcc/arm-none-eabi/10.3.1/thumb/v7-m/nofp/crtn.o
 *(.fini)
 .fini          0x08005104        0x4 c:/progra~1/gcc-arm-none-eabi-10.3-2021.10/bin/../lib/gcc/arm-none-eabi/10.3.1/thumb/v7-m/nofp/crti.o
                0x08005104                _fini
 .fini          0x08005108        0x8 c:/progra~1/gcc-arm-none-eabi-10.3-2021.10/bin/../lib/gcc/arm-none-eabi/10.3.1/thumb/v7-m/nofp/crtn.o
                0x08005110                . = ALIGN (0x4)
                0x08005110                _etext = .

.vfp11_veneer   0x08005110        0x0
 .vfp11_veneer  0x08005110        0x0 linker stubs

.v4_bx          0x08005110        0x0
 .v4_bx         0x08005110        0x0 linker stubs

.iplt           0x08005110        0x0
 .iplt          0x08005110        0x0 c:/progra~1/gcc-arm-none-eabi-10.3-2021.10/bin/../lib/gcc/arm-none-eabi/10.3.1/thumb/v7-m/nofp/crtbegin.o

.rodata         0x08005110      0x6c8
                0x08005110                . = ALIGN (0x4)
 *(.rodata)
 *(.rodata*)
 .rodata.APP_OLED.str1.4
                0x08005110        0xe CMakeFiles/toy_car_controller.elf.dir/Core/Src/freertos.c.obj
 *fill*         0x0800511e        0x2 
 .rodata.MX_FREERTOS_Init.str1.4
                0x08005120        0x4 CMakeFiles/toy_car_controller.elf.dir/Core/Src/freertos.c.obj
 .rodata.str1.4
                0x08005124        0xd CMakeFiles/toy_car_controller.elf.dir/Core/Src/freertos.c.obj
 *fill*         0x08005131        0x3 
 .rodata.Main_attributes
                0x08005134       0x24 CMakeFiles/toy_car_controller.elf.dir/Core/Src/freertos.c.obj
                0x08005134                Main_attributes
 .rodata.OLED_attributes
                0x08005158       0x24 CMakeFiles/toy_car_controller.elf.dir/Core/Src/freertos.c.obj
                0x08005158                OLED_attributes
 .rodata.main.str1.4
                0x0800517c        0xf CMakeFiles/toy_car_controller.elf.dir/Core/Src/main.c.obj
 *fill*         0x0800518b        0x1 
 .rodata.AHBPrescTable
                0x0800518c       0x10 CMakeFiles/toy_car_controller.elf.dir/Core/Src/system_stm32f1xx.c.obj
                0x0800518c                AHBPrescTable
 .rodata.APBPrescTable
                0x0800519c        0x8 CMakeFiles/toy_car_controller.elf.dir/Core/Src/system_stm32f1xx.c.obj
                0x0800519c                APBPrescTable
 .rodata.F8X16  0x080051a4      0x5f0 CMakeFiles/toy_car_controller.elf.dir/Drivers/OLED/Src/oled.c.obj
                0x080051a4                F8X16
 .rodata.aPLLMULFactorTable.1
                0x08005794       0x10 CMakeFiles/toy_car_controller.elf.dir/Drivers/STM32F1xx_HAL_Driver/Src/stm32f1xx_hal_rcc.c.obj
 .rodata.aPredivFactorTable.0
                0x080057a4        0x2 CMakeFiles/toy_car_controller.elf.dir/Drivers/STM32F1xx_HAL_Driver/Src/stm32f1xx_hal_rcc.c.obj
 *fill*         0x080057a6        0x2 
 .rodata.aPLLMULFactorTable.1
                0x080057a8       0x10 CMakeFiles/toy_car_controller.elf.dir/Drivers/STM32F1xx_HAL_Driver/Src/stm32f1xx_hal_rcc_ex.c.obj
 .rodata.aPredivFactorTable.0
                0x080057b8        0x2 CMakeFiles/toy_car_controller.elf.dir/Drivers/STM32F1xx_HAL_Driver/Src/stm32f1xx_hal_rcc_ex.c.obj
 *fill*         0x080057ba        0x2 
 .rodata.vTaskStartScheduler.str1.4
                0x080057bc        0x5 CMakeFiles/toy_car_controller.elf.dir/Middlewares/Third_Party/FreeRTOS/Source/tasks.c.obj
 *fill*         0x080057c1        0x3 
 .rodata.prvCheckForValidListAndQueue.str1.4
                0x080057c4        0x5 CMakeFiles/toy_car_controller.elf.dir/Middlewares/Third_Party/FreeRTOS/Source/timers.c.obj
 *fill*         0x080057c9        0x3 
 .rodata.xTimerCreateTimerTask.str1.4
                0x080057cc        0x8 CMakeFiles/toy_car_controller.elf.dir/Middlewares/Third_Party/FreeRTOS/Source/timers.c.obj
 .rodata._global_impure_ptr
                0x080057d4        0x4 c:/progra~1/gcc-arm-none-eabi-10.3-2021.10/bin/../lib/gcc/arm-none-eabi/10.3.1/../../../../arm-none-eabi/lib/thumb/v7-m/nofp\libc.a(lib_a-impure.o)
                0x080057d4                _global_impure_ptr
                0x080057d8                . = ALIGN (0x4)

.rel.dyn        0x080057d8        0x0
 .rel.iplt      0x080057d8        0x0 c:/progra~1/gcc-arm-none-eabi-10.3-2021.10/bin/../lib/gcc/arm-none-eabi/10.3.1/thumb/v7-m/nofp/crtbegin.o

.ARM.extab      0x080057d8        0x0
                0x080057d8                . = ALIGN (0x4)
 *(.ARM.extab* .gnu.linkonce.armextab.*)
                0x080057d8                . = ALIGN (0x4)

.ARM            0x080057d8        0x0
                0x080057d8                . = ALIGN (0x4)
                0x080057d8                __exidx_start = .
 *(.ARM.exidx*)
                0x080057d8                __exidx_end = .
                0x080057d8                . = ALIGN (0x4)

.preinit_array  0x080057d8        0x0
                0x080057d8                . = ALIGN (0x4)
                0x080057d8                PROVIDE (__preinit_array_start = .)
 *(.preinit_array*)
                0x080057d8                PROVIDE (__preinit_array_end = .)
                0x080057d8                . = ALIGN (0x4)

.init_array     0x080057d8        0x8
                0x080057d8                . = ALIGN (0x4)
                0x080057d8                PROVIDE (__init_array_start = .)
 *(SORT_BY_NAME(.init_array.*))
 .init_array.00000
                0x080057d8        0x4 c:/progra~1/gcc-arm-none-eabi-10.3-2021.10/bin/../lib/gcc/arm-none-eabi/10.3.1/../../../../arm-none-eabi/lib/thumb/v7-m/nofp\libc.a(lib_a-__call_atexit.o)
 *(.init_array*)
 .init_array    0x080057dc        0x4 c:/progra~1/gcc-arm-none-eabi-10.3-2021.10/bin/../lib/gcc/arm-none-eabi/10.3.1/thumb/v7-m/nofp/crtbegin.o
                0x080057e0                PROVIDE (__init_array_end = .)
                0x080057e0                . = ALIGN (0x4)

.fini_array     0x080057e0        0x4
                0x080057e0                . = ALIGN (0x4)
                0x080057e0                PROVIDE (__fini_array_start = .)
 *(SORT_BY_NAME(.fini_array.*))
 *(.fini_array*)
 .fini_array    0x080057e0        0x4 c:/progra~1/gcc-arm-none-eabi-10.3-2021.10/bin/../lib/gcc/arm-none-eabi/10.3.1/thumb/v7-m/nofp/crtbegin.o
                0x080057e4                PROVIDE (__fini_array_end = .)
                0x080057e4                . = ALIGN (0x4)
                0x080057e4                _sidata = LOADADDR (.data)

.data           0x20000000      0x43c load address 0x080057e4
                0x20000000                . = ALIGN (0x4)
                0x20000000                _sdata = .
 *(.data)
 *(.data*)
 .data.SystemCoreClock
                0x20000000        0x4 CMakeFiles/toy_car_controller.elf.dir/Core/Src/system_stm32f1xx.c.obj
                0x20000000                SystemCoreClock
 .data.uwTickFreq
                0x20000004        0x1 CMakeFiles/toy_car_controller.elf.dir/Drivers/STM32F1xx_HAL_Driver/Src/stm32f1xx_hal.c.obj
                0x20000004                uwTickFreq
 *fill*         0x20000005        0x3 
 .data.uwTickPrio
                0x20000008        0x4 CMakeFiles/toy_car_controller.elf.dir/Drivers/STM32F1xx_HAL_Driver/Src/stm32f1xx_hal.c.obj
                0x20000008                uwTickPrio
 .data.uxCriticalNesting
                0x2000000c        0x4 CMakeFiles/toy_car_controller.elf.dir/Middlewares/Third_Party/FreeRTOS/Source/portable/GCC/ARM_CM3/port.c.obj
 .data.impure_data
                0x20000010      0x428 c:/progra~1/gcc-arm-none-eabi-10.3-2021.10/bin/../lib/gcc/arm-none-eabi/10.3.1/../../../../arm-none-eabi/lib/thumb/v7-m/nofp\libc.a(lib_a-impure.o)
 .data.__atexit_recursive_mutex
                0x20000438        0x4 c:/progra~1/gcc-arm-none-eabi-10.3-2021.10/bin/../lib/gcc/arm-none-eabi/10.3.1/../../../../arm-none-eabi/lib/thumb/v7-m/nofp\libc.a(lib_a-__call_atexit.o)
                0x20000438                __atexit_recursive_mutex
 *(.RamFunc)
 *(.RamFunc*)
                0x2000043c                . = ALIGN (0x4)
                0x2000043c                _edata = .

.igot.plt       0x2000043c        0x0 load address 0x08005c20
 .igot.plt      0x2000043c        0x0 c:/progra~1/gcc-arm-none-eabi-10.3-2021.10/bin/../lib/gcc/arm-none-eabi/10.3.1/thumb/v7-m/nofp/crtbegin.o
                0x2000043c                . = ALIGN (0x4)

.bss            0x2000043c     0x1784 load address 0x08005c20
                0x2000043c                _sbss = .
                0x2000043c                __bss_start__ = _sbss
 *(.bss)
 .bss           0x2000043c       0x1c c:/progra~1/gcc-arm-none-eabi-10.3-2021.10/bin/../lib/gcc/arm-none-eabi/10.3.1/thumb/v7-m/nofp/crtbegin.o
 *(.bss*)
 .bss.hadc1     0x20000458       0x30 CMakeFiles/toy_car_controller.elf.dir/Core/Src/adc.c.obj
                0x20000458                hadc1
 .bss.hadc2     0x20000488       0x30 CMakeFiles/toy_car_controller.elf.dir/Core/Src/adc.c.obj
                0x20000488                hadc2
 .bss.ADCHandle
                0x200004b8        0x4 CMakeFiles/toy_car_controller.elf.dir/Core/Src/freertos.c.obj
                0x200004b8                ADCHandle
 .bss.ADCRetval
                0x200004bc        0x4 CMakeFiles/toy_car_controller.elf.dir/Core/Src/freertos.c.obj
                0x200004bc                ADCRetval
 .bss.MainHandle
                0x200004c0        0x4 CMakeFiles/toy_car_controller.elf.dir/Core/Src/freertos.c.obj
                0x200004c0                MainHandle
 .bss.OLEDHandle
                0x200004c4        0x4 CMakeFiles/toy_car_controller.elf.dir/Core/Src/freertos.c.obj
                0x200004c4                OLEDHandle
 .bss.streamBufferHandle
                0x200004c8        0x4 CMakeFiles/toy_car_controller.elf.dir/Core/Src/freertos.c.obj
                0x200004c8                streamBufferHandle
 .bss.streamBufferHandle1
                0x200004cc        0x4 CMakeFiles/toy_car_controller.elf.dir/Core/Src/freertos.c.obj
                0x200004cc                streamBufferHandle1
 .bss.hspi2     0x200004d0       0x58 CMakeFiles/toy_car_controller.elf.dir/Core/Src/spi.c.obj
                0x200004d0                hspi2
 .bss.htim4     0x20000528       0x48 CMakeFiles/toy_car_controller.elf.dir/Core/Src/stm32f1xx_hal_timebase_tim.c.obj
                0x20000528                htim4
 .bss.uwTick    0x20000570        0x4 CMakeFiles/toy_car_controller.elf.dir/Drivers/STM32F1xx_HAL_Driver/Src/stm32f1xx_hal.c.obj
                0x20000570                uwTick
 .bss.Idle_Stack
                0x20000574      0x100 CMakeFiles/toy_car_controller.elf.dir/Middlewares/Third_Party/FreeRTOS/Source/CMSIS_RTOS_V2/cmsis_os2.c.obj
 .bss.Idle_TCB  0x20000674       0x5c CMakeFiles/toy_car_controller.elf.dir/Middlewares/Third_Party/FreeRTOS/Source/CMSIS_RTOS_V2/cmsis_os2.c.obj
 .bss.KernelState
                0x200006d0        0x4 CMakeFiles/toy_car_controller.elf.dir/Middlewares/Third_Party/FreeRTOS/Source/CMSIS_RTOS_V2/cmsis_os2.c.obj
 .bss.Timer_Stack
                0x200006d4      0x200 CMakeFiles/toy_car_controller.elf.dir/Middlewares/Third_Party/FreeRTOS/Source/CMSIS_RTOS_V2/cmsis_os2.c.obj
 .bss.Timer_TCB
                0x200008d4       0x5c CMakeFiles/toy_car_controller.elf.dir/Middlewares/Third_Party/FreeRTOS/Source/CMSIS_RTOS_V2/cmsis_os2.c.obj
 .bss.ucMaxSysCallPriority
                0x20000930        0x1 CMakeFiles/toy_car_controller.elf.dir/Middlewares/Third_Party/FreeRTOS/Source/portable/GCC/ARM_CM3/port.c.obj
 *fill*         0x20000931        0x3 
 .bss.ulMaxPRIGROUPValue
                0x20000934        0x4 CMakeFiles/toy_car_controller.elf.dir/Middlewares/Third_Party/FreeRTOS/Source/portable/GCC/ARM_CM3/port.c.obj
 .bss.pxEnd     0x20000938        0x4 CMakeFiles/toy_car_controller.elf.dir/Middlewares/Third_Party/FreeRTOS/Source/portable/MemMang/heap_4.c.obj
 .bss.ucHeap    0x2000093c      0xc00 CMakeFiles/toy_car_controller.elf.dir/Middlewares/Third_Party/FreeRTOS/Source/portable/MemMang/heap_4.c.obj
 .bss.xBlockAllocatedBit
                0x2000153c        0x4 CMakeFiles/toy_car_controller.elf.dir/Middlewares/Third_Party/FreeRTOS/Source/portable/MemMang/heap_4.c.obj
 .bss.xFreeBytesRemaining
                0x20001540        0x4 CMakeFiles/toy_car_controller.elf.dir/Middlewares/Third_Party/FreeRTOS/Source/portable/MemMang/heap_4.c.obj
 .bss.xMinimumEverFreeBytesRemaining
                0x20001544        0x4 CMakeFiles/toy_car_controller.elf.dir/Middlewares/Third_Party/FreeRTOS/Source/portable/MemMang/heap_4.c.obj
 .bss.xStart    0x20001548        0x8 CMakeFiles/toy_car_controller.elf.dir/Middlewares/Third_Party/FreeRTOS/Source/portable/MemMang/heap_4.c.obj
 .bss.xQueueRegistry
                0x20001550       0x40 CMakeFiles/toy_car_controller.elf.dir/Middlewares/Third_Party/FreeRTOS/Source/queue.c.obj
                0x20001550                xQueueRegistry
 .bss.pxCurrentTCB
                0x20001590        0x4 CMakeFiles/toy_car_controller.elf.dir/Middlewares/Third_Party/FreeRTOS/Source/tasks.c.obj
                0x20001590                pxCurrentTCB
 .bss.pxDelayedTaskList
                0x20001594        0x4 CMakeFiles/toy_car_controller.elf.dir/Middlewares/Third_Party/FreeRTOS/Source/tasks.c.obj
 .bss.pxOverflowDelayedTaskList
                0x20001598        0x4 CMakeFiles/toy_car_controller.elf.dir/Middlewares/Third_Party/FreeRTOS/Source/tasks.c.obj
 .bss.pxReadyTasksLists
                0x2000159c      0x460 CMakeFiles/toy_car_controller.elf.dir/Middlewares/Third_Party/FreeRTOS/Source/tasks.c.obj
 .bss.uxCurrentNumberOfTasks
                0x200019fc        0x4 CMakeFiles/toy_car_controller.elf.dir/Middlewares/Third_Party/FreeRTOS/Source/tasks.c.obj
 .bss.uxDeletedTasksWaitingCleanUp
                0x20001a00        0x4 CMakeFiles/toy_car_controller.elf.dir/Middlewares/Third_Party/FreeRTOS/Source/tasks.c.obj
 .bss.uxPendedTicks
                0x20001a04        0x4 CMakeFiles/toy_car_controller.elf.dir/Middlewares/Third_Party/FreeRTOS/Source/tasks.c.obj
 .bss.uxSchedulerSuspended
                0x20001a08        0x4 CMakeFiles/toy_car_controller.elf.dir/Middlewares/Third_Party/FreeRTOS/Source/tasks.c.obj
 .bss.uxTaskNumber
                0x20001a0c        0x4 CMakeFiles/toy_car_controller.elf.dir/Middlewares/Third_Party/FreeRTOS/Source/tasks.c.obj
 .bss.uxTopReadyPriority
                0x20001a10        0x4 CMakeFiles/toy_car_controller.elf.dir/Middlewares/Third_Party/FreeRTOS/Source/tasks.c.obj
 .bss.xDelayedTaskList1
                0x20001a14       0x14 CMakeFiles/toy_car_controller.elf.dir/Middlewares/Third_Party/FreeRTOS/Source/tasks.c.obj
 .bss.xDelayedTaskList2
                0x20001a28       0x14 CMakeFiles/toy_car_controller.elf.dir/Middlewares/Third_Party/FreeRTOS/Source/tasks.c.obj
 .bss.xIdleTaskHandle
                0x20001a3c        0x4 CMakeFiles/toy_car_controller.elf.dir/Middlewares/Third_Party/FreeRTOS/Source/tasks.c.obj
 .bss.xNextTaskUnblockTime
                0x20001a40        0x4 CMakeFiles/toy_car_controller.elf.dir/Middlewares/Third_Party/FreeRTOS/Source/tasks.c.obj
 .bss.xNumOfOverflows
                0x20001a44        0x4 CMakeFiles/toy_car_controller.elf.dir/Middlewares/Third_Party/FreeRTOS/Source/tasks.c.obj
 .bss.xPendingReadyList
                0x20001a48       0x14 CMakeFiles/toy_car_controller.elf.dir/Middlewares/Third_Party/FreeRTOS/Source/tasks.c.obj
 .bss.xSchedulerRunning
                0x20001a5c        0x4 CMakeFiles/toy_car_controller.elf.dir/Middlewares/Third_Party/FreeRTOS/Source/tasks.c.obj
 .bss.xSuspendedTaskList
                0x20001a60       0x14 CMakeFiles/toy_car_controller.elf.dir/Middlewares/Third_Party/FreeRTOS/Source/tasks.c.obj
 .bss.xTasksWaitingTermination
                0x20001a74       0x14 CMakeFiles/toy_car_controller.elf.dir/Middlewares/Third_Party/FreeRTOS/Source/tasks.c.obj
 .bss.xTickCount
                0x20001a88        0x4 CMakeFiles/toy_car_controller.elf.dir/Middlewares/Third_Party/FreeRTOS/Source/tasks.c.obj
 .bss.xYieldPending
                0x20001a8c        0x4 CMakeFiles/toy_car_controller.elf.dir/Middlewares/Third_Party/FreeRTOS/Source/tasks.c.obj
 .bss.pxCurrentTimerList
                0x20001a90        0x4 CMakeFiles/toy_car_controller.elf.dir/Middlewares/Third_Party/FreeRTOS/Source/timers.c.obj
 .bss.pxOverflowTimerList
                0x20001a94        0x4 CMakeFiles/toy_car_controller.elf.dir/Middlewares/Third_Party/FreeRTOS/Source/timers.c.obj
 .bss.ucStaticTimerQueueStorage.1
                0x20001a98       0xa0 CMakeFiles/toy_car_controller.elf.dir/Middlewares/Third_Party/FreeRTOS/Source/timers.c.obj
 .bss.xActiveTimerList1
                0x20001b38       0x14 CMakeFiles/toy_car_controller.elf.dir/Middlewares/Third_Party/FreeRTOS/Source/timers.c.obj
 .bss.xActiveTimerList2
                0x20001b4c       0x14 CMakeFiles/toy_car_controller.elf.dir/Middlewares/Third_Party/FreeRTOS/Source/timers.c.obj
 .bss.xLastTime.2
                0x20001b60        0x4 CMakeFiles/toy_car_controller.elf.dir/Middlewares/Third_Party/FreeRTOS/Source/timers.c.obj
 .bss.xStaticTimerQueue.0
                0x20001b64       0x50 CMakeFiles/toy_car_controller.elf.dir/Middlewares/Third_Party/FreeRTOS/Source/timers.c.obj
 .bss.xTimerQueue
                0x20001bb4        0x4 CMakeFiles/toy_car_controller.elf.dir/Middlewares/Third_Party/FreeRTOS/Source/timers.c.obj
 .bss.xTimerTaskHandle
                0x20001bb8        0x4 CMakeFiles/toy_car_controller.elf.dir/Middlewares/Third_Party/FreeRTOS/Source/timers.c.obj
 .bss.__lock___atexit_recursive_mutex
                0x20001bbc        0x1 c:/progra~1/gcc-arm-none-eabi-10.3-2021.10/bin/../lib/gcc/arm-none-eabi/10.3.1/../../../../arm-none-eabi/lib/thumb/v7-m/nofp\libc.a(lib_a-lock.o)
                0x20001bbc                __lock___atexit_recursive_mutex
 *(COMMON)
                0x20001bc0                . = ALIGN (0x4)
 *fill*         0x20001bbd        0x3 
                0x20001bc0                _ebss = .
                0x20001bc0                __bss_end__ = _ebss

._user_heap_stack
                0x20001bc0      0x600 load address 0x08005c20
                0x20001bc0                . = ALIGN (0x8)
                [!provide]                PROVIDE (end = .)
                0x20001bc0                PROVIDE (_end = .)
                0x20001dc0                . = (. + _Min_Heap_Size)
 *fill*         0x20001bc0      0x200 
                0x200021c0                . = (. + _Min_Stack_Size)
 *fill*         0x20001dc0      0x400 
                0x200021c0                . = ALIGN (0x8)

/DISCARD/
 libc.a(*)
 libm.a(*)
 libgcc.a(*)

.ARM.attributes
                0x00000000       0x29
 *(.ARM.attributes)
 .ARM.attributes
                0x00000000       0x1d c:/progra~1/gcc-arm-none-eabi-10.3-2021.10/bin/../lib/gcc/arm-none-eabi/10.3.1/thumb/v7-m/nofp/crti.o
 .ARM.attributes
                0x0000001d       0x2d c:/progra~1/gcc-arm-none-eabi-10.3-2021.10/bin/../lib/gcc/arm-none-eabi/10.3.1/thumb/v7-m/nofp/crtbegin.o
 .ARM.attributes
                0x0000004a       0x2d CMakeFiles/toy_car_controller.elf.dir/Core/Src/adc.c.obj
 .ARM.attributes
                0x00000077       0x2d CMakeFiles/toy_car_controller.elf.dir/Core/Src/freertos.c.obj
 .ARM.attributes
                0x000000a4       0x2d CMakeFiles/toy_car_controller.elf.dir/Core/Src/gpio.c.obj
 .ARM.attributes
                0x000000d1       0x2d CMakeFiles/toy_car_controller.elf.dir/Core/Src/main.c.obj
 .ARM.attributes
                0x000000fe       0x2d CMakeFiles/toy_car_controller.elf.dir/Core/Src/spi.c.obj
 .ARM.attributes
                0x0000012b       0x2d CMakeFiles/toy_car_controller.elf.dir/Core/Src/stm32f1xx_hal_msp.c.obj
 .ARM.attributes
                0x00000158       0x2d CMakeFiles/toy_car_controller.elf.dir/Core/Src/stm32f1xx_hal_timebase_tim.c.obj
 .ARM.attributes
                0x00000185       0x2d CMakeFiles/toy_car_controller.elf.dir/Core/Src/stm32f1xx_it.c.obj
 .ARM.attributes
                0x000001b2       0x2d CMakeFiles/toy_car_controller.elf.dir/Core/Src/system_stm32f1xx.c.obj
 .ARM.attributes
                0x000001df       0x21 CMakeFiles/toy_car_controller.elf.dir/Core/Startup/startup_stm32f103c8tx.s.obj
 .ARM.attributes
                0x00000200       0x2d CMakeFiles/toy_car_controller.elf.dir/Drivers/NRF24L01/Src/nrf24l01p.c.obj
 .ARM.attributes
                0x0000022d       0x2d CMakeFiles/toy_car_controller.elf.dir/Drivers/OLED/Src/oled.c.obj
 .ARM.attributes
                0x0000025a       0x2d CMakeFiles/toy_car_controller.elf.dir/Drivers/STM32F1xx_HAL_Driver/Src/stm32f1xx_hal.c.obj
 .ARM.attributes
                0x00000287       0x2d CMakeFiles/toy_car_controller.elf.dir/Drivers/STM32F1xx_HAL_Driver/Src/stm32f1xx_hal_adc.c.obj
 .ARM.attributes
                0x000002b4       0x2d CMakeFiles/toy_car_controller.elf.dir/Drivers/STM32F1xx_HAL_Driver/Src/stm32f1xx_hal_cortex.c.obj
 .ARM.attributes
                0x000002e1       0x2d CMakeFiles/toy_car_controller.elf.dir/Drivers/STM32F1xx_HAL_Driver/Src/stm32f1xx_hal_gpio.c.obj
 .ARM.attributes
                0x0000030e       0x2d CMakeFiles/toy_car_controller.elf.dir/Drivers/STM32F1xx_HAL_Driver/Src/stm32f1xx_hal_rcc.c.obj
 .ARM.attributes
                0x0000033b       0x2d CMakeFiles/toy_car_controller.elf.dir/Drivers/STM32F1xx_HAL_Driver/Src/stm32f1xx_hal_rcc_ex.c.obj
 .ARM.attributes
                0x00000368       0x2d CMakeFiles/toy_car_controller.elf.dir/Drivers/STM32F1xx_HAL_Driver/Src/stm32f1xx_hal_spi.c.obj
 .ARM.attributes
                0x00000395       0x2d CMakeFiles/toy_car_controller.elf.dir/Drivers/STM32F1xx_HAL_Driver/Src/stm32f1xx_hal_tim.c.obj
 .ARM.attributes
                0x000003c2       0x2d CMakeFiles/toy_car_controller.elf.dir/Drivers/STM32F1xx_HAL_Driver/Src/stm32f1xx_hal_tim_ex.c.obj
 .ARM.attributes
                0x000003ef       0x2d CMakeFiles/toy_car_controller.elf.dir/Middlewares/Third_Party/FreeRTOS/Source/CMSIS_RTOS_V2/cmsis_os2.c.obj
 .ARM.attributes
                0x0000041c       0x2d CMakeFiles/toy_car_controller.elf.dir/Middlewares/Third_Party/FreeRTOS/Source/list.c.obj
 .ARM.attributes
                0x00000449       0x2d CMakeFiles/toy_car_controller.elf.dir/Middlewares/Third_Party/FreeRTOS/Source/portable/GCC/ARM_CM3/port.c.obj
 .ARM.attributes
                0x00000476       0x2d CMakeFiles/toy_car_controller.elf.dir/Middlewares/Third_Party/FreeRTOS/Source/portable/MemMang/heap_4.c.obj
 .ARM.attributes
                0x000004a3       0x2d CMakeFiles/toy_car_controller.elf.dir/Middlewares/Third_Party/FreeRTOS/Source/queue.c.obj
 .ARM.attributes
                0x000004d0       0x2d CMakeFiles/toy_car_controller.elf.dir/Middlewares/Third_Party/FreeRTOS/Source/stream_buffer.c.obj
 .ARM.attributes
                0x000004fd       0x2d CMakeFiles/toy_car_controller.elf.dir/Middlewares/Third_Party/FreeRTOS/Source/tasks.c.obj
 .ARM.attributes
                0x0000052a       0x2d CMakeFiles/toy_car_controller.elf.dir/Middlewares/Third_Party/FreeRTOS/Source/timers.c.obj
 .ARM.attributes
                0x00000557       0x2d c:/progra~1/gcc-arm-none-eabi-10.3-2021.10/bin/../lib/gcc/arm-none-eabi/10.3.1/../../../../arm-none-eabi/lib/thumb/v7-m/nofp\libc.a(lib_a-impure.o)
 .ARM.attributes
                0x00000584       0x2d c:/progra~1/gcc-arm-none-eabi-10.3-2021.10/bin/../lib/gcc/arm-none-eabi/10.3.1/../../../../arm-none-eabi/lib/thumb/v7-m/nofp\libc.a(lib_a-init.o)
 .ARM.attributes
                0x000005b1       0x1b c:/progra~1/gcc-arm-none-eabi-10.3-2021.10/bin/../lib/gcc/arm-none-eabi/10.3.1/../../../../arm-none-eabi/lib/thumb/v7-m/nofp\libc.a(lib_a-memcpy.o)
 .ARM.attributes
                0x000005cc       0x2d c:/progra~1/gcc-arm-none-eabi-10.3-2021.10/bin/../lib/gcc/arm-none-eabi/10.3.1/../../../../arm-none-eabi/lib/thumb/v7-m/nofp\libc.a(lib_a-memset.o)
 .ARM.attributes
                0x000005f9       0x2d c:/progra~1/gcc-arm-none-eabi-10.3-2021.10/bin/../lib/gcc/arm-none-eabi/10.3.1/../../../../arm-none-eabi/lib/thumb/v7-m/nofp\libc.a(lib_a-__call_atexit.o)
 .ARM.attributes
                0x00000626       0x2d c:/progra~1/gcc-arm-none-eabi-10.3-2021.10/bin/../lib/gcc/arm-none-eabi/10.3.1/../../../../arm-none-eabi/lib/thumb/v7-m/nofp\libc.a(lib_a-atexit.o)
 .ARM.attributes
                0x00000653       0x2d c:/progra~1/gcc-arm-none-eabi-10.3-2021.10/bin/../lib/gcc/arm-none-eabi/10.3.1/../../../../arm-none-eabi/lib/thumb/v7-m/nofp\libc.a(lib_a-fini.o)
 .ARM.attributes
                0x00000680       0x2d c:/progra~1/gcc-arm-none-eabi-10.3-2021.10/bin/../lib/gcc/arm-none-eabi/10.3.1/../../../../arm-none-eabi/lib/thumb/v7-m/nofp\libc.a(lib_a-lock.o)
 .ARM.attributes
                0x000006ad       0x2d c:/progra~1/gcc-arm-none-eabi-10.3-2021.10/bin/../lib/gcc/arm-none-eabi/10.3.1/../../../../arm-none-eabi/lib/thumb/v7-m/nofp\libc.a(lib_a-__atexit.o)
 .ARM.attributes
                0x000006da       0x1d c:/progra~1/gcc-arm-none-eabi-10.3-2021.10/bin/../lib/gcc/arm-none-eabi/10.3.1/thumb/v7-m/nofp/crtn.o
OUTPUT(toy_car_controller.elf elf32-littlearm)
LOAD linker stubs
LOAD c:/progra~1/gcc-arm-none-eabi-10.3-2021.10/bin/../lib/gcc/arm-none-eabi/10.3.1/../../../../arm-none-eabi/lib/thumb/v7-m/nofp\libc.a
LOAD c:/progra~1/gcc-arm-none-eabi-10.3-2021.10/bin/../lib/gcc/arm-none-eabi/10.3.1/../../../../arm-none-eabi/lib/thumb/v7-m/nofp\libm.a
LOAD c:/progra~1/gcc-arm-none-eabi-10.3-2021.10/bin/../lib/gcc/arm-none-eabi/10.3.1/thumb/v7-m/nofp\libgcc.a

.debug_info     0x00000000    0x1f9d0
 .debug_info    0x00000000      0x959 CMakeFiles/toy_car_controller.elf.dir/Core/Src/adc.c.obj
 .debug_info    0x00000959      0xc5f CMakeFiles/toy_car_controller.elf.dir/Core/Src/freertos.c.obj
 .debug_info    0x000015b8      0x51d CMakeFiles/toy_car_controller.elf.dir/Core/Src/gpio.c.obj
 .debug_info    0x00001ad5      0xa63 CMakeFiles/toy_car_controller.elf.dir/Core/Src/main.c.obj
 .debug_info    0x00002538      0x874 CMakeFiles/toy_car_controller.elf.dir/Core/Src/spi.c.obj
 .debug_info    0x00002dac      0x387 CMakeFiles/toy_car_controller.elf.dir/Core/Src/stm32f1xx_hal_msp.c.obj
 .debug_info    0x00003133      0xa4e CMakeFiles/toy_car_controller.elf.dir/Core/Src/stm32f1xx_hal_timebase_tim.c.obj
 .debug_info    0x00003b81      0x6fa CMakeFiles/toy_car_controller.elf.dir/Core/Src/stm32f1xx_it.c.obj
 .debug_info    0x0000427b      0x248 CMakeFiles/toy_car_controller.elf.dir/Core/Src/system_stm32f1xx.c.obj
 .debug_info    0x000044c3       0x22 CMakeFiles/toy_car_controller.elf.dir/Core/Startup/startup_stm32f103c8tx.s.obj
 .debug_info    0x000044e5     0x15ee CMakeFiles/toy_car_controller.elf.dir/Drivers/NRF24L01/Src/nrf24l01p.c.obj
 .debug_info    0x00005ad3      0xd47 CMakeFiles/toy_car_controller.elf.dir/Drivers/OLED/Src/oled.c.obj
 .debug_info    0x0000681a      0x7a8 CMakeFiles/toy_car_controller.elf.dir/Drivers/STM32F1xx_HAL_Driver/Src/stm32f1xx_hal.c.obj
 .debug_info    0x00006fc2      0xf3f CMakeFiles/toy_car_controller.elf.dir/Drivers/STM32F1xx_HAL_Driver/Src/stm32f1xx_hal_adc.c.obj
 .debug_info    0x00007f01      0xd8a CMakeFiles/toy_car_controller.elf.dir/Drivers/STM32F1xx_HAL_Driver/Src/stm32f1xx_hal_cortex.c.obj
 .debug_info    0x00008c8b      0x66f CMakeFiles/toy_car_controller.elf.dir/Drivers/STM32F1xx_HAL_Driver/Src/stm32f1xx_hal_gpio.c.obj
 .debug_info    0x000092fa      0xa3b CMakeFiles/toy_car_controller.elf.dir/Drivers/STM32F1xx_HAL_Driver/Src/stm32f1xx_hal_rcc.c.obj
 .debug_info    0x00009d35      0x449 CMakeFiles/toy_car_controller.elf.dir/Drivers/STM32F1xx_HAL_Driver/Src/stm32f1xx_hal_rcc_ex.c.obj
 .debug_info    0x0000a17e     0x1d75 CMakeFiles/toy_car_controller.elf.dir/Drivers/STM32F1xx_HAL_Driver/Src/stm32f1xx_hal_spi.c.obj
 .debug_info    0x0000bef3     0x3d52 CMakeFiles/toy_car_controller.elf.dir/Drivers/STM32F1xx_HAL_Driver/Src/stm32f1xx_hal_tim.c.obj
 .debug_info    0x0000fc45     0x1abb CMakeFiles/toy_car_controller.elf.dir/Drivers/STM32F1xx_HAL_Driver/Src/stm32f1xx_hal_tim_ex.c.obj
 .debug_info    0x00011700     0x4b1f CMakeFiles/toy_car_controller.elf.dir/Middlewares/Third_Party/FreeRTOS/Source/CMSIS_RTOS_V2/cmsis_os2.c.obj
 .debug_info    0x0001621f      0x2da CMakeFiles/toy_car_controller.elf.dir/Middlewares/Third_Party/FreeRTOS/Source/list.c.obj
 .debug_info    0x000164f9      0x52b CMakeFiles/toy_car_controller.elf.dir/Middlewares/Third_Party/FreeRTOS/Source/portable/GCC/ARM_CM3/port.c.obj
 .debug_info    0x00016a24      0x471 CMakeFiles/toy_car_controller.elf.dir/Middlewares/Third_Party/FreeRTOS/Source/portable/MemMang/heap_4.c.obj
 .debug_info    0x00016e95     0x2733 CMakeFiles/toy_car_controller.elf.dir/Middlewares/Third_Party/FreeRTOS/Source/queue.c.obj
 .debug_info    0x000195c8     0x1a85 CMakeFiles/toy_car_controller.elf.dir/Middlewares/Third_Party/FreeRTOS/Source/stream_buffer.c.obj
 .debug_info    0x0001b04d     0x301a CMakeFiles/toy_car_controller.elf.dir/Middlewares/Third_Party/FreeRTOS/Source/tasks.c.obj
 .debug_info    0x0001e067     0x1969 CMakeFiles/toy_car_controller.elf.dir/Middlewares/Third_Party/FreeRTOS/Source/timers.c.obj

.debug_abbrev   0x00000000     0x3e33
 .debug_abbrev  0x00000000      0x1c1 CMakeFiles/toy_car_controller.elf.dir/Core/Src/adc.c.obj
 .debug_abbrev  0x000001c1      0x1e5 CMakeFiles/toy_car_controller.elf.dir/Core/Src/freertos.c.obj
 .debug_abbrev  0x000003a6      0x158 CMakeFiles/toy_car_controller.elf.dir/Core/Src/gpio.c.obj
 .debug_abbrev  0x000004fe      0x204 CMakeFiles/toy_car_controller.elf.dir/Core/Src/main.c.obj
 .debug_abbrev  0x00000702      0x1c1 CMakeFiles/toy_car_controller.elf.dir/Core/Src/spi.c.obj
 .debug_abbrev  0x000008c3      0x12d CMakeFiles/toy_car_controller.elf.dir/Core/Src/stm32f1xx_hal_msp.c.obj
 .debug_abbrev  0x000009f0      0x1ff CMakeFiles/toy_car_controller.elf.dir/Core/Src/stm32f1xx_hal_timebase_tim.c.obj
 .debug_abbrev  0x00000bef      0x1a3 CMakeFiles/toy_car_controller.elf.dir/Core/Src/stm32f1xx_it.c.obj
 .debug_abbrev  0x00000d92      0x13e CMakeFiles/toy_car_controller.elf.dir/Core/Src/system_stm32f1xx.c.obj
 .debug_abbrev  0x00000ed0       0x12 CMakeFiles/toy_car_controller.elf.dir/Core/Startup/startup_stm32f103c8tx.s.obj
 .debug_abbrev  0x00000ee2      0x2c9 CMakeFiles/toy_car_controller.elf.dir/Drivers/NRF24L01/Src/nrf24l01p.c.obj
 .debug_abbrev  0x000011ab      0x1dd CMakeFiles/toy_car_controller.elf.dir/Drivers/OLED/Src/oled.c.obj
 .debug_abbrev  0x00001388      0x1f4 CMakeFiles/toy_car_controller.elf.dir/Drivers/STM32F1xx_HAL_Driver/Src/stm32f1xx_hal.c.obj
 .debug_abbrev  0x0000157c      0x1fc CMakeFiles/toy_car_controller.elf.dir/Drivers/STM32F1xx_HAL_Driver/Src/stm32f1xx_hal_adc.c.obj
 .debug_abbrev  0x00001778      0x341 CMakeFiles/toy_car_controller.elf.dir/Drivers/STM32F1xx_HAL_Driver/Src/stm32f1xx_hal_cortex.c.obj
 .debug_abbrev  0x00001ab9      0x1e6 CMakeFiles/toy_car_controller.elf.dir/Drivers/STM32F1xx_HAL_Driver/Src/stm32f1xx_hal_gpio.c.obj
 .debug_abbrev  0x00001c9f      0x27a CMakeFiles/toy_car_controller.elf.dir/Drivers/STM32F1xx_HAL_Driver/Src/stm32f1xx_hal_rcc.c.obj
 .debug_abbrev  0x00001f19      0x1d2 CMakeFiles/toy_car_controller.elf.dir/Drivers/STM32F1xx_HAL_Driver/Src/stm32f1xx_hal_rcc_ex.c.obj
 .debug_abbrev  0x000020eb      0x23b CMakeFiles/toy_car_controller.elf.dir/Drivers/STM32F1xx_HAL_Driver/Src/stm32f1xx_hal_spi.c.obj
 .debug_abbrev  0x00002326      0x245 CMakeFiles/toy_car_controller.elf.dir/Drivers/STM32F1xx_HAL_Driver/Src/stm32f1xx_hal_tim.c.obj
 .debug_abbrev  0x0000256b      0x248 CMakeFiles/toy_car_controller.elf.dir/Drivers/STM32F1xx_HAL_Driver/Src/stm32f1xx_hal_tim_ex.c.obj
 .debug_abbrev  0x000027b3      0x418 CMakeFiles/toy_car_controller.elf.dir/Middlewares/Third_Party/FreeRTOS/Source/CMSIS_RTOS_V2/cmsis_os2.c.obj
 .debug_abbrev  0x00002bcb      0x106 CMakeFiles/toy_car_controller.elf.dir/Middlewares/Third_Party/FreeRTOS/Source/list.c.obj
 .debug_abbrev  0x00002cd1      0x27e CMakeFiles/toy_car_controller.elf.dir/Middlewares/Third_Party/FreeRTOS/Source/portable/GCC/ARM_CM3/port.c.obj
 .debug_abbrev  0x00002f4f      0x238 CMakeFiles/toy_car_controller.elf.dir/Middlewares/Third_Party/FreeRTOS/Source/portable/MemMang/heap_4.c.obj
 .debug_abbrev  0x00003187      0x38c CMakeFiles/toy_car_controller.elf.dir/Middlewares/Third_Party/FreeRTOS/Source/queue.c.obj
 .debug_abbrev  0x00003513      0x30a CMakeFiles/toy_car_controller.elf.dir/Middlewares/Third_Party/FreeRTOS/Source/stream_buffer.c.obj
 .debug_abbrev  0x0000381d      0x313 CMakeFiles/toy_car_controller.elf.dir/Middlewares/Third_Party/FreeRTOS/Source/tasks.c.obj
 .debug_abbrev  0x00003b30      0x303 CMakeFiles/toy_car_controller.elf.dir/Middlewares/Third_Party/FreeRTOS/Source/timers.c.obj

.debug_loc      0x00000000    0x18116
 .debug_loc     0x00000000       0xbe CMakeFiles/toy_car_controller.elf.dir/Core/Src/adc.c.obj
 .debug_loc     0x000000be       0x94 CMakeFiles/toy_car_controller.elf.dir/Core/Src/freertos.c.obj
 .debug_loc     0x00000152       0x42 CMakeFiles/toy_car_controller.elf.dir/Core/Src/main.c.obj
 .debug_loc     0x00000194       0x84 CMakeFiles/toy_car_controller.elf.dir/Core/Src/spi.c.obj
 .debug_loc     0x00000218       0x15 CMakeFiles/toy_car_controller.elf.dir/Core/Src/stm32f1xx_hal_msp.c.obj
 .debug_loc     0x0000022d      0x10e CMakeFiles/toy_car_controller.elf.dir/Core/Src/stm32f1xx_hal_timebase_tim.c.obj
 .debug_loc     0x0000033b       0xff CMakeFiles/toy_car_controller.elf.dir/Core/Src/system_stm32f1xx.c.obj
 .debug_loc     0x0000043a      0x51f CMakeFiles/toy_car_controller.elf.dir/Drivers/NRF24L01/Src/nrf24l01p.c.obj
 .debug_loc     0x00000959      0x786 CMakeFiles/toy_car_controller.elf.dir/Drivers/OLED/Src/oled.c.obj
 .debug_loc     0x000010df      0x141 CMakeFiles/toy_car_controller.elf.dir/Drivers/STM32F1xx_HAL_Driver/Src/stm32f1xx_hal.c.obj
 .debug_loc     0x00001220      0xb03 CMakeFiles/toy_car_controller.elf.dir/Drivers/STM32F1xx_HAL_Driver/Src/stm32f1xx_hal_adc.c.obj
 .debug_loc     0x00001d23      0x71f CMakeFiles/toy_car_controller.elf.dir/Drivers/STM32F1xx_HAL_Driver/Src/stm32f1xx_hal_cortex.c.obj
 .debug_loc     0x00002442      0x47d CMakeFiles/toy_car_controller.elf.dir/Drivers/STM32F1xx_HAL_Driver/Src/stm32f1xx_hal_gpio.c.obj
 .debug_loc     0x000028bf      0x618 CMakeFiles/toy_car_controller.elf.dir/Drivers/STM32F1xx_HAL_Driver/Src/stm32f1xx_hal_rcc.c.obj
 .debug_loc     0x00002ed7      0x43d CMakeFiles/toy_car_controller.elf.dir/Drivers/STM32F1xx_HAL_Driver/Src/stm32f1xx_hal_rcc_ex.c.obj
 .debug_loc     0x00003314     0x1e2f CMakeFiles/toy_car_controller.elf.dir/Drivers/STM32F1xx_HAL_Driver/Src/stm32f1xx_hal_spi.c.obj
 .debug_loc     0x00005143     0x50fa CMakeFiles/toy_car_controller.elf.dir/Drivers/STM32F1xx_HAL_Driver/Src/stm32f1xx_hal_tim.c.obj
 .debug_loc     0x0000a23d     0x1c93 CMakeFiles/toy_car_controller.elf.dir/Drivers/STM32F1xx_HAL_Driver/Src/stm32f1xx_hal_tim_ex.c.obj
 .debug_loc     0x0000bed0     0x579d CMakeFiles/toy_car_controller.elf.dir/Middlewares/Third_Party/FreeRTOS/Source/CMSIS_RTOS_V2/cmsis_os2.c.obj
 .debug_loc     0x0001166d       0xad CMakeFiles/toy_car_controller.elf.dir/Middlewares/Third_Party/FreeRTOS/Source/list.c.obj
 .debug_loc     0x0001171a       0xe8 CMakeFiles/toy_car_controller.elf.dir/Middlewares/Third_Party/FreeRTOS/Source/portable/GCC/ARM_CM3/port.c.obj
 .debug_loc     0x00011802      0x331 CMakeFiles/toy_car_controller.elf.dir/Middlewares/Third_Party/FreeRTOS/Source/portable/MemMang/heap_4.c.obj
 .debug_loc     0x00011b33     0x19de CMakeFiles/toy_car_controller.elf.dir/Middlewares/Third_Party/FreeRTOS/Source/queue.c.obj
 .debug_loc     0x00013511     0x17bb CMakeFiles/toy_car_controller.elf.dir/Middlewares/Third_Party/FreeRTOS/Source/stream_buffer.c.obj
 .debug_loc     0x00014ccc     0x24bc CMakeFiles/toy_car_controller.elf.dir/Middlewares/Third_Party/FreeRTOS/Source/tasks.c.obj
 .debug_loc     0x00017188      0xf8e CMakeFiles/toy_car_controller.elf.dir/Middlewares/Third_Party/FreeRTOS/Source/timers.c.obj

.debug_aranges  0x00000000     0x1648
 .debug_aranges
                0x00000000       0x38 CMakeFiles/toy_car_controller.elf.dir/Core/Src/adc.c.obj
 .debug_aranges
                0x00000038       0x40 CMakeFiles/toy_car_controller.elf.dir/Core/Src/freertos.c.obj
 .debug_aranges
                0x00000078       0x20 CMakeFiles/toy_car_controller.elf.dir/Core/Src/gpio.c.obj
 .debug_aranges
                0x00000098       0x38 CMakeFiles/toy_car_controller.elf.dir/Core/Src/main.c.obj
 .debug_aranges
                0x000000d0       0x30 CMakeFiles/toy_car_controller.elf.dir/Core/Src/spi.c.obj
 .debug_aranges
                0x00000100       0x20 CMakeFiles/toy_car_controller.elf.dir/Core/Src/stm32f1xx_hal_msp.c.obj
 .debug_aranges
                0x00000120       0x30 CMakeFiles/toy_car_controller.elf.dir/Core/Src/stm32f1xx_hal_timebase_tim.c.obj
 .debug_aranges
                0x00000150       0x58 CMakeFiles/toy_car_controller.elf.dir/Core/Src/stm32f1xx_it.c.obj
 .debug_aranges
                0x000001a8       0x28 CMakeFiles/toy_car_controller.elf.dir/Core/Src/system_stm32f1xx.c.obj
 .debug_aranges
                0x000001d0       0x28 CMakeFiles/toy_car_controller.elf.dir/Core/Startup/startup_stm32f103c8tx.s.obj
 .debug_aranges
                0x000001f8      0x120 CMakeFiles/toy_car_controller.elf.dir/Drivers/NRF24L01/Src/nrf24l01p.c.obj
 .debug_aranges
                0x00000318       0x78 CMakeFiles/toy_car_controller.elf.dir/Drivers/OLED/Src/oled.c.obj
 .debug_aranges
                0x00000390       0xe0 CMakeFiles/toy_car_controller.elf.dir/Drivers/STM32F1xx_HAL_Driver/Src/stm32f1xx_hal.c.obj
 .debug_aranges
                0x00000470       0xf0 CMakeFiles/toy_car_controller.elf.dir/Drivers/STM32F1xx_HAL_Driver/Src/stm32f1xx_hal_adc.c.obj
 .debug_aranges
                0x00000560       0x90 CMakeFiles/toy_car_controller.elf.dir/Drivers/STM32F1xx_HAL_Driver/Src/stm32f1xx_hal_cortex.c.obj
 .debug_aranges
                0x000005f0       0x58 CMakeFiles/toy_car_controller.elf.dir/Drivers/STM32F1xx_HAL_Driver/Src/stm32f1xx_hal_gpio.c.obj
 .debug_aranges
                0x00000648       0x90 CMakeFiles/toy_car_controller.elf.dir/Drivers/STM32F1xx_HAL_Driver/Src/stm32f1xx_hal_rcc.c.obj
 .debug_aranges
                0x000006d8       0x30 CMakeFiles/toy_car_controller.elf.dir/Drivers/STM32F1xx_HAL_Driver/Src/stm32f1xx_hal_rcc_ex.c.obj
 .debug_aranges
                0x00000708      0x1d0 CMakeFiles/toy_car_controller.elf.dir/Drivers/STM32F1xx_HAL_Driver/Src/stm32f1xx_hal_spi.c.obj
 .debug_aranges
                0x000008d8      0x3d0 CMakeFiles/toy_car_controller.elf.dir/Drivers/STM32F1xx_HAL_Driver/Src/stm32f1xx_hal_tim.c.obj
 .debug_aranges
                0x00000ca8      0x168 CMakeFiles/toy_car_controller.elf.dir/Drivers/STM32F1xx_HAL_Driver/Src/stm32f1xx_hal_tim_ex.c.obj
 .debug_aranges
                0x00000e10      0x228 CMakeFiles/toy_car_controller.elf.dir/Middlewares/Third_Party/FreeRTOS/Source/CMSIS_RTOS_V2/cmsis_os2.c.obj
 .debug_aranges
                0x00001038       0x40 CMakeFiles/toy_car_controller.elf.dir/Middlewares/Third_Party/FreeRTOS/Source/list.c.obj
 .debug_aranges
                0x00001078       0x78 CMakeFiles/toy_car_controller.elf.dir/Middlewares/Third_Party/FreeRTOS/Source/portable/GCC/ARM_CM3/port.c.obj
 .debug_aranges
                0x000010f0       0x50 CMakeFiles/toy_car_controller.elf.dir/Middlewares/Third_Party/FreeRTOS/Source/portable/MemMang/heap_4.c.obj
 .debug_aranges
                0x00001140      0x158 CMakeFiles/toy_car_controller.elf.dir/Middlewares/Third_Party/FreeRTOS/Source/queue.c.obj
 .debug_aranges
                0x00001298       0xd8 CMakeFiles/toy_car_controller.elf.dir/Middlewares/Third_Party/FreeRTOS/Source/stream_buffer.c.obj
 .debug_aranges
                0x00001370      0x1f8 CMakeFiles/toy_car_controller.elf.dir/Middlewares/Third_Party/FreeRTOS/Source/tasks.c.obj
 .debug_aranges
                0x00001568       0xe0 CMakeFiles/toy_car_controller.elf.dir/Middlewares/Third_Party/FreeRTOS/Source/timers.c.obj

.debug_ranges   0x00000000     0x1720
 .debug_ranges  0x00000000       0x28 CMakeFiles/toy_car_controller.elf.dir/Core/Src/adc.c.obj
 .debug_ranges  0x00000028       0x30 CMakeFiles/toy_car_controller.elf.dir/Core/Src/freertos.c.obj
 .debug_ranges  0x00000058       0x10 CMakeFiles/toy_car_controller.elf.dir/Core/Src/gpio.c.obj
 .debug_ranges  0x00000068       0x28 CMakeFiles/toy_car_controller.elf.dir/Core/Src/main.c.obj
 .debug_ranges  0x00000090       0x20 CMakeFiles/toy_car_controller.elf.dir/Core/Src/spi.c.obj
 .debug_ranges  0x000000b0       0x10 CMakeFiles/toy_car_controller.elf.dir/Core/Src/stm32f1xx_hal_msp.c.obj
 .debug_ranges  0x000000c0       0x20 CMakeFiles/toy_car_controller.elf.dir/Core/Src/stm32f1xx_hal_timebase_tim.c.obj
 .debug_ranges  0x000000e0       0x48 CMakeFiles/toy_car_controller.elf.dir/Core/Src/stm32f1xx_it.c.obj
 .debug_ranges  0x00000128       0x18 CMakeFiles/toy_car_controller.elf.dir/Core/Src/system_stm32f1xx.c.obj
 .debug_ranges  0x00000140       0x20 CMakeFiles/toy_car_controller.elf.dir/Core/Startup/startup_stm32f103c8tx.s.obj
 .debug_ranges  0x00000160      0x110 CMakeFiles/toy_car_controller.elf.dir/Drivers/NRF24L01/Src/nrf24l01p.c.obj
 .debug_ranges  0x00000270       0x68 CMakeFiles/toy_car_controller.elf.dir/Drivers/OLED/Src/oled.c.obj
 .debug_ranges  0x000002d8       0xd0 CMakeFiles/toy_car_controller.elf.dir/Drivers/STM32F1xx_HAL_Driver/Src/stm32f1xx_hal.c.obj
 .debug_ranges  0x000003a8       0xe0 CMakeFiles/toy_car_controller.elf.dir/Drivers/STM32F1xx_HAL_Driver/Src/stm32f1xx_hal_adc.c.obj
 .debug_ranges  0x00000488       0xe0 CMakeFiles/toy_car_controller.elf.dir/Drivers/STM32F1xx_HAL_Driver/Src/stm32f1xx_hal_cortex.c.obj
 .debug_ranges  0x00000568       0x48 CMakeFiles/toy_car_controller.elf.dir/Drivers/STM32F1xx_HAL_Driver/Src/stm32f1xx_hal_gpio.c.obj
 .debug_ranges  0x000005b0       0xa0 CMakeFiles/toy_car_controller.elf.dir/Drivers/STM32F1xx_HAL_Driver/Src/stm32f1xx_hal_rcc.c.obj
 .debug_ranges  0x00000650       0x38 CMakeFiles/toy_car_controller.elf.dir/Drivers/STM32F1xx_HAL_Driver/Src/stm32f1xx_hal_rcc_ex.c.obj
 .debug_ranges  0x00000688      0x1c0 CMakeFiles/toy_car_controller.elf.dir/Drivers/STM32F1xx_HAL_Driver/Src/stm32f1xx_hal_spi.c.obj
 .debug_ranges  0x00000848      0x3c0 CMakeFiles/toy_car_controller.elf.dir/Drivers/STM32F1xx_HAL_Driver/Src/stm32f1xx_hal_tim.c.obj
 .debug_ranges  0x00000c08      0x158 CMakeFiles/toy_car_controller.elf.dir/Drivers/STM32F1xx_HAL_Driver/Src/stm32f1xx_hal_tim_ex.c.obj
 .debug_ranges  0x00000d60      0x218 CMakeFiles/toy_car_controller.elf.dir/Middlewares/Third_Party/FreeRTOS/Source/CMSIS_RTOS_V2/cmsis_os2.c.obj
 .debug_ranges  0x00000f78       0x30 CMakeFiles/toy_car_controller.elf.dir/Middlewares/Third_Party/FreeRTOS/Source/list.c.obj
 .debug_ranges  0x00000fa8       0x68 CMakeFiles/toy_car_controller.elf.dir/Middlewares/Third_Party/FreeRTOS/Source/portable/GCC/ARM_CM3/port.c.obj
 .debug_ranges  0x00001010       0x40 CMakeFiles/toy_car_controller.elf.dir/Middlewares/Third_Party/FreeRTOS/Source/portable/MemMang/heap_4.c.obj
 .debug_ranges  0x00001050      0x218 CMakeFiles/toy_car_controller.elf.dir/Middlewares/Third_Party/FreeRTOS/Source/queue.c.obj
 .debug_ranges  0x00001268       0xc8 CMakeFiles/toy_car_controller.elf.dir/Middlewares/Third_Party/FreeRTOS/Source/stream_buffer.c.obj
 .debug_ranges  0x00001330      0x320 CMakeFiles/toy_car_controller.elf.dir/Middlewares/Third_Party/FreeRTOS/Source/tasks.c.obj
 .debug_ranges  0x00001650       0xd0 CMakeFiles/toy_car_controller.elf.dir/Middlewares/Third_Party/FreeRTOS/Source/timers.c.obj

.debug_line     0x00000000    0x1a27f
 .debug_line    0x00000000      0x483 CMakeFiles/toy_car_controller.elf.dir/Core/Src/adc.c.obj
 .debug_line    0x00000483      0x663 CMakeFiles/toy_car_controller.elf.dir/Core/Src/freertos.c.obj
 .debug_line    0x00000ae6      0x2af CMakeFiles/toy_car_controller.elf.dir/Core/Src/gpio.c.obj
 .debug_line    0x00000d95      0x5b9 CMakeFiles/toy_car_controller.elf.dir/Core/Src/main.c.obj
 .debug_line    0x0000134e      0x3c6 CMakeFiles/toy_car_controller.elf.dir/Core/Src/spi.c.obj
 .debug_line    0x00001714      0x238 CMakeFiles/toy_car_controller.elf.dir/Core/Src/stm32f1xx_hal_msp.c.obj